 opensearch Pulling 
 redis Pulling 
 postgresql Pulling 
 b0a0cf830b12 Pulling fs layer 
 dda3d8fbd5ed Pulling fs layer 
 283a477db7bb Pulling fs layer 
 91d2729fa4d5 Pulling fs layer 
 9739ced65621 Pulling fs layer 
 ae3bb1b347a4 Pulling fs layer 
 f8406d9c00ea Pulling fs layer 
 c199bff16b05 Pulling fs layer 
 e0d55fdb4d15 Pulling fs layer 
 c1cb13b19080 Pulling fs layer 
 873532e5f8c7 Pulling fs layer 
 050d9f8c3b1c Pulling fs layer 
 710e142705f8 Pulling fs layer 
 cb628c265f09 Pulling fs layer 
 9739ced65621 Waiting 
 ae3bb1b347a4 Waiting 
 f8406d9c00ea Waiting 
 c199bff16b05 Waiting 
 e0d55fdb4d15 Waiting 
 050d9f8c3b1c Waiting 
 710e142705f8 Waiting 
 c1cb13b19080 Waiting 
 cb628c265f09 Waiting 
 873532e5f8c7 Waiting 
 91d2729fa4d5 Waiting 
 84a2afebaf4d Pulling fs layer 
 68bef8a2321a Pulling fs layer 
 dc35057c3d27 Pulling fs layer 
 762d5b1c0ef7 Pulling fs layer 
 1196a886e941 Pulling fs layer 
 96afa962f1ac Pulling fs layer 
 4f4fb700ef54 Pulling fs layer 
 6475cc3afbe1 Pulling fs layer 
 84a2afebaf4d Waiting 
 96afa962f1ac Waiting 
 68bef8a2321a Waiting 
 4f4fb700ef54 Waiting 
 dc35057c3d27 Waiting 
 762d5b1c0ef7 Waiting 
 6475cc3afbe1 Waiting 
 f9dd052e142d Pulling fs layer 
 e8c6d4883897 Pulling fs layer 
 648eb81b3252 Pulling fs layer 
 eb77aa907276 Pulling fs layer 
 4f4fb700ef54 Pulling fs layer 
 0ffa8f8aba1e Pulling fs layer 
 2e81b9cb93cd Pulling fs layer 
 f9dd052e142d Waiting 
 e8c6d4883897 Waiting 
 648eb81b3252 Waiting 
 eb77aa907276 Waiting 
 4f4fb700ef54 Waiting 
 0ffa8f8aba1e Waiting 
 2e81b9cb93cd Waiting 
 b0a0cf830b12 Downloading [>                                                  ]  298.8kB/29.15MB
 dda3d8fbd5ed Downloading [==============================>                    ]     720B/1.165kB
 dda3d8fbd5ed Downloading [==================================================>]  1.165kB/1.165kB
 dda3d8fbd5ed Verifying Checksum 
 dda3d8fbd5ed Download complete 
 283a477db7bb Downloading [>                                                  ]  46.52kB/4.533MB
 283a477db7bb Verifying Checksum 
 283a477db7bb Download complete 
 b0a0cf830b12 Verifying Checksum 
 b0a0cf830b12 Download complete 
 91d2729fa4d5 Downloading [>                                                  ]  14.82kB/1.45MB
 91d2729fa4d5 Verifying Checksum 
 91d2729fa4d5 Download complete 
 b0a0cf830b12 Extracting [>                                                  ]  294.9kB/29.15MB
 9739ced65621 Downloading [>                                                  ]  84.11kB/8.069MB
 9739ced65621 Verifying Checksum 
 9739ced65621 Download complete 
 ae3bb1b347a4 Downloading [>                                                  ]     13kB/1.196MB
 ae3bb1b347a4 Verifying Checksum 
 ae3bb1b347a4 Download complete 
 f8406d9c00ea Downloading [==================================================>]     116B/116B
 f8406d9c00ea Verifying Checksum 
 f8406d9c00ea Download complete 
 b0a0cf830b12 Extracting [=========>                                         ]  5.308MB/29.15MB
 c199bff16b05 Downloading [===========>                                       ]     720B/3.145kB
 c199bff16b05 Downloading [==================================================>]  3.145kB/3.145kB
 c199bff16b05 Verifying Checksum 
 c199bff16b05 Download complete 
 e0d55fdb4d15 Downloading [>                                                  ]  535.7kB/109MB
 c1cb13b19080 Downloading [===>                                               ]     687B/9.925kB
 c1cb13b19080 Downloading [==================================================>]  9.925kB/9.925kB
 c1cb13b19080 Verifying Checksum 
 c1cb13b19080 Download complete 
 b0a0cf830b12 Extracting [================>                                  ]  9.732MB/29.15MB
 873532e5f8c7 Downloading [==================================================>]     128B/128B
 873532e5f8c7 Verifying Checksum 
 873532e5f8c7 Download complete 
 e0d55fdb4d15 Downloading [============>                                      ]  26.17MB/109MB
 050d9f8c3b1c Downloading [==================================================>]     169B/169B
 050d9f8c3b1c Verifying Checksum 
 050d9f8c3b1c Download complete 
 b0a0cf830b12 Extracting [=====================>                             ]  12.39MB/29.15MB
 710e142705f8 Downloading [======>                                            ]     719B/5.421kB
 710e142705f8 Downloading [==================================================>]  5.421kB/5.421kB
 710e142705f8 Verifying Checksum 
 710e142705f8 Download complete 
 e0d55fdb4d15 Downloading [======================>                            ]  49.71MB/109MB
 cb628c265f09 Downloading [==================================================>]     184B/184B
 cb628c265f09 Verifying Checksum 
 cb628c265f09 Download complete 
 b0a0cf830b12 Extracting [==================================>                ]  20.05MB/29.15MB
 84a2afebaf4d Downloading [>                                                  ]  286.7kB/28.24MB
 e0d55fdb4d15 Downloading [================================>                  ]  70.03MB/109MB
 68bef8a2321a Downloading [================================>                  ]     720B/1.102kB
 68bef8a2321a Downloading [==================================================>]  1.102kB/1.102kB
 68bef8a2321a Verifying Checksum 
 68bef8a2321a Download complete 
 b0a0cf830b12 Extracting [=========================================>         ]  24.18MB/29.15MB
 84a2afebaf4d Downloading [=================================================> ]  27.84MB/28.24MB
 84a2afebaf4d Verifying Checksum 
 84a2afebaf4d Download complete 
 e0d55fdb4d15 Downloading [============================================>      ]  97.33MB/109MB
 84a2afebaf4d Extracting [>                                                  ]  294.9kB/28.24MB
 e0d55fdb4d15 Verifying Checksum 
 e0d55fdb4d15 Download complete 
 dc35057c3d27 Downloading [=========================================>         ]     721B/875B
 dc35057c3d27 Downloading [==================================================>]     875B/875B
 dc35057c3d27 Verifying Checksum 
 dc35057c3d27 Download complete 
 762d5b1c0ef7 Downloading [>                                                  ]  14.89kB/1.438MB
 762d5b1c0ef7 Download complete 
 84a2afebaf4d Extracting [========>                                          ]  5.014MB/28.24MB
 1196a886e941 Downloading [>                                                  ]  155.6kB/15.35MB
 b0a0cf830b12 Extracting [==========================================>        ]  24.77MB/29.15MB
 96afa962f1ac Downloading [==================================================>]      96B/96B
 96afa962f1ac Download complete 
 4f4fb700ef54 Downloading [==================================================>]      32B/32B
 4f4fb700ef54 Verifying Checksum 
 4f4fb700ef54 Download complete 
 1196a886e941 Verifying Checksum 
 1196a886e941 Download complete 
 84a2afebaf4d Extracting [===============>                                   ]  8.847MB/28.24MB
 6475cc3afbe1 Downloading [==================================================>]     573B/573B
 6475cc3afbe1 Verifying Checksum 
 6475cc3afbe1 Download complete 
 e8c6d4883897 Downloading [>                                                  ]   44.3kB/4.398MB
 f9dd052e142d Downloading [>                                                  ]  531.8kB/52.33MB
 b0a0cf830b12 Extracting [===============================================>   ]  27.72MB/29.15MB
 e8c6d4883897 Verifying Checksum 
 e8c6d4883897 Download complete 
 84a2afebaf4d Extracting [==================>                                ]  10.62MB/28.24MB
 648eb81b3252 Downloading [=======================>                           ]     720B/1.561kB
 648eb81b3252 Downloading [==================================================>]  1.561kB/1.561kB
 648eb81b3252 Verifying Checksum 
 648eb81b3252 Download complete 
 f9dd052e142d Downloading [==========================>                        ]  27.38MB/52.33MB
 84a2afebaf4d Extracting [==========================>                        ]  15.04MB/28.24MB
 eb77aa907276 Downloading [>                                                  ]  528.2kB/907.7MB
 4f4fb700ef54 Downloading [==================================================>]      32B/32B
 4f4fb700ef54 Verifying Checksum 
 4f4fb700ef54 Download complete 
 f9dd052e142d Downloading [==============================================>    ]  48.96MB/52.33MB
 f9dd052e142d Verifying Checksum 
 f9dd052e142d Download complete 
 eb77aa907276 Downloading [=>                                                 ]  28.41MB/907.7MB
 84a2afebaf4d Extracting [================================>                  ]  18.58MB/28.24MB
 f9dd052e142d Extracting [>                                                  ]  524.3kB/52.33MB
 0ffa8f8aba1e Downloading [==================================================>]     226B/226B
 0ffa8f8aba1e Verifying Checksum 
 0ffa8f8aba1e Download complete 
 2e81b9cb93cd Downloading [===================>                               ]     707B/1.859kB
 2e81b9cb93cd Downloading [==================================================>]  1.859kB/1.859kB
 2e81b9cb93cd Verifying Checksum 
 2e81b9cb93cd Download complete 
 eb77aa907276 Downloading [==>                                                ]  50.37MB/907.7MB
 84a2afebaf4d Extracting [=======================================>           ]  22.41MB/28.24MB
 f9dd052e142d Extracting [=>                                                 ]  1.049MB/52.33MB
 eb77aa907276 Downloading [====>                                              ]  80.98MB/907.7MB
 b0a0cf830b12 Extracting [================================================>  ]  28.31MB/29.15MB
 f9dd052e142d Extracting [====>                                              ]  4.194MB/52.33MB
 eb77aa907276 Downloading [======>                                            ]  109.3MB/907.7MB
 84a2afebaf4d Extracting [==========================================>        ]  23.89MB/28.24MB
 f9dd052e142d Extracting [====>                                              ]  4.719MB/52.33MB
 b0a0cf830b12 Extracting [==================================================>]  29.15MB/29.15MB
 eb77aa907276 Downloading [=======>                                           ]  136.6MB/907.7MB
 84a2afebaf4d Extracting [==============================================>    ]  26.54MB/28.24MB
 b0a0cf830b12 Pull complete 
 dda3d8fbd5ed Extracting [==================================================>]  1.165kB/1.165kB
 dda3d8fbd5ed Extracting [==================================================>]  1.165kB/1.165kB
 f9dd052e142d Extracting [=====>                                             ]  5.243MB/52.33MB
 eb77aa907276 Downloading [========>                                          ]  162.8MB/907.7MB
 f9dd052e142d Extracting [========>                                          ]  8.389MB/52.33MB
 eb77aa907276 Downloading [==========>                                        ]  190.7MB/907.7MB
 84a2afebaf4d Extracting [================================================>  ]  27.13MB/28.24MB
 f9dd052e142d Extracting [=============>                                     ]  14.16MB/52.33MB
 eb77aa907276 Downloading [===========>                                       ]  212.7MB/907.7MB
 eb77aa907276 Downloading [=============>                                     ]  236.3MB/907.7MB
 f9dd052e142d Extracting [===================>                               ]  19.92MB/52.33MB
 eb77aa907276 Downloading [=============>                                     ]  251.3MB/907.7MB
 eb77aa907276 Downloading [=============>                                     ]  251.8MB/907.7MB
 f9dd052e142d Extracting [=========================>                         ]  26.21MB/52.33MB
 84a2afebaf4d Extracting [================================================>  ]  27.43MB/28.24MB
 eb77aa907276 Downloading [===============>                                   ]  279.8MB/907.7MB
 f9dd052e142d Extracting [==========================>                        ]  27.79MB/52.33MB
 eb77aa907276 Downloading [================>                                  ]  308.3MB/907.7MB
 84a2afebaf4d Extracting [==================================================>]  28.24MB/28.24MB
 eb77aa907276 Downloading [==================>                                ]  336.7MB/907.7MB
 f9dd052e142d Extracting [============================>                      ]  29.36MB/52.33MB
 eb77aa907276 Downloading [====================>                              ]  365.1MB/907.7MB
 eb77aa907276 Downloading [=====================>                             ]  395.2MB/907.7MB
 f9dd052e142d Extracting [=============================>                     ]  30.41MB/52.33MB
 eb77aa907276 Downloading [======================>                            ]    407MB/907.7MB
 f9dd052e142d Extracting [=============================>                     ]  30.93MB/52.33MB
 84a2afebaf4d Pull complete 
 68bef8a2321a Extracting [==================================================>]  1.102kB/1.102kB
 68bef8a2321a Extracting [==================================================>]  1.102kB/1.102kB
 eb77aa907276 Downloading [========================>                          ]  437.1MB/907.7MB
 f9dd052e142d Extracting [===============================>                   ]  33.03MB/52.33MB
 eb77aa907276 Downloading [=========================>                         ]    465MB/907.7MB
 f9dd052e142d Extracting [=================================>                 ]   34.6MB/52.33MB
 eb77aa907276 Downloading [===========================>                       ]    495MB/907.7MB
 f9dd052e142d Extracting [===================================>               ]   36.7MB/52.33MB
 eb77aa907276 Downloading [============================>                      ]  523.4MB/907.7MB
 f9dd052e142d Extracting [====================================>              ]  38.27MB/52.33MB
 eb77aa907276 Downloading [==============================>                    ]    553MB/907.7MB
 eb77aa907276 Downloading [================================>                  ]    584MB/907.7MB
 f9dd052e142d Extracting [======================================>            ]  40.37MB/52.33MB
 eb77aa907276 Downloading [=================================>                 ]  613.4MB/907.7MB
 f9dd052e142d Extracting [=========================================>         ]  42.99MB/52.33MB
 eb77aa907276 Downloading [===================================>               ]  644.1MB/907.7MB
 f9dd052e142d Extracting [===========================================>       ]  45.61MB/52.33MB
 eb77aa907276 Downloading [=====================================>             ]  674.2MB/907.7MB
 f9dd052e142d Extracting [=============================================>     ]  47.71MB/52.33MB
 eb77aa907276 Downloading [======================================>            ]  705.7MB/907.7MB
 eb77aa907276 Downloading [========================================>          ]  736.9MB/907.7MB
 eb77aa907276 Downloading [==========================================>        ]  764.8MB/907.7MB
 eb77aa907276 Downloading [===========================================>       ]    790MB/907.7MB
 f9dd052e142d Extracting [=================================================> ]  51.38MB/52.33MB
 eb77aa907276 Downloading [=============================================>     ]  818.4MB/907.7MB
 f9dd052e142d Extracting [=================================================> ]   51.9MB/52.33MB
 f9dd052e142d Extracting [==================================================>]  52.33MB/52.33MB
 eb77aa907276 Downloading [==============================================>    ]  847.3MB/907.7MB
 f9dd052e142d Pull complete 
 e8c6d4883897 Extracting [>                                                  ]  65.54kB/4.398MB
 dda3d8fbd5ed Pull complete 
 eb77aa907276 Downloading [===============================================>   ]  863.9MB/907.7MB
 283a477db7bb Extracting [>                                                  ]  65.54kB/4.533MB
 e8c6d4883897 Extracting [========>                                          ]  720.9kB/4.398MB
 eb77aa907276 Downloading [================================================>  ]  878.9MB/907.7MB
 283a477db7bb Extracting [===============>                                   ]  1.442MB/4.533MB
 e8c6d4883897 Extracting [===================>                               ]  1.704MB/4.398MB
 eb77aa907276 Downloading [=================================================> ]  891.7MB/907.7MB
 283a477db7bb Extracting [=================================>                 ]   3.08MB/4.533MB
 eb77aa907276 Downloading [=================================================> ]  907.2MB/907.7MB
 eb77aa907276 Verifying Checksum 
 eb77aa907276 Download complete 
 e8c6d4883897 Extracting [=====================>                             ]  1.901MB/4.398MB
 283a477db7bb Extracting [=================================================> ]  4.522MB/4.533MB
 283a477db7bb Extracting [==================================================>]  4.533MB/4.533MB
 e8c6d4883897 Extracting [======================>                            ]  1.966MB/4.398MB
 e8c6d4883897 Extracting [=======================>                           ]  2.097MB/4.398MB
 e8c6d4883897 Extracting [========================>                          ]  2.163MB/4.398MB
 e8c6d4883897 Extracting [=========================>                         ]  2.228MB/4.398MB
 e8c6d4883897 Extracting [==========================>                        ]  2.294MB/4.398MB
 68bef8a2321a Pull complete 
 283a477db7bb Pull complete 
 dc35057c3d27 Extracting [==================================================>]     875B/875B
 dc35057c3d27 Extracting [==================================================>]     875B/875B
 91d2729fa4d5 Extracting [=>                                                 ]  32.77kB/1.45MB
 e8c6d4883897 Extracting [==============================>                    ]  2.687MB/4.398MB
 dc35057c3d27 Pull complete 
 762d5b1c0ef7 Extracting [=>                                                 ]  32.77kB/1.438MB
 91d2729fa4d5 Extracting [==================================================>]   1.45MB/1.45MB
 762d5b1c0ef7 Extracting [==================================================>]  1.438MB/1.438MB
 762d5b1c0ef7 Extracting [==================================================>]  1.438MB/1.438MB
 91d2729fa4d5 Pull complete 
 9739ced65621 Extracting [>                                                  ]   98.3kB/8.069MB
 762d5b1c0ef7 Pull complete 
 1196a886e941 Extracting [>                                                  ]  163.8kB/15.35MB
 e8c6d4883897 Extracting [=====================================>             ]  3.342MB/4.398MB
 9739ced65621 Extracting [==================>                                ]  2.949MB/8.069MB
 1196a886e941 Extracting [===================>                               ]  5.898MB/15.35MB
 e8c6d4883897 Extracting [==================================================>]  4.398MB/4.398MB
 e8c6d4883897 Pull complete 
 648eb81b3252 Extracting [==================================================>]  1.561kB/1.561kB
 648eb81b3252 Extracting [==================================================>]  1.561kB/1.561kB
 9739ced65621 Extracting [===========================>                       ]  4.424MB/8.069MB
 648eb81b3252 Pull complete 
 1196a886e941 Extracting [=======================================>           ]  12.12MB/15.35MB
 eb77aa907276 Extracting [>                                                  ]  557.1kB/907.7MB
 1196a886e941 Extracting [==================================================>]  15.35MB/15.35MB
 9739ced65621 Extracting [===================================>               ]    5.8MB/8.069MB
 1196a886e941 Pull complete 
 96afa962f1ac Extracting [==================================================>]      96B/96B
 96afa962f1ac Extracting [==================================================>]      96B/96B
 96afa962f1ac Pull complete 
 4f4fb700ef54 Extracting [==================================================>]      32B/32B
 4f4fb700ef54 Extracting [==================================================>]      32B/32B
 4f4fb700ef54 Pull complete 
 6475cc3afbe1 Extracting [==================================================>]     573B/573B
 6475cc3afbe1 Extracting [==================================================>]     573B/573B
 6475cc3afbe1 Pull complete 
 eb77aa907276 Extracting [>                                                  ]   15.6MB/907.7MB
 redis Pulled 
 9739ced65621 Extracting [==========================================>        ]  6.881MB/8.069MB
 9739ced65621 Extracting [==================================================>]  8.069MB/8.069MB
 eb77aa907276 Extracting [=>                                                 ]  33.42MB/907.7MB
 9739ced65621 Pull complete 
 ae3bb1b347a4 Extracting [=>                                                 ]  32.77kB/1.196MB
 ae3bb1b347a4 Extracting [==================================================>]  1.196MB/1.196MB
 ae3bb1b347a4 Extracting [==================================================>]  1.196MB/1.196MB
 eb77aa907276 Extracting [==>                                                ]  51.25MB/907.7MB
 ae3bb1b347a4 Pull complete 
 f8406d9c00ea Extracting [==================================================>]     116B/116B
 f8406d9c00ea Extracting [==================================================>]     116B/116B
 f8406d9c00ea Pull complete 
 c199bff16b05 Extracting [==================================================>]  3.145kB/3.145kB
 c199bff16b05 Extracting [==================================================>]  3.145kB/3.145kB
 c199bff16b05 Pull complete 
 eb77aa907276 Extracting [===>                                               ]  69.07MB/907.7MB
 e0d55fdb4d15 Extracting [>                                                  ]  557.1kB/109MB
 eb77aa907276 Extracting [====>                                              ]  81.89MB/907.7MB
 e0d55fdb4d15 Extracting [===>                                               ]  6.685MB/109MB
 eb77aa907276 Extracting [=====>                                             ]  92.47MB/907.7MB
 e0d55fdb4d15 Extracting [====>                                              ]  8.913MB/109MB
 eb77aa907276 Extracting [=====>                                             ]  99.16MB/907.7MB
 e0d55fdb4d15 Extracting [=====>                                             ]  12.81MB/109MB
 eb77aa907276 Extracting [=====>                                             ]  105.8MB/907.7MB
 e0d55fdb4d15 Extracting [=======>                                           ]  16.71MB/109MB
 eb77aa907276 Extracting [======>                                            ]  113.6MB/907.7MB
 e0d55fdb4d15 Extracting [=========>                                         ]  20.05MB/109MB
 eb77aa907276 Extracting [======>                                            ]  120.9MB/907.7MB
 e0d55fdb4d15 Extracting [==========>                                        ]  23.95MB/109MB
 eb77aa907276 Extracting [=======>                                           ]  127.6MB/907.7MB
 e0d55fdb4d15 Extracting [=============>                                     ]  29.52MB/109MB
 eb77aa907276 Extracting [=======>                                           ]  134.3MB/907.7MB
 e0d55fdb4d15 Extracting [================>                                  ]  36.77MB/109MB
 eb77aa907276 Extracting [=======>                                           ]  139.8MB/907.7MB
 e0d55fdb4d15 Extracting [====================>                              ]  44.56MB/109MB
 eb77aa907276 Extracting [========>                                          ]  145.4MB/907.7MB
 e0d55fdb4d15 Extracting [=======================>                           ]  51.25MB/109MB
 eb77aa907276 Extracting [========>                                          ]  151.5MB/907.7MB
 e0d55fdb4d15 Extracting [=========================>                         ]  54.59MB/109MB
 eb77aa907276 Extracting [========>                                          ]  158.8MB/907.7MB
 e0d55fdb4d15 Extracting [===========================>                       ]  59.05MB/109MB
 eb77aa907276 Extracting [=========>                                         ]  172.7MB/907.7MB
 e0d55fdb4d15 Extracting [==============================>                    ]  65.73MB/109MB
 eb77aa907276 Extracting [==========>                                        ]  188.3MB/907.7MB
 e0d55fdb4d15 Extracting [=================================>                 ]  73.53MB/109MB
 eb77aa907276 Extracting [===========>                                       ]  203.3MB/907.7MB
 e0d55fdb4d15 Extracting [====================================>              ]  80.22MB/109MB
 eb77aa907276 Extracting [===========>                                       ]  213.4MB/907.7MB
 e0d55fdb4d15 Extracting [========================================>          ]  87.46MB/109MB
 eb77aa907276 Extracting [============>                                      ]  224.5MB/907.7MB
 e0d55fdb4d15 Extracting [==========================================>        ]  92.47MB/109MB
 eb77aa907276 Extracting [============>                                      ]  233.4MB/907.7MB
 e0d55fdb4d15 Extracting [===========================================>       ]   94.7MB/109MB
 eb77aa907276 Extracting [=============>                                     ]  241.2MB/907.7MB
 e0d55fdb4d15 Extracting [============================================>      ]  96.93MB/109MB
 eb77aa907276 Extracting [=============>                                     ]  253.5MB/907.7MB
 e0d55fdb4d15 Extracting [=============================================>     ]  99.16MB/109MB
 eb77aa907276 Extracting [==============>                                    ]  268.5MB/907.7MB
 e0d55fdb4d15 Extracting [==============================================>    ]  101.9MB/109MB
 eb77aa907276 Extracting [===============>                                   ]  285.2MB/907.7MB
 e0d55fdb4d15 Extracting [===============================================>   ]  103.6MB/109MB
 eb77aa907276 Extracting [================>                                  ]  305.3MB/907.7MB
 eb77aa907276 Extracting [=================>                                 ]  320.9MB/907.7MB
 e0d55fdb4d15 Extracting [================================================>  ]  105.3MB/109MB
 eb77aa907276 Extracting [==================>                                ]  338.1MB/907.7MB
 e0d55fdb4d15 Extracting [=================================================> ]    107MB/109MB
 eb77aa907276 Extracting [===================>                               ]  354.8MB/907.7MB
 eb77aa907276 Extracting [====================>                              ]  363.2MB/907.7MB
 eb77aa907276 Extracting [====================>                              ]  369.3MB/907.7MB
 e0d55fdb4d15 Extracting [=================================================> ]  107.5MB/109MB
 eb77aa907276 Extracting [====================>                              ]  377.1MB/907.7MB
 e0d55fdb4d15 Extracting [=================================================> ]  108.6MB/109MB
 e0d55fdb4d15 Extracting [==================================================>]    109MB/109MB
 eb77aa907276 Extracting [=====================>                             ]  394.4MB/907.7MB
 eb77aa907276 Extracting [======================>                            ]  411.1MB/907.7MB
 eb77aa907276 Extracting [=======================>                           ]  435.6MB/907.7MB
 eb77aa907276 Extracting [=========================>                         ]  462.4MB/907.7MB
 eb77aa907276 Extracting [==========================>                        ]  486.3MB/907.7MB
 eb77aa907276 Extracting [============================>                      ]  512.5MB/907.7MB
 eb77aa907276 Extracting [=============================>                     ]    537MB/907.7MB
 eb77aa907276 Extracting [==============================>                    ]  562.6MB/907.7MB
 eb77aa907276 Extracting [================================>                  ]  586.6MB/907.7MB
 eb77aa907276 Extracting [=================================>                 ]  611.6MB/907.7MB
 eb77aa907276 Extracting [===================================>               ]  636.2MB/907.7MB
 eb77aa907276 Extracting [====================================>              ]  661.8MB/907.7MB
 eb77aa907276 Extracting [=====================================>             ]  687.4MB/907.7MB
 eb77aa907276 Extracting [=======================================>           ]  711.9MB/907.7MB
 eb77aa907276 Extracting [========================================>          ]  735.3MB/907.7MB
 eb77aa907276 Extracting [=========================================>         ]  754.3MB/907.7MB
 eb77aa907276 Extracting [==========================================>        ]  774.3MB/907.7MB
 eb77aa907276 Extracting [===========================================>       ]  793.2MB/907.7MB
 eb77aa907276 Extracting [============================================>      ]  812.7MB/907.7MB
 eb77aa907276 Extracting [=============================================>     ]  831.7MB/907.7MB
 eb77aa907276 Extracting [==============================================>    ]  851.7MB/907.7MB
 eb77aa907276 Extracting [===============================================>   ]  870.7MB/907.7MB
 eb77aa907276 Extracting [=================================================> ]  892.4MB/907.7MB
 eb77aa907276 Extracting [==================================================>]  907.7MB/907.7MB
 e0d55fdb4d15 Pull complete 
 c1cb13b19080 Extracting [==================================================>]  9.925kB/9.925kB
 c1cb13b19080 Extracting [==================================================>]  9.925kB/9.925kB
 eb77aa907276 Pull complete 
 4f4fb700ef54 Extracting [==================================================>]      32B/32B
 4f4fb700ef54 Extracting [==================================================>]      32B/32B
 4f4fb700ef54 Pull complete 
 0ffa8f8aba1e Extracting [==================================================>]     226B/226B
 0ffa8f8aba1e Extracting [==================================================>]     226B/226B
 c1cb13b19080 Pull complete 
 873532e5f8c7 Extracting [==================================================>]     128B/128B
 873532e5f8c7 Extracting [==================================================>]     128B/128B
 0ffa8f8aba1e Pull complete 
 2e81b9cb93cd Extracting [==================================================>]  1.859kB/1.859kB
 2e81b9cb93cd Extracting [==================================================>]  1.859kB/1.859kB
 873532e5f8c7 Pull complete 
 050d9f8c3b1c Extracting [==================================================>]     169B/169B
 050d9f8c3b1c Extracting [==================================================>]     169B/169B
 2e81b9cb93cd Pull complete 
 050d9f8c3b1c Pull complete 
 710e142705f8 Extracting [==================================================>]  5.421kB/5.421kB
 710e142705f8 Extracting [==================================================>]  5.421kB/5.421kB
 opensearch Pulled 
 710e142705f8 Pull complete 
 cb628c265f09 Extracting [==================================================>]     184B/184B
 cb628c265f09 Extracting [==================================================>]     184B/184B
 cb628c265f09 Pull complete 
 postgresql Pulled 
 Network docker_services_cli_default  Creating
 Network docker_services_cli_default  Created
 Container docker_services_cli-redis-1  Creating
 Container docker_services_cli-opensearch-1  Creating
 Container docker_services_cli-postgresql-1  Creating
 Container docker_services_cli-redis-1  Created
 Container docker_services_cli-opensearch-1  Created
 Container docker_services_cli-postgresql-1  Created
 Container docker_services_cli-redis-1  Starting
 Container docker_services_cli-postgresql-1  Starting
 Container docker_services_cli-opensearch-1  Starting
 Container docker_services_cli-postgresql-1  Started
 Container docker_services_cli-redis-1  Started
 Container docker_services_cli-opensearch-1  Started
::warning file=/home/runner/work/invenio-testrig/invenio-testrig/workdir/tests/invenio-pages/patched/.venv/lib/python3.14/site-packages/edtf/parser/grammar.py,line=9::'enablePackrat' deprecated - use 'enable_packrat'
::warning file=/home/runner/work/invenio-testrig/invenio-testrig/workdir/tests/invenio-pages/patched/.venv/lib/python3.14/site-packages/edtf/parser/grammar.py,line=52::'oneOf' deprecated - use 'one_of'
::warning file=/home/runner/work/invenio-testrig/invenio-testrig/workdir/tests/invenio-pages/patched/.venv/lib/python3.14/site-packages/edtf/parser/grammar.py,line=53::'oneOf' deprecated - use 'one_of'
::warning file=/home/runner/work/invenio-testrig/invenio-testrig/workdir/tests/invenio-pages/patched/.venv/lib/python3.14/site-packages/edtf/parser/grammar.py,line=54::'oneOf' deprecated - use 'one_of'
::warning file=/home/runner/work/invenio-testrig/invenio-testrig/workdir/tests/invenio-pages/patched/.venv/lib/python3.14/site-packages/edtf/parser/grammar.py,line=55::'oneOf' deprecated - use 'one_of'
::warning file=/home/runner/work/invenio-testrig/invenio-testrig/workdir/tests/invenio-pages/patched/.venv/lib/python3.14/site-packages/edtf/parser/grammar.py,line=56::'oneOf' deprecated - use 'one_of'
::warning file=/home/runner/work/invenio-testrig/invenio-testrig/workdir/tests/invenio-pages/patched/.venv/lib/python3.14/site-packages/edtf/parser/grammar.py,line=57::'oneOf' deprecated - use 'one_of'
::warning file=/home/runner/work/invenio-testrig/invenio-testrig/workdir/tests/invenio-pages/patched/.venv/lib/python3.14/site-packages/edtf/parser/grammar.py,line=58::'oneOf' deprecated - use 'one_of'
::warning file=/home/runner/work/invenio-testrig/invenio-testrig/workdir/tests/invenio-pages/patched/.venv/lib/python3.14/site-packages/edtf/parser/grammar.py,line=59::'oneOf' deprecated - use 'one_of'
::warning file=/home/runner/work/invenio-testrig/invenio-testrig/workdir/tests/invenio-pages/patched/.venv/lib/python3.14/site-packages/edtf/parser/grammar.py,line=60::'oneOf' deprecated - use 'one_of'
::warning file=/home/runner/work/invenio-testrig/invenio-testrig/workdir/tests/invenio-pages/patched/.venv/lib/python3.14/site-packages/edtf/parser/grammar.py,line=63::'excludeChars' argument is deprecated, use 'exclude_chars'
::warning file=/home/runner/work/invenio-testrig/invenio-testrig/workdir/tests/invenio-pages/patched/.venv/lib/python3.14/site-packages/edtf/parser/grammar.py,line=73::'oneOf' deprecated - use 'one_of'
::warning file=/home/runner/work/invenio-testrig/invenio-testrig/workdir/tests/invenio-pages/patched/.venv/lib/python3.14/site-packages/edtf/parser/grammar.py,line=74::'oneOf' deprecated - use 'one_of'
::warning file=/home/runner/work/invenio-testrig/invenio-testrig/workdir/tests/invenio-pages/patched/.venv/lib/python3.14/site-packages/edtf/parser/parser_classes.py,line=103::'addParseAction' deprecated - use 'add_parse_action'
::warning file=/home/runner/work/invenio-testrig/invenio-testrig/workdir/tests/invenio-pages/patched/.venv/lib/python3.14/site-packages/edtf/parser/parser_classes.py,line=103::'addParseAction' deprecated - use 'add_parse_action'
::warning file=/home/runner/work/invenio-testrig/invenio-testrig/workdir/tests/invenio-pages/patched/.venv/lib/python3.14/site-packages/edtf/parser/parser_classes.py,line=103::'addParseAction' deprecated - use 'add_parse_action'
::warning file=/home/runner/work/invenio-testrig/invenio-testrig/workdir/tests/invenio-pages/patched/.venv/lib/python3.14/site-packages/edtf/parser/grammar.py,line=119::'oneOf' deprecated - use 'one_of'
::warning file=/home/runner/work/invenio-testrig/invenio-testrig/workdir/tests/invenio-pages/patched/.venv/lib/python3.14/site-packages/edtf/parser/parser_classes.py,line=103::'addParseAction' deprecated - use 'add_parse_action'
::warning file=/home/runner/work/invenio-testrig/invenio-testrig/workdir/tests/invenio-pages/patched/.venv/lib/python3.14/site-packages/edtf/parser/grammar.py,line=122::'oneOf' deprecated - use 'one_of'
::warning file=/home/runner/work/invenio-testrig/invenio-testrig/workdir/tests/invenio-pages/patched/.venv/lib/python3.14/site-packages/edtf/parser/parser_classes.py,line=103::'addParseAction' deprecated - use 'add_parse_action'
::warning file=/home/runner/work/invenio-testrig/invenio-testrig/workdir/tests/invenio-pages/patched/.venv/lib/python3.14/site-packages/edtf/parser/parser_classes.py,line=103::'addParseAction' deprecated - use 'add_parse_action'
::warning file=/home/runner/work/invenio-testrig/invenio-testrig/workdir/tests/invenio-pages/patched/.venv/lib/python3.14/site-packages/edtf/parser/grammar.py,line=155::'addParseAction' deprecated - use 'add_parse_action'
::warning file=/home/runner/work/invenio-testrig/invenio-testrig/workdir/tests/invenio-pages/patched/.venv/lib/python3.14/site-packages/edtf/parser/grammar.py,line=157::'addParseAction' deprecated - use 'add_parse_action'
::warning file=/home/runner/work/invenio-testrig/invenio-testrig/workdir/tests/invenio-pages/patched/.venv/lib/python3.14/site-packages/edtf/parser/parser_classes.py,line=103::'addParseAction' deprecated - use 'add_parse_action'
::warning file=/home/runner/work/invenio-testrig/invenio-testrig/workdir/tests/invenio-pages/patched/.venv/lib/python3.14/site-packages/edtf/parser/parser_classes.py,line=103::'addParseAction' deprecated - use 'add_parse_action'
::warning file=/home/runner/work/invenio-testrig/invenio-testrig/workdir/tests/invenio-pages/patched/.venv/lib/python3.14/site-packages/edtf/parser/parser_classes.py,line=103::'addParseAction' deprecated - use 'add_parse_action'
::warning file=/home/runner/work/invenio-testrig/invenio-testrig/workdir/tests/invenio-pages/patched/.venv/lib/python3.14/site-packages/edtf/parser/grammar.py,line=199::'oneOf' deprecated - use 'one_of'
::warning file=/home/runner/work/invenio-testrig/invenio-testrig/workdir/tests/invenio-pages/patched/.venv/lib/python3.14/site-packages/edtf/parser/parser_classes.py,line=103::'addParseAction' deprecated - use 'add_parse_action'
::warning file=/home/runner/work/invenio-testrig/invenio-testrig/workdir/tests/invenio-pages/patched/.venv/lib/python3.14/site-packages/edtf/parser/parser_classes.py,line=103::'addParseAction' deprecated - use 'add_parse_action'
::warning file=/home/runner/work/invenio-testrig/invenio-testrig/workdir/tests/invenio-pages/patched/.venv/lib/python3.14/site-packages/edtf/parser/parser_classes.py,line=103::'addParseAction' deprecated - use 'add_parse_action'
::warning file=/home/runner/work/invenio-testrig/invenio-testrig/workdir/tests/invenio-pages/patched/.venv/lib/python3.14/site-packages/edtf/parser/parser_classes.py,line=103::'addParseAction' deprecated - use 'add_parse_action'
::warning file=/home/runner/work/invenio-testrig/invenio-testrig/workdir/tests/invenio-pages/patched/.venv/lib/python3.14/site-packages/edtf/parser/parser_classes.py,line=103::'addParseAction' deprecated - use 'add_parse_action'
::warning file=/home/runner/work/invenio-testrig/invenio-testrig/workdir/tests/invenio-pages/patched/.venv/lib/python3.14/site-packages/edtf/parser/grammar.py,line=303::'addParseAction' deprecated - use 'add_parse_action'
::warning file=/home/runner/work/invenio-testrig/invenio-testrig/workdir/tests/invenio-pages/patched/.venv/lib/python3.14/site-packages/edtf/parser/grammar.py,line=303::'addParseAction' deprecated - use 'add_parse_action'
::warning file=/home/runner/work/invenio-testrig/invenio-testrig/workdir/tests/invenio-pages/patched/.venv/lib/python3.14/site-packages/edtf/parser/grammar.py,line=304::'addParseAction' deprecated - use 'add_parse_action'
::warning file=/home/runner/work/invenio-testrig/invenio-testrig/workdir/tests/invenio-pages/patched/.venv/lib/python3.14/site-packages/edtf/parser/grammar.py,line=304::'addParseAction' deprecated - use 'add_parse_action'
::warning file=/home/runner/work/invenio-testrig/invenio-testrig/workdir/tests/invenio-pages/patched/.venv/lib/python3.14/site-packages/edtf/parser/parser_classes.py,line=103::'addParseAction' deprecated - use 'add_parse_action'
::warning file=/home/runner/work/invenio-testrig/invenio-testrig/workdir/tests/invenio-pages/patched/.venv/lib/python3.14/site-packages/edtf/parser/parser_classes.py,line=103::'addParseAction' deprecated - use 'add_parse_action'
::warning file=/home/runner/work/invenio-testrig/invenio-testrig/workdir/tests/invenio-pages/patched/.venv/lib/python3.14/site-packages/edtf/parser/parser_classes.py,line=103::'addParseAction' deprecated - use 'add_parse_action'
::warning file=/home/runner/work/invenio-testrig/invenio-testrig/workdir/tests/invenio-pages/patched/.venv/lib/python3.14/site-packages/edtf/parser/parser_classes.py,line=103::'addParseAction' deprecated - use 'add_parse_action'
::warning file=/home/runner/work/invenio-testrig/invenio-testrig/workdir/tests/invenio-pages/patched/.venv/lib/python3.14/site-packages/edtf/parser/grammar.py,line=325::'oneOf' deprecated - use 'one_of'
::warning file=/home/runner/work/invenio-testrig/invenio-testrig/workdir/tests/invenio-pages/patched/.venv/lib/python3.14/site-packages/edtf/parser/parser_classes.py,line=103::'addParseAction' deprecated - use 'add_parse_action'
============================= test session starts ==============================
platform linux -- Python 3.14.2, pytest-8.4.2, pluggy-1.6.0
rootdir: /home/runner/work/invenio-testrig/invenio-testrig/workdir/tests/invenio-pages/patched
configfile: setup.cfg
testpaths: docs, tests, invenio_pages
plugins: invenio-4.0.0, isort-4.0.0, flask-1.3.0, github-actions-annotate-failures-0.3.0, pydocstyle-2.4.0, cov-7.0.0, black-0.6.0, pycodestyle-2.5.0
collected 141 items

docs/_ext/ultramock.py ...                                               [  2%]
docs/conf.py ...                                                         [  4%]
tests/alembic/test_alembic.py ...                                        [  6%]
tests/conftest.py ...                                                    [  8%]
tests/records/test_records.py ...::warning file=/home/runner/work/invenio-testrig/invenio-testrig/workdir/tests/invenio-pages/patched/.venv/lib/python3.14/site-packages/invenio_rest/ext.py,line=29::CSRF validation will be enabled by default in the version 1.3.x
.::warning file=/home/runner/work/invenio-testrig/invenio-testrig/workdir/tests/invenio-pages/patched/tests/records/test_records.py,line=29::nested transaction already deassociated from connection
...::warning file=/home/runner/work/invenio-testrig/invenio-testrig/workdir/tests/invenio-pages/patched/invenio_pages/records/models.py,line=58::nested transaction already deassociated from connection
...                                 [ 15%]
tests/resources/test_resources.py ...::warning file=/home/runner/work/invenio-testrig/invenio-testrig/workdir/tests/invenio-pages/patched/.venv/lib/python3.14/site-packages/invenio_rest/ext.py,line=29::CSRF validation will be enabled by default in the version 1.3.x
...::warning file=/home/runner/work/invenio-testrig/invenio-testrig/workdir/tests/invenio-pages/patched/invenio_pages/records/models.py,line=58::nested transaction already deassociated from connection
::warning file=/home/runner/work/invenio-testrig/invenio-testrig/workdir/tests/invenio-pages/patched/.venv/lib/python3.14/site-packages/invenio_db/uow.py,line=193::nested transaction already deassociated from connection
::warning file=/home/runner/work/invenio-testrig/invenio-testrig/workdir/tests/invenio-pages/patched/.venv/lib/python3.14/site-packages/pytest_invenio/fixtures.py,line=579::nested transaction already deassociated from connection
::warning file=/home/runner/work/invenio-testrig/invenio-testrig/workdir/tests/invenio-pages/patched/.venv/lib/python3.14/site-packages/invenio_db/uow.py,line=212::nested transaction already deassociated from connection
.::warning file=/home/runner/work/invenio-testrig/invenio-testrig/workdir/tests/invenio-pages/patched/invenio_pages/records/models.py,line=58::nested transaction already deassociated from connection
::warning file=/home/runner/work/invenio-testrig/invenio-testrig/workdir/tests/invenio-pages/patched/.venv/lib/python3.14/site-packages/invenio_db/uow.py,line=193::nested transaction already deassociated from connection
::warning file=/home/runner/work/invenio-testrig/invenio-testrig/workdir/tests/invenio-pages/patched/invenio_pages/records/models.py,line=127::nested transaction already deassociated from connection
....::warning file=/home/runner/work/invenio-testrig/invenio-testrig/workdir/tests/invenio-pages/patched/invenio_pages/records/models.py,line=58::nested transaction already deassociated from connection
::warning file=/home/runner/work/invenio-testrig/invenio-testrig/workdir/tests/invenio-pages/patched/.venv/lib/python3.14/site-packages/invenio_db/uow.py,line=193::nested transaction already deassociated from connection
                            [ 23%]
tests/services/test_services.py ...::warning file=/home/runner/work/invenio-testrig/invenio-testrig/workdir/tests/invenio-pages/patched/.venv/lib/python3.14/site-packages/invenio_rest/ext.py,line=29::CSRF validation will be enabled by default in the version 1.3.x
...::warning file=/home/runner/work/invenio-testrig/invenio-testrig/workdir/tests/invenio-pages/patched/invenio_pages/records/models.py,line=58::nested transaction already deassociated from connection
::warning file=/home/runner/work/invenio-testrig/invenio-testrig/workdir/tests/invenio-pages/patched/.venv/lib/python3.14/site-packages/invenio_db/uow.py,line=193::nested transaction already deassociated from connection
::warning file=/home/runner/work/invenio-testrig/invenio-testrig/workdir/tests/invenio-pages/patched/.venv/lib/python3.14/site-packages/pytest_invenio/fixtures.py,line=579::nested transaction already deassociated from connection
::warning file=/home/runner/work/invenio-testrig/invenio-testrig/workdir/tests/invenio-pages/patched/.venv/lib/python3.14/site-packages/invenio_db/uow.py,line=212::nested transaction already deassociated from connection
.::warning file=/home/runner/work/invenio-testrig/invenio-testrig/workdir/tests/invenio-pages/patched/invenio_pages/records/models.py,line=58::nested transaction already deassociated from connection
::warning file=/home/runner/work/invenio-testrig/invenio-testrig/workdir/tests/invenio-pages/patched/.venv/lib/python3.14/site-packages/invenio_db/uow.py,line=193::nested transaction already deassociated from connection
::warning file=/home/runner/work/invenio-testrig/invenio-testrig/workdir/tests/invenio-pages/patched/invenio_pages/records/models.py,line=127::nested transaction already deassociated from connection
....::warning file=/home/runner/work/invenio-testrig/invenio-testrig/workdir/tests/invenio-pages/patched/invenio_pages/records/models.py,line=58::nested transaction already deassociated from connection
::warning file=/home/runner/work/invenio-testrig/invenio-testrig/workdir/tests/invenio-pages/patched/.venv/lib/python3.14/site-packages/invenio_db/uow.py,line=193::nested transaction already deassociated from connection
....                          [ 34%]
tests/test_invenio_pages.py ....                                         [ 36%]
tests/test_views.py ..ssssss                                             [ 42%]
invenio_pages/__init__.py ...                                            [ 44%]
invenio_pages/administration/__init__.py ...                             [ 46%]
invenio_pages/administration/views/__init__.py ...                       [ 48%]
invenio_pages/administration/views/pages.py ...                          [ 51%]
invenio_pages/alembic/__init__.py ...                                    [ 53%]
invenio_pages/alembic/08a5708005b7_change_datetime_types.py ...          [ 55%]
invenio_pages/alembic/145402e8523a_create_pages_table.py ...             [ 57%]
invenio_pages/alembic/1737449793_add_language_and_new_uq.py ...          [ 59%]
invenio_pages/alembic/98e0a418340d_create_invenio_pages_branch.py ...    [ 61%]
invenio_pages/alembic/9fae3c5404d9_remove_has_custom_view_to_pages.py .. [ 63%]
.                                                                        [ 63%]
invenio_pages/alembic/b0f93ca4a147_add_has_custom_view_to_pages.py ...   [ 65%]
invenio_pages/config.py ...                                              [ 68%]
invenio_pages/ext.py ...                                                 [ 70%]
invenio_pages/proxies.py ...                                             [ 72%]
invenio_pages/records/__init__.py ...                                    [ 74%]
invenio_pages/records/errors.py ...                                      [ 76%]
invenio_pages/records/models.py ...                                      [ 78%]
invenio_pages/resources/__init__.py ...                                  [ 80%]
invenio_pages/resources/config.py ...                                    [ 82%]
invenio_pages/resources/resource.py ...                                  [ 85%]
invenio_pages/services/__init__.py ...                                   [ 87%]
invenio_pages/services/config.py ...                                     [ 89%]
invenio_pages/services/permissions.py ...                                [ 91%]
invenio_pages/services/results.py ...                                    [ 93%]
invenio_pages/services/schemas.py ...                                    [ 95%]
invenio_pages/services/service.py ...                                    [ 97%]
invenio_pages/views.py ...                                               [100%]

=============================== warnings summary ===============================
.venv/lib/python3.14/site-packages/edtf/parser/grammar.py:9
  /home/runner/work/invenio-testrig/invenio-testrig/workdir/tests/invenio-pages/patched/.venv/lib/python3.14/site-packages/edtf/parser/grammar.py:9: PyparsingDeprecationWarning: 'enablePackrat' deprecated - use 'enable_packrat'
    pyparsing.ParserElement.enablePackrat()

.venv/lib/python3.14/site-packages/edtf/parser/grammar.py:52
  /home/runner/work/invenio-testrig/invenio-testrig/workdir/tests/invenio-pages/patched/.venv/lib/python3.14/site-packages/edtf/parser/grammar.py:52: PyparsingDeprecationWarning: 'oneOf' deprecated - use 'one_of'
    oneThru12 = oneOf(["%.2d" % i for i in range(1, 13)])

.venv/lib/python3.14/site-packages/edtf/parser/grammar.py:53
  /home/runner/work/invenio-testrig/invenio-testrig/workdir/tests/invenio-pages/patched/.venv/lib/python3.14/site-packages/edtf/parser/grammar.py:53: PyparsingDeprecationWarning: 'oneOf' deprecated - use 'one_of'
    oneThru13 = oneOf(["%.2d" % i for i in range(1, 14)])

.venv/lib/python3.14/site-packages/edtf/parser/grammar.py:54
  /home/runner/work/invenio-testrig/invenio-testrig/workdir/tests/invenio-pages/patched/.venv/lib/python3.14/site-packages/edtf/parser/grammar.py:54: PyparsingDeprecationWarning: 'oneOf' deprecated - use 'one_of'
    oneThru23 = oneOf(["%.2d" % i for i in range(1, 24)])

.venv/lib/python3.14/site-packages/edtf/parser/grammar.py:55
  /home/runner/work/invenio-testrig/invenio-testrig/workdir/tests/invenio-pages/patched/.venv/lib/python3.14/site-packages/edtf/parser/grammar.py:55: PyparsingDeprecationWarning: 'oneOf' deprecated - use 'one_of'
    zeroThru23 = oneOf(["%.2d" % i for i in range(0, 24)])

.venv/lib/python3.14/site-packages/edtf/parser/grammar.py:56
  /home/runner/work/invenio-testrig/invenio-testrig/workdir/tests/invenio-pages/patched/.venv/lib/python3.14/site-packages/edtf/parser/grammar.py:56: PyparsingDeprecationWarning: 'oneOf' deprecated - use 'one_of'
    oneThru29 = oneOf(["%.2d" % i for i in range(1, 30)])

.venv/lib/python3.14/site-packages/edtf/parser/grammar.py:57
  /home/runner/work/invenio-testrig/invenio-testrig/workdir/tests/invenio-pages/patched/.venv/lib/python3.14/site-packages/edtf/parser/grammar.py:57: PyparsingDeprecationWarning: 'oneOf' deprecated - use 'one_of'
    oneThru30 = oneOf(["%.2d" % i for i in range(1, 31)])

.venv/lib/python3.14/site-packages/edtf/parser/grammar.py:58
  /home/runner/work/invenio-testrig/invenio-testrig/workdir/tests/invenio-pages/patched/.venv/lib/python3.14/site-packages/edtf/parser/grammar.py:58: PyparsingDeprecationWarning: 'oneOf' deprecated - use 'one_of'
    oneThru31 = oneOf(["%.2d" % i for i in range(1, 32)])

.venv/lib/python3.14/site-packages/edtf/parser/grammar.py:59
  /home/runner/work/invenio-testrig/invenio-testrig/workdir/tests/invenio-pages/patched/.venv/lib/python3.14/site-packages/edtf/parser/grammar.py:59: PyparsingDeprecationWarning: 'oneOf' deprecated - use 'one_of'
    oneThru59 = oneOf(["%.2d" % i for i in range(1, 60)])

.venv/lib/python3.14/site-packages/edtf/parser/grammar.py:60
  /home/runner/work/invenio-testrig/invenio-testrig/workdir/tests/invenio-pages/patched/.venv/lib/python3.14/site-packages/edtf/parser/grammar.py:60: PyparsingDeprecationWarning: 'oneOf' deprecated - use 'one_of'
    zeroThru59 = oneOf(["%.2d" % i for i in range(0, 60)])

.venv/lib/python3.14/site-packages/edtf/parser/grammar.py:63
  /home/runner/work/invenio-testrig/invenio-testrig/workdir/tests/invenio-pages/patched/.venv/lib/python3.14/site-packages/edtf/parser/grammar.py:63: PyparsingDeprecationWarning: 'excludeChars' argument is deprecated, use 'exclude_chars'
    positiveDigit = Word(nums, exact=1, excludeChars="0")

.venv/lib/python3.14/site-packages/edtf/parser/grammar.py:73
  /home/runner/work/invenio-testrig/invenio-testrig/workdir/tests/invenio-pages/patched/.venv/lib/python3.14/site-packages/edtf/parser/grammar.py:73: PyparsingDeprecationWarning: 'oneOf' deprecated - use 'one_of'
    (oneOf("01 03 05 07 08 10 12")("month") + "-" + oneThru31("day"))

.venv/lib/python3.14/site-packages/edtf/parser/grammar.py:74
  /home/runner/work/invenio-testrig/invenio-testrig/workdir/tests/invenio-pages/patched/.venv/lib/python3.14/site-packages/edtf/parser/grammar.py:74: PyparsingDeprecationWarning: 'oneOf' deprecated - use 'one_of'
    ^ (oneOf("04 06 09 11")("month") + "-" + oneThru30("day"))

.venv/lib/python3.14/site-packages/edtf/parser/parser_classes.py:103: 19 warnings
  /home/runner/work/invenio-testrig/invenio-testrig/workdir/tests/invenio-pages/patched/.venv/lib/python3.14/site-packages/edtf/parser/parser_classes.py:103: PyparsingDeprecationWarning: 'addParseAction' deprecated - use 'add_parse_action'
    p.addParseAction(cls.parse_action)

.venv/lib/python3.14/site-packages/edtf/parser/grammar.py:119
  /home/runner/work/invenio-testrig/invenio-testrig/workdir/tests/invenio-pages/patched/.venv/lib/python3.14/site-packages/edtf/parser/grammar.py:119: PyparsingDeprecationWarning: 'oneOf' deprecated - use 'one_of'
    UASymbol = Combine(oneOf("? ~ %"))

.venv/lib/python3.14/site-packages/edtf/parser/grammar.py:122
  /home/runner/work/invenio-testrig/invenio-testrig/workdir/tests/invenio-pages/patched/.venv/lib/python3.14/site-packages/edtf/parser/grammar.py:122: PyparsingDeprecationWarning: 'oneOf' deprecated - use 'one_of'
    seasonNumber = oneOf("21 22 23 24")

.venv/lib/python3.14/site-packages/edtf/parser/grammar.py:155
  /home/runner/work/invenio-testrig/invenio-testrig/workdir/tests/invenio-pages/patched/.venv/lib/python3.14/site-packages/edtf/parser/grammar.py:155: PyparsingDeprecationWarning: 'addParseAction' deprecated - use 'add_parse_action'
    l1Start.addParseAction(f)

.venv/lib/python3.14/site-packages/edtf/parser/grammar.py:157
  /home/runner/work/invenio-testrig/invenio-testrig/workdir/tests/invenio-pages/patched/.venv/lib/python3.14/site-packages/edtf/parser/grammar.py:157: PyparsingDeprecationWarning: 'addParseAction' deprecated - use 'add_parse_action'
    l1End.addParseAction(f)

.venv/lib/python3.14/site-packages/edtf/parser/grammar.py:199
  /home/runner/work/invenio-testrig/invenio-testrig/workdir/tests/invenio-pages/patched/.venv/lib/python3.14/site-packages/edtf/parser/grammar.py:199: PyparsingDeprecationWarning: 'oneOf' deprecated - use 'one_of'
    monthWithX = Combine(oneOf("0X 1X") ^ ("X" + digitOrX))("month")

.venv/lib/python3.14/site-packages/edtf/parser/grammar.py:303
.venv/lib/python3.14/site-packages/edtf/parser/grammar.py:303
  /home/runner/work/invenio-testrig/invenio-testrig/workdir/tests/invenio-pages/patched/.venv/lib/python3.14/site-packages/edtf/parser/grammar.py:303: PyparsingDeprecationWarning: 'addParseAction' deprecated - use 'add_parse_action'
    earlier = L("..").addParseAction(f)("lower") + date("upper").addParseAction(f)

.venv/lib/python3.14/site-packages/edtf/parser/grammar.py:304
.venv/lib/python3.14/site-packages/edtf/parser/grammar.py:304
  /home/runner/work/invenio-testrig/invenio-testrig/workdir/tests/invenio-pages/patched/.venv/lib/python3.14/site-packages/edtf/parser/grammar.py:304: PyparsingDeprecationWarning: 'addParseAction' deprecated - use 'add_parse_action'
    later = date("lower").addParseAction(f) + L("..").addParseAction(f)("upper")

.venv/lib/python3.14/site-packages/edtf/parser/grammar.py:325
  /home/runner/work/invenio-testrig/invenio-testrig/workdir/tests/invenio-pages/patched/.venv/lib/python3.14/site-packages/edtf/parser/grammar.py:325: PyparsingDeprecationWarning: 'oneOf' deprecated - use 'one_of'
    seasonL2Number = oneOf("21 22 23 24 25 26 27 28 29 30 31 32 33 34 35 36 37 38 39 40 41")

tests/records/test_records.py::test_page_repr
tests/resources/test_resources.py::test_page_content
tests/services/test_services.py::test_page_read
  /home/runner/work/invenio-testrig/invenio-testrig/workdir/tests/invenio-pages/patched/.venv/lib/python3.14/site-packages/invenio_rest/ext.py:29: FutureWarning: CSRF validation will be enabled by default in the version 1.3.x
    self.init_app(app)

tests/records/test_records.py::test_page_versions
  /home/runner/work/invenio-testrig/invenio-testrig/workdir/tests/invenio-pages/patched/tests/records/test_records.py:29: SAWarning: nested transaction already deassociated from connection
    db.session.commit()

tests/records/test_records.py::test_create
tests/resources/test_resources.py::test_create
tests/resources/test_resources.py::test_delete
tests/resources/test_resources.py::test_delete_denied
tests/services/test_services.py::test_create
tests/services/test_services.py::test_delete
tests/services/test_services.py::test_delete_denied
  /home/runner/work/invenio-testrig/invenio-testrig/workdir/tests/invenio-pages/patched/invenio_pages/records/models.py:58: SAWarning: nested transaction already deassociated from connection
    with db.session.begin_nested():

tests/resources/test_resources.py::test_create
tests/resources/test_resources.py::test_delete
tests/resources/test_resources.py::test_delete_denied
tests/services/test_services.py::test_create
tests/services/test_services.py::test_delete
tests/services/test_services.py::test_delete_denied
  /home/runner/work/invenio-testrig/invenio-testrig/workdir/tests/invenio-pages/patched/.venv/lib/python3.14/site-packages/invenio_db/uow.py:193: SAWarning: nested transaction already deassociated from connection
    self.session.commit()

tests/resources/test_resources.py::test_create
tests/services/test_services.py::test_create
  /home/runner/work/invenio-testrig/invenio-testrig/workdir/tests/invenio-pages/patched/.venv/lib/python3.14/site-packages/pytest_invenio/fixtures.py:579: SAWarning: nested transaction already deassociated from connection
    self._transaction.rollback(_to_root=False)

tests/resources/test_resources.py::test_create
tests/services/test_services.py::test_create
  /home/runner/work/invenio-testrig/invenio-testrig/workdir/tests/invenio-pages/patched/.venv/lib/python3.14/site-packages/invenio_db/uow.py:212: SAWarning: nested transaction already deassociated from connection
    self.session.commit()

tests/resources/test_resources.py::test_delete
tests/services/test_services.py::test_delete
  /home/runner/work/invenio-testrig/invenio-testrig/workdir/tests/invenio-pages/patched/invenio_pages/records/models.py:127: SAWarning: nested transaction already deassociated from connection
    with db.session.begin_nested():

-- Docs: https://docs.pytest.org/en/stable/how-to/capture-warnings.html
================================ tests coverage ================================
_______________ coverage: platform linux, python 3.14.2-final-0 ________________

Name                                                                    Stmts   Miss  Cover   Missing
-----------------------------------------------------------------------------------------------------
invenio_pages/__init__.py                                                   4      0   100%
invenio_pages/administration/__init__.py                                    0      0   100%
invenio_pages/administration/views/__init__.py                              0      0   100%
invenio_pages/administration/views/pages.py                                40      0   100%
invenio_pages/alembic/08a5708005b7_change_datetime_types.py                13      0   100%
invenio_pages/alembic/9fae3c5404d9_remove_has_custom_view_to_pages.py      12      0   100%
invenio_pages/alembic/98e0a418340d_create_invenio_pages_branch.py          10      0   100%
invenio_pages/alembic/145402e8523a_create_pages_table.py                   28      0   100%
invenio_pages/alembic/1737449793_add_language_and_new_uq.py                16      0   100%
invenio_pages/alembic/__init__.py                                           0      0   100%
invenio_pages/alembic/b0f93ca4a147_add_has_custom_view_to_pages.py         14      0   100%
invenio_pages/config.py                                                    17      0   100%
invenio_pages/ext.py                                                       51      7    86%   58-66, 75
invenio_pages/proxies.py                                                    6      0   100%
invenio_pages/records/__init__.py                                           2      0   100%
invenio_pages/records/errors.py                                             7      0   100%
invenio_pages/records/models.py                                            81      3    96%   82-83, 144
invenio_pages/resources/__init__.py                                         3      0   100%
invenio_pages/resources/config.py                                          11      0   100%
invenio_pages/resources/resource.py                                        38      0   100%
invenio_pages/services/__init__.py                                          4      0   100%
invenio_pages/services/config.py                                           22      0   100%
invenio_pages/services/permissions.py                                       9      0   100%
invenio_pages/services/results.py                                          38      0   100%
invenio_pages/services/schemas.py                                          21      0   100%
invenio_pages/services/service.py                                          67      2    97%   118, 132
invenio_pages/views.py                                                     37     20    46%   34, 39-53, 58-65, 81-88, 105-115
-----------------------------------------------------------------------------------------------------
TOTAL                                                                     551     32    94%
================= 135 passed, 6 skipped, 65 warnings in 13.01s =================
 Container docker_services_cli-postgresql-1  Stopping
 Container docker_services_cli-redis-1  Stopping
 Container docker_services_cli-opensearch-1  Stopping
 Container docker_services_cli-redis-1  Stopped
 Container docker_services_cli-redis-1  Removing
 Container docker_services_cli-postgresql-1  Stopped
 Container docker_services_cli-postgresql-1  Removing
 Container docker_services_cli-postgresql-1  Removed
 Container docker_services_cli-redis-1  Removed
 Container docker_services_cli-opensearch-1  Stopped
 Container docker_services_cli-opensearch-1  Removing
 Container docker_services_cli-opensearch-1  Removed
 Network docker_services_cli_default  Removing
 Network docker_services_cli_default  Removed
