running extract_messages
extracting messages from invenio_records_permissions/__init__.py
extracting messages from invenio_records_permissions/api.py
extracting messages from invenio_records_permissions/config.py
extracting messages from invenio_records_permissions/errors.py
extracting messages from invenio_records_permissions/ext.py
extracting messages from invenio_records_permissions/generators.py
extracting messages from invenio_records_permissions/policies/__init__.py
extracting messages from invenio_records_permissions/policies/base.py
extracting messages from invenio_records_permissions/policies/records.py
writing PO template file to /dev/null
 opensearch Pulling 
 redis Pulling 
 postgresql Pulling 
 redis Pulled 
 opensearch Pulled 
 postgresql Pulled 
 Network docker_services_cli_default  Creating
 Network docker_services_cli_default  Created
 Container docker_services_cli-redis-1  Creating
 Container docker_services_cli-postgresql-1  Creating
 Container docker_services_cli-opensearch-1  Creating
 Container docker_services_cli-opensearch-1  Created
 Container docker_services_cli-postgresql-1  Created
 Container docker_services_cli-redis-1  Created
 Container docker_services_cli-opensearch-1  Starting
 Container docker_services_cli-redis-1  Starting
 Container docker_services_cli-postgresql-1  Starting
 Container docker_services_cli-redis-1  Started
 Container docker_services_cli-postgresql-1  Started
 Container docker_services_cli-opensearch-1  Started
============================= test session starts ==============================
platform linux -- Python 3.14.2, pytest-8.4.2, pluggy-1.6.0
rootdir: /home/runner/work/invenio-testrig/invenio-testrig/workdir/tests/invenio-records-permissions/original
configfile: setup.cfg
testpaths: tests, invenio_records_permissions
plugins: mock-3.15.1, invenio-4.0.0, isort-4.0.0, flask-1.3.0, github-actions-annotate-failures-0.3.0, pydocstyle-2.4.0, cov-7.0.0, black-0.6.0, pycodestyle-2.5.0
collected 66 items
tests/conftest.py ...                                                    [  4%]
tests/test_generators.py .................                               [ 30%]
tests/test_invenio_records_permissions.py ....                           [ 36%]
tests/test_permissions_base.py 
                                   [ 46%]
tests/test_record_permission_policy.py 
                          [ 59%]
invenio_records_permissions/__init__.py ...                              [ 63%]
invenio_records_permissions/api.py ...                                   [ 68%]
invenio_records_permissions/config.py ...                                [ 72%]
invenio_records_permissions/errors.py ...                                [ 77%]
invenio_records_permissions/ext.py ...                                   [ 81%]
invenio_records_permissions/generators.py ...                            [ 86%]
invenio_records_permissions/policies/__init__.py ...                     [ 90%]
invenio_records_permissions/policies/base.py ...                         [ 95%]
invenio_records_permissions/policies/records.py ...                      [100%]
=============================== warnings summary ===============================
tests/test_permissions_base.py:29
  /home/runner/work/invenio-testrig/invenio-testrig/workdir/tests/invenio-records-permissions/original/tests/test_permissions_base.py:29: PytestCollectionWarning: cannot collect test class 'TestPermissionPolicy' because it has a __init__ constructor (from: tests/test_permissions_base.py)
    class TestPermissionPolicy(BasePermissionPolicy):
tests/test_permissions_base.py::test_base_permission_policy_generators
tests/test_record_permission_policy.py::test_delete_record_policy
    self.init_app(app)
================================ tests coverage ================================
_______________ coverage: platform linux, python 3.14.2-final-0 ________________
Name                                               Stmts   Miss  Cover   Missing
invenio_records_permissions/__init__.py                4      0   100%
invenio_records_permissions/api.py                     6      0   100%
invenio_records_permissions/config.py                  2      0   100%
invenio_records_permissions/errors.py                  1      0   100%
invenio_records_permissions/ext.py                    14      1    93%   32
invenio_records_permissions/generators.py            117      2    98%   182, 279
invenio_records_permissions/policies/__init__.py       2      0   100%
invenio_records_permissions/policies/base.py          44      0   100%
invenio_records_permissions/policies/records.py       32      7    78%   23, 38-42, 85
TOTAL                                                222     10    95%
======================== 66 passed, 3 warnings in 6.05s ========================
 Container docker_services_cli-postgresql-1  Stopping
 Container docker_services_cli-opensearch-1  Stopping
 Container docker_services_cli-redis-1  Stopping
 Container docker_services_cli-postgresql-1  Stopped
 Container docker_services_cli-postgresql-1  Removing
 Container docker_services_cli-redis-1  Stopped
 Container docker_services_cli-redis-1  Removing
 Container docker_services_cli-postgresql-1  Removed
 Container docker_services_cli-redis-1  Removed
 Container docker_services_cli-opensearch-1  Stopped
 Container docker_services_cli-opensearch-1  Removing
 Container docker_services_cli-opensearch-1  Removed
 Network docker_services_cli_default  Removing
 Network docker_services_cli_default  Removed
