 opensearch Pulling 
 redis Pulling 
 postgresql Pulling 
 b0a0cf830b12 Pulling fs layer 
 dda3d8fbd5ed Pulling fs layer 
 283a477db7bb Pulling fs layer 
 91d2729fa4d5 Pulling fs layer 
 9739ced65621 Pulling fs layer 
 ae3bb1b347a4 Pulling fs layer 
 f8406d9c00ea Pulling fs layer 
 c199bff16b05 Pulling fs layer 
 e0d55fdb4d15 Pulling fs layer 
 c1cb13b19080 Pulling fs layer 
 873532e5f8c7 Pulling fs layer 
 050d9f8c3b1c Pulling fs layer 
 710e142705f8 Pulling fs layer 
 cb628c265f09 Pulling fs layer 
 ae3bb1b347a4 Waiting 
 f8406d9c00ea Waiting 
 c199bff16b05 Waiting 
 e0d55fdb4d15 Waiting 
 c1cb13b19080 Waiting 
 873532e5f8c7 Waiting 
 050d9f8c3b1c Waiting 
 710e142705f8 Waiting 
 cb628c265f09 Waiting 
 91d2729fa4d5 Waiting 
 9739ced65621 Waiting 
 f9dd052e142d Pulling fs layer 
 e8c6d4883897 Pulling fs layer 
 648eb81b3252 Pulling fs layer 
 eb77aa907276 Pulling fs layer 
 4f4fb700ef54 Pulling fs layer 
 0ffa8f8aba1e Pulling fs layer 
 2e81b9cb93cd Pulling fs layer 
 f9dd052e142d Waiting 
 e8c6d4883897 Waiting 
 4f4fb700ef54 Waiting 
 648eb81b3252 Waiting 
 0ffa8f8aba1e Waiting 
 eb77aa907276 Waiting 
 84a2afebaf4d Pulling fs layer 
 68bef8a2321a Pulling fs layer 
 dc35057c3d27 Pulling fs layer 
 762d5b1c0ef7 Pulling fs layer 
 1196a886e941 Pulling fs layer 
 96afa962f1ac Pulling fs layer 
 4f4fb700ef54 Pulling fs layer 
 6475cc3afbe1 Pulling fs layer 
 84a2afebaf4d Waiting 
 762d5b1c0ef7 Waiting 
 68bef8a2321a Waiting 
 1196a886e941 Waiting 
 4f4fb700ef54 Waiting 
 96afa962f1ac Waiting 
 6475cc3afbe1 Waiting 
 283a477db7bb Downloading [>                                                  ]  45.83kB/4.533MB
 dda3d8fbd5ed Downloading [==============================>                    ]     721B/1.165kB
 dda3d8fbd5ed Downloading [==================================================>]  1.165kB/1.165kB
 dda3d8fbd5ed Verifying Checksum 
 dda3d8fbd5ed Download complete 
 b0a0cf830b12 Downloading [>                                                  ]  294.9kB/29.15MB
 283a477db7bb Downloading [===========================>                       ]  2.482MB/4.533MB
 b0a0cf830b12 Downloading [================>                                  ]  9.863MB/29.15MB
 91d2729fa4d5 Downloading [>                                                  ]  14.82kB/1.45MB
 283a477db7bb Verifying Checksum 
 283a477db7bb Download complete 
 91d2729fa4d5 Verifying Checksum 
 91d2729fa4d5 Download complete 
 b0a0cf830b12 Downloading [==========================>                        ]   15.5MB/29.15MB
 9739ced65621 Downloading [>                                                  ]  84.02kB/8.069MB
 b0a0cf830b12 Downloading [=========================================>         ]  24.47MB/29.15MB
 ae3bb1b347a4 Downloading [>                                                  ]  12.08kB/1.196MB
 ae3bb1b347a4 Verifying Checksum 
 ae3bb1b347a4 Download complete 
 9739ced65621 Downloading [=============================>                     ]  4.792MB/8.069MB
 9739ced65621 Verifying Checksum 
 9739ced65621 Download complete 
 b0a0cf830b12 Verifying Checksum 
 b0a0cf830b12 Download complete 
 b0a0cf830b12 Extracting [>                                                  ]  294.9kB/29.15MB
 f8406d9c00ea Downloading [==================================================>]     116B/116B
 f8406d9c00ea Verifying Checksum 
 f8406d9c00ea Download complete 
 c199bff16b05 Downloading [===========>                                       ]     721B/3.145kB
 c199bff16b05 Downloading [==================================================>]  3.145kB/3.145kB
 c199bff16b05 Verifying Checksum 
 c199bff16b05 Download complete 
 e0d55fdb4d15 Downloading [>                                                  ]  539.8kB/109MB
 b0a0cf830b12 Extracting [===========>                                       ]  6.488MB/29.15MB
 c1cb13b19080 Downloading [======>                                            ]  1.369kB/9.925kB
 c1cb13b19080 Downloading [==================================================>]  9.925kB/9.925kB
 c1cb13b19080 Verifying Checksum 
 c1cb13b19080 Download complete 
 b0a0cf830b12 Extracting [================>                                  ]  9.732MB/29.15MB
 e0d55fdb4d15 Downloading [===>                                               ]   7.47MB/109MB
 873532e5f8c7 Downloading [==================================================>]     128B/128B
 873532e5f8c7 Verifying Checksum 
 873532e5f8c7 Download complete 
 050d9f8c3b1c Downloading [==================================================>]     169B/169B
 050d9f8c3b1c Verifying Checksum 
 050d9f8c3b1c Download complete 
 b0a0cf830b12 Extracting [======================>                            ]  13.27MB/29.15MB
 e0d55fdb4d15 Downloading [=======>                                           ]   17.1MB/109MB
 710e142705f8 Downloading [============>                                      ]  1.369kB/5.421kB
 710e142705f8 Downloading [==================================================>]  5.421kB/5.421kB
 710e142705f8 Verifying Checksum 
 710e142705f8 Download complete 
 b0a0cf830b12 Extracting [=====================================>             ]  21.82MB/29.15MB
 e0d55fdb4d15 Downloading [===========>                                       ]   25.1MB/109MB
 f9dd052e142d Downloading [>                                                  ]  528.2kB/52.33MB
 e0d55fdb4d15 Downloading [==============>                                    ]  30.99MB/109MB
 b0a0cf830b12 Extracting [==========================================>        ]  24.77MB/29.15MB
 cb628c265f09 Downloading [==================================================>]     184B/184B
 cb628c265f09 Verifying Checksum 
 cb628c265f09 Download complete 
 f9dd052e142d Downloading [============>                                      ]  12.73MB/52.33MB
 e0d55fdb4d15 Downloading [================>                                  ]  36.32MB/109MB
 f9dd052e142d Downloading [=========================>                         ]     27MB/52.33MB
 b0a0cf830b12 Extracting [===============================================>   ]  27.72MB/29.15MB
 e0d55fdb4d15 Downloading [==================>                                ]  40.57MB/109MB
 e8c6d4883897 Downloading [>                                                  ]  45.16kB/4.398MB
 e8c6d4883897 Verifying Checksum 
 e8c6d4883897 Download complete 
 f9dd052e142d Downloading [=======================================>           ]  41.26MB/52.33MB
 e0d55fdb4d15 Downloading [=====================>                             ]   45.9MB/109MB
 f9dd052e142d Downloading [=============================================>     ]  47.65MB/52.33MB
 648eb81b3252 Downloading [=======================>                           ]     720B/1.561kB
 648eb81b3252 Downloading [==================================================>]  1.561kB/1.561kB
 648eb81b3252 Verifying Checksum 
 648eb81b3252 Download complete 
 e0d55fdb4d15 Downloading [=======================>                           ]  51.82MB/109MB
 f9dd052e142d Verifying Checksum 
 f9dd052e142d Download complete 
 f9dd052e142d Extracting [>                                                  ]  524.3kB/52.33MB
 e0d55fdb4d15 Downloading [==========================>                        ]  57.71MB/109MB
 4f4fb700ef54 Downloading [==================================================>]      32B/32B
 4f4fb700ef54 Verifying Checksum 
 4f4fb700ef54 Download complete 
 b0a0cf830b12 Extracting [================================================>  ]  28.31MB/29.15MB
 eb77aa907276 Downloading [>                                                  ]  526.6kB/907.7MB
 f9dd052e142d Extracting [=>                                                 ]  1.049MB/52.33MB
 e0d55fdb4d15 Downloading [============================>                      ]  62.49MB/109MB
 0ffa8f8aba1e Downloading [==================================================>]     226B/226B
 0ffa8f8aba1e Verifying Checksum 
 0ffa8f8aba1e Download complete 
 eb77aa907276 Downloading [>                                                  ]  2.654MB/907.7MB
 b0a0cf830b12 Extracting [==================================================>]  29.15MB/29.15MB
 e0d55fdb4d15 Downloading [===============================>                   ]  68.36MB/109MB
 b0a0cf830b12 Pull complete 
 dda3d8fbd5ed Extracting [==================================================>]  1.165kB/1.165kB
 dda3d8fbd5ed Extracting [==================================================>]  1.165kB/1.165kB
 2e81b9cb93cd Downloading [===================>                               ]     707B/1.859kB
 2e81b9cb93cd Downloading [==================================================>]  1.859kB/1.859kB
 2e81b9cb93cd Verifying Checksum 
 2e81b9cb93cd Download complete 
 eb77aa907276 Downloading [>                                                  ]  4.264MB/907.7MB
 f9dd052e142d Extracting [====>                                              ]  4.719MB/52.33MB
 e0d55fdb4d15 Downloading [==================================>                ]  74.25MB/109MB
 eb77aa907276 Downloading [>                                                  ]  6.377MB/907.7MB
 84a2afebaf4d Downloading [>                                                  ]  282.4kB/28.24MB
 f9dd052e142d Extracting [=====>                                             ]  5.767MB/52.33MB
 e0d55fdb4d15 Downloading [====================================>              ]  79.04MB/109MB
 84a2afebaf4d Downloading [================>                                  ]  9.259MB/28.24MB
 f9dd052e142d Extracting [============>                                      ]  13.11MB/52.33MB
 e0d55fdb4d15 Downloading [======================================>            ]  84.36MB/109MB
 eb77aa907276 Downloading [>                                                  ]  10.13MB/907.7MB
 84a2afebaf4d Downloading [================================>                  ]  18.56MB/28.24MB
 f9dd052e142d Extracting [===================>                               ]  20.45MB/52.33MB
 e0d55fdb4d15 Downloading [========================================>          ]  88.64MB/109MB
 84a2afebaf4d Downloading [=============================================>     ]  25.57MB/28.24MB
 eb77aa907276 Downloading [>                                                  ]  12.27MB/907.7MB
 84a2afebaf4d Verifying Checksum 
 84a2afebaf4d Download complete 
 f9dd052e142d Extracting [========================>                          ]  25.69MB/52.33MB
 e0d55fdb4d15 Downloading [===========================================>       ]  95.04MB/109MB
 84a2afebaf4d Extracting [>                                                  ]  294.9kB/28.24MB
 eb77aa907276 Downloading [>                                                  ]  16.03MB/907.7MB
 68bef8a2321a Downloading [================================>                  ]     721B/1.102kB
 68bef8a2321a Downloading [==================================================>]  1.102kB/1.102kB
 68bef8a2321a Verifying Checksum 
 68bef8a2321a Download complete 
 e0d55fdb4d15 Downloading [=============================================>     ]  99.32MB/109MB
 f9dd052e142d Extracting [==========================>                        ]  27.79MB/52.33MB
 84a2afebaf4d Extracting [========>                                          ]  4.719MB/28.24MB
 eb77aa907276 Downloading [=>                                                 ]  22.41MB/907.7MB
 e0d55fdb4d15 Downloading [==============================================>    ]  101.4MB/109MB
 dc35057c3d27 Downloading [=========================================>         ]     722B/875B
 dc35057c3d27 Downloading [==================================================>]     875B/875B
 dc35057c3d27 Download complete 
 eb77aa907276 Downloading [=>                                                 ]  27.23MB/907.7MB
 84a2afebaf4d Extracting [===============>                                   ]  8.847MB/28.24MB
 762d5b1c0ef7 Downloading [>                                                  ]  14.41kB/1.438MB
 762d5b1c0ef7 Verifying Checksum 
 762d5b1c0ef7 Download complete 
 e0d55fdb4d15 Downloading [================================================>  ]  106.2MB/109MB
 84a2afebaf4d Extracting [================>                                  ]  9.142MB/28.24MB
 f9dd052e142d Extracting [============================>                      ]  29.36MB/52.33MB
 eb77aa907276 Downloading [=>                                                 ]   29.9MB/907.7MB
 e0d55fdb4d15 Verifying Checksum 
 e0d55fdb4d15 Download complete 
 1196a886e941 Downloading [>                                                  ]  155.9kB/15.35MB
 84a2afebaf4d Extracting [=================>                                 ]  10.03MB/28.24MB
 f9dd052e142d Extracting [============================>                      ]  29.88MB/52.33MB
 96afa962f1ac Downloading [==================================================>]      96B/96B
 96afa962f1ac Verifying Checksum 
 96afa962f1ac Download complete 
 1196a886e941 Downloading [====================>                              ]   6.33MB/15.35MB
 eb77aa907276 Downloading [=>                                                 ]  30.43MB/907.7MB
 84a2afebaf4d Extracting [===================>                               ]  11.21MB/28.24MB
 4f4fb700ef54 Downloading [==================================================>]      32B/32B
 4f4fb700ef54 Verifying Checksum 
 4f4fb700ef54 Download complete 
 1196a886e941 Downloading [=================================================> ]  15.18MB/15.35MB
 1196a886e941 Verifying Checksum 
 1196a886e941 Download complete 
 eb77aa907276 Downloading [=>                                                 ]  33.64MB/907.7MB
 f9dd052e142d Extracting [=============================>                     ]  30.41MB/52.33MB
 84a2afebaf4d Extracting [==============================>                    ]   17.4MB/28.24MB
 6475cc3afbe1 Downloading [==================================================>]     573B/573B
 6475cc3afbe1 Verifying Checksum 
 6475cc3afbe1 Download complete 
 eb77aa907276 Downloading [=>                                                 ]  36.29MB/907.7MB
 f9dd052e142d Extracting [=============================>                     ]  30.93MB/52.33MB
 84a2afebaf4d Extracting [==================================>                ]  19.46MB/28.24MB
 eb77aa907276 Downloading [==>                                                ]  40.57MB/907.7MB
 f9dd052e142d Extracting [===============================>                   ]  33.03MB/52.33MB
 eb77aa907276 Downloading [==>                                                ]  42.15MB/907.7MB
 eb77aa907276 Downloading [==>                                                ]  43.75MB/907.7MB
 f9dd052e142d Extracting [=================================>                 ]   34.6MB/52.33MB
 84a2afebaf4d Extracting [==========================================>        ]  23.89MB/28.24MB
 f9dd052e142d Extracting [==================================>                ]  36.18MB/52.33MB
 dda3d8fbd5ed Pull complete 
 283a477db7bb Extracting [>                                                  ]  65.54kB/4.533MB
 84a2afebaf4d Extracting [=============================================>     ]  25.95MB/28.24MB
 eb77aa907276 Downloading [==>                                                ]  46.96MB/907.7MB
 283a477db7bb Extracting [===============================================>   ]  4.325MB/4.533MB
 84a2afebaf4d Extracting [===============================================>   ]  26.84MB/28.24MB
 283a477db7bb Extracting [==================================================>]  4.533MB/4.533MB
 f9dd052e142d Extracting [====================================>              ]  37.75MB/52.33MB
 eb77aa907276 Downloading [==>                                                ]  49.09MB/907.7MB
 f9dd052e142d Extracting [======================================>            ]  39.85MB/52.33MB
 eb77aa907276 Downloading [==>                                                ]  50.71MB/907.7MB
 283a477db7bb Pull complete 
 91d2729fa4d5 Extracting [=>                                                 ]  32.77kB/1.45MB
 91d2729fa4d5 Extracting [==================================================>]   1.45MB/1.45MB
 f9dd052e142d Extracting [========================================>          ]  41.94MB/52.33MB
 91d2729fa4d5 Pull complete 
 9739ced65621 Extracting [>                                                  ]   98.3kB/8.069MB
 eb77aa907276 Downloading [==>                                                ]  51.79MB/907.7MB
 f9dd052e142d Extracting [==========================================>        ]  44.04MB/52.33MB
 9739ced65621 Extracting [==================>                                ]  3.047MB/8.069MB
 84a2afebaf4d Extracting [================================================>  ]  27.43MB/28.24MB
 eb77aa907276 Downloading [==>                                                ]  52.33MB/907.7MB
 f9dd052e142d Extracting [============================================>      ]  46.66MB/52.33MB
 9739ced65621 Extracting [=============================>                     ]  4.719MB/8.069MB
 f9dd052e142d Extracting [==============================================>    ]  48.23MB/52.33MB
 eb77aa907276 Downloading [==>                                                ]  54.45MB/907.7MB
 9739ced65621 Extracting [====================================>              ]  5.898MB/8.069MB
 84a2afebaf4d Extracting [==================================================>]  28.24MB/28.24MB
 84a2afebaf4d Pull complete 
 68bef8a2321a Extracting [==================================================>]  1.102kB/1.102kB
 68bef8a2321a Extracting [==================================================>]  1.102kB/1.102kB
 9739ced65621 Extracting [=================================================> ]  8.061MB/8.069MB
 9739ced65621 Extracting [==================================================>]  8.069MB/8.069MB
 eb77aa907276 Downloading [===>                                               ]  56.05MB/907.7MB
 68bef8a2321a Pull complete 
 9739ced65621 Pull complete 
 ae3bb1b347a4 Extracting [=>                                                 ]  32.77kB/1.196MB
 dc35057c3d27 Extracting [==================================================>]     875B/875B
 dc35057c3d27 Extracting [==================================================>]     875B/875B
 dc35057c3d27 Pull complete 
 762d5b1c0ef7 Extracting [=>                                                 ]  32.77kB/1.438MB
 762d5b1c0ef7 Extracting [==================================================>]  1.438MB/1.438MB
 762d5b1c0ef7 Extracting [==================================================>]  1.438MB/1.438MB
 ae3bb1b347a4 Extracting [==================================================>]  1.196MB/1.196MB
 eb77aa907276 Downloading [===>                                               ]  57.11MB/907.7MB
 ae3bb1b347a4 Extracting [==================================================>]  1.196MB/1.196MB
 762d5b1c0ef7 Pull complete 
 1196a886e941 Extracting [>                                                  ]  163.8kB/15.35MB
 ae3bb1b347a4 Pull complete 
 f8406d9c00ea Extracting [==================================================>]     116B/116B
 f8406d9c00ea Extracting [==================================================>]     116B/116B
 f8406d9c00ea Pull complete 
 c199bff16b05 Extracting [==================================================>]  3.145kB/3.145kB
 c199bff16b05 Extracting [==================================================>]  3.145kB/3.145kB
 c199bff16b05 Pull complete 
 1196a886e941 Extracting [==================>                                ]  5.571MB/15.35MB
 eb77aa907276 Downloading [===>                                               ]  58.18MB/907.7MB
 e0d55fdb4d15 Extracting [>                                                  ]  557.1kB/109MB
 1196a886e941 Extracting [=======================================>           ]  12.12MB/15.35MB
 eb77aa907276 Downloading [===>                                               ]  60.84MB/907.7MB
 f9dd052e142d Extracting [=================================================> ]  51.38MB/52.33MB
 1196a886e941 Extracting [==================================================>]  15.35MB/15.35MB
 e0d55fdb4d15 Extracting [==>                                                ]  5.571MB/109MB
 1196a886e941 Pull complete 
 96afa962f1ac Extracting [==================================================>]      96B/96B
 96afa962f1ac Extracting [==================================================>]      96B/96B
 96afa962f1ac Pull complete 
 4f4fb700ef54 Extracting [==================================================>]      32B/32B
 4f4fb700ef54 Extracting [==================================================>]      32B/32B
 eb77aa907276 Downloading [===>                                               ]  64.03MB/907.7MB
 4f4fb700ef54 Pull complete 
 6475cc3afbe1 Extracting [==================================================>]     573B/573B
 6475cc3afbe1 Extracting [==================================================>]     573B/573B
 6475cc3afbe1 Pull complete 
 redis Pulled 
 e0d55fdb4d15 Extracting [===>                                               ]  8.356MB/109MB
 f9dd052e142d Extracting [=================================================> ]   51.9MB/52.33MB
 f9dd052e142d Extracting [==================================================>]  52.33MB/52.33MB
 f9dd052e142d Pull complete 
 e8c6d4883897 Extracting [>                                                  ]  65.54kB/4.398MB
 eb77aa907276 Downloading [===>                                               ]  65.65MB/907.7MB
 e0d55fdb4d15 Extracting [=====>                                             ]   11.7MB/109MB
 e8c6d4883897 Extracting [=====================>                             ]  1.901MB/4.398MB
 e0d55fdb4d15 Extracting [======>                                            ]  13.93MB/109MB
 eb77aa907276 Downloading [===>                                               ]  66.19MB/907.7MB
 e8c6d4883897 Extracting [====================================>              ]  3.211MB/4.398MB
 e0d55fdb4d15 Extracting [========>                                          ]  17.83MB/109MB
 eb77aa907276 Downloading [===>                                               ]  68.32MB/907.7MB
 e8c6d4883897 Extracting [============================================>      ]  3.932MB/4.398MB
 e8c6d4883897 Extracting [==================================================>]  4.398MB/4.398MB
 eb77aa907276 Downloading [===>                                               ]   69.4MB/907.7MB
 e0d55fdb4d15 Extracting [==========>                                        ]  22.28MB/109MB
 e8c6d4883897 Pull complete 
 648eb81b3252 Extracting [==================================================>]  1.561kB/1.561kB
 648eb81b3252 Extracting [==================================================>]  1.561kB/1.561kB
 648eb81b3252 Pull complete 
 e0d55fdb4d15 Extracting [============>                                      ]   27.3MB/109MB
 eb77aa907276 Downloading [===>                                               ]  72.58MB/907.7MB
 eb77aa907276 Downloading [====>                                              ]   75.8MB/907.7MB
 e0d55fdb4d15 Extracting [================>                                  ]  36.77MB/109MB
 e0d55fdb4d15 Extracting [=====================>                             ]  46.24MB/109MB
 eb77aa907276 Downloading [====>                                              ]  77.94MB/907.7MB
 e0d55fdb4d15 Extracting [========================>                          ]  52.36MB/109MB
 eb77aa907276 Downloading [====>                                              ]  81.13MB/907.7MB
 e0d55fdb4d15 Extracting [==========================>                        ]  57.38MB/109MB
 eb77aa907276 Downloading [====>                                              ]  83.27MB/907.7MB
 e0d55fdb4d15 Extracting [=============================>                     ]  65.18MB/109MB
 eb77aa907276 Downloading [====>                                              ]  88.58MB/907.7MB
 e0d55fdb4d15 Extracting [==================================>                ]  74.65MB/109MB
 eb77aa907276 Downloading [=====>                                             ]  93.37MB/907.7MB
 e0d55fdb4d15 Extracting [======================================>            ]     83MB/109MB
 eb77aa907276 Downloading [=====>                                             ]  97.12MB/907.7MB
 e0d55fdb4d15 Extracting [=========================================>         ]  91.36MB/109MB
 eb77aa907276 Downloading [=====>                                             ]  100.3MB/907.7MB
 e0d55fdb4d15 Extracting [==========================================>        ]  93.59MB/109MB
 eb77aa907276 Downloading [=====>                                             ]  101.9MB/907.7MB
 e0d55fdb4d15 Extracting [============================================>      ]  96.93MB/109MB
 eb77aa907276 Downloading [=====>                                             ]  105.7MB/907.7MB
 e0d55fdb4d15 Extracting [==============================================>    ]  100.3MB/109MB
 eb77aa907276 Downloading [======>                                            ]  109.4MB/907.7MB
 e0d55fdb4d15 Extracting [===============================================>   ]  103.6MB/109MB
 eb77aa907276 Downloading [======>                                            ]  111.5MB/907.7MB
 e0d55fdb4d15 Extracting [================================================>  ]  105.3MB/109MB
 eb77aa907276 Downloading [======>                                            ]  114.7MB/907.7MB
 eb77aa907276 Downloading [======>                                            ]  117.4MB/907.7MB
 eb77aa907276 Downloading [======>                                            ]  122.2MB/907.7MB
 e0d55fdb4d15 Extracting [=================================================> ]  107.5MB/109MB
 eb77aa907276 Downloading [=======>                                           ]  128.6MB/907.7MB
 eb77aa907276 Downloading [=======>                                           ]  131.3MB/907.7MB
 e0d55fdb4d15 Extracting [==================================================>]    109MB/109MB
 eb77aa907276 Downloading [=======>                                           ]  136.6MB/907.7MB
 eb77aa907276 Downloading [=======>                                           ]  138.2MB/907.7MB
 eb77aa907276 Downloading [========>                                          ]  145.7MB/907.7MB
 e0d55fdb4d15 Pull complete 
 c1cb13b19080 Extracting [==================================================>]  9.925kB/9.925kB
 c1cb13b19080 Extracting [==================================================>]  9.925kB/9.925kB
 c1cb13b19080 Pull complete 
 873532e5f8c7 Extracting [==================================================>]     128B/128B
 873532e5f8c7 Extracting [==================================================>]     128B/128B
 eb77aa907276 Downloading [========>                                          ]  150.4MB/907.7MB
 873532e5f8c7 Pull complete 
 050d9f8c3b1c Extracting [==================================================>]     169B/169B
 050d9f8c3b1c Extracting [==================================================>]     169B/169B
 050d9f8c3b1c Pull complete 
 710e142705f8 Extracting [==================================================>]  5.421kB/5.421kB
 710e142705f8 Extracting [==================================================>]  5.421kB/5.421kB
 710e142705f8 Pull complete 
 cb628c265f09 Extracting [==================================================>]     184B/184B
 cb628c265f09 Extracting [==================================================>]     184B/184B
 cb628c265f09 Pull complete 
 postgresql Pulled 
 eb77aa907276 Downloading [========>                                          ]    152MB/907.7MB
 eb77aa907276 Downloading [========>                                          ]  153.7MB/907.7MB
 eb77aa907276 Downloading [========>                                          ]  155.8MB/907.7MB
 eb77aa907276 Downloading [========>                                          ]  157.4MB/907.7MB
 eb77aa907276 Downloading [========>                                          ]  159.6MB/907.7MB
 eb77aa907276 Downloading [========>                                          ]  160.6MB/907.7MB
 eb77aa907276 Downloading [========>                                          ]  162.2MB/907.7MB
 eb77aa907276 Downloading [=========>                                         ]  163.8MB/907.7MB
 eb77aa907276 Downloading [=========>                                         ]    166MB/907.7MB
 eb77aa907276 Downloading [=========>                                         ]  168.7MB/907.7MB
 eb77aa907276 Downloading [=========>                                         ]  170.8MB/907.7MB
 eb77aa907276 Downloading [=========>                                         ]  173.4MB/907.7MB
 eb77aa907276 Downloading [=========>                                         ]  176.7MB/907.7MB
 eb77aa907276 Downloading [=========>                                         ]  179.9MB/907.7MB
 eb77aa907276 Downloading [==========>                                        ]  183.6MB/907.7MB
 eb77aa907276 Downloading [==========>                                        ]  185.2MB/907.7MB
 eb77aa907276 Downloading [==========>                                        ]  186.8MB/907.7MB
 eb77aa907276 Downloading [==========>                                        ]  198.6MB/907.7MB
 eb77aa907276 Downloading [===========>                                       ]  203.3MB/907.7MB
 eb77aa907276 Downloading [===========>                                       ]  209.8MB/907.7MB
 eb77aa907276 Downloading [===========>                                       ]  212.4MB/907.7MB
 eb77aa907276 Downloading [===========>                                       ]  214.5MB/907.7MB
 eb77aa907276 Downloading [============>                                      ]  218.8MB/907.7MB
 eb77aa907276 Downloading [============>                                      ]  220.4MB/907.7MB
 eb77aa907276 Downloading [============>                                      ]  223.6MB/907.7MB
 eb77aa907276 Downloading [============>                                      ]  227.4MB/907.7MB
 eb77aa907276 Downloading [============>                                      ]  234.9MB/907.7MB
 eb77aa907276 Downloading [=============>                                     ]  239.7MB/907.7MB
 eb77aa907276 Downloading [=============>                                     ]  246.6MB/907.7MB
 eb77aa907276 Downloading [==============>                                    ]  256.3MB/907.7MB
 eb77aa907276 Downloading [==============>                                    ]  262.7MB/907.7MB
 eb77aa907276 Downloading [==============>                                    ]  267.5MB/907.7MB
 eb77aa907276 Downloading [===============>                                   ]  272.8MB/907.7MB
 eb77aa907276 Downloading [===============>                                   ]  274.9MB/907.7MB
 eb77aa907276 Downloading [===============>                                   ]  278.7MB/907.7MB
 eb77aa907276 Downloading [===============>                                   ]  281.3MB/907.7MB
 eb77aa907276 Downloading [===============>                                   ]  283.4MB/907.7MB
 eb77aa907276 Downloading [===============>                                   ]  285.6MB/907.7MB
 eb77aa907276 Downloading [===============>                                   ]  288.8MB/907.7MB
 eb77aa907276 Downloading [================>                                  ]  290.9MB/907.7MB
 eb77aa907276 Downloading [================>                                  ]  295.2MB/907.7MB
 eb77aa907276 Downloading [================>                                  ]  298.4MB/907.7MB
 eb77aa907276 Downloading [================>                                  ]  302.2MB/907.7MB
 eb77aa907276 Downloading [================>                                  ]  303.7MB/907.7MB
 eb77aa907276 Downloading [================>                                  ]  307.5MB/907.7MB
 eb77aa907276 Downloading [=================>                                 ]  311.7MB/907.7MB
 eb77aa907276 Downloading [=================>                                 ]    316MB/907.7MB
 eb77aa907276 Downloading [=================>                                 ]  318.1MB/907.7MB
 eb77aa907276 Downloading [=================>                                 ]  321.3MB/907.7MB
 eb77aa907276 Downloading [=================>                                 ]  324.5MB/907.7MB
 eb77aa907276 Downloading [==================>                                ]  330.4MB/907.7MB
 eb77aa907276 Downloading [==================>                                ]  332.5MB/907.7MB
 eb77aa907276 Downloading [==================>                                ]  334.1MB/907.7MB
 eb77aa907276 Downloading [==================>                                ]  336.8MB/907.7MB
 eb77aa907276 Downloading [==================>                                ]  341.1MB/907.7MB
 eb77aa907276 Downloading [==================>                                ]  343.2MB/907.7MB
 eb77aa907276 Downloading [===================>                               ]  345.4MB/907.7MB
 eb77aa907276 Downloading [===================>                               ]    347MB/907.7MB
 eb77aa907276 Downloading [===================>                               ]  349.6MB/907.7MB
 eb77aa907276 Downloading [===================>                               ]  350.2MB/907.7MB
 eb77aa907276 Downloading [===================>                               ]  353.4MB/907.7MB
 eb77aa907276 Downloading [===================>                               ]  356.1MB/907.7MB
 eb77aa907276 Downloading [===================>                               ]  360.9MB/907.7MB
 eb77aa907276 Downloading [===================>                               ]  361.9MB/907.7MB
 eb77aa907276 Downloading [====================>                              ]  366.2MB/907.7MB
 eb77aa907276 Downloading [====================>                              ]  374.2MB/907.7MB
 eb77aa907276 Downloading [====================>                              ]  377.5MB/907.7MB
 eb77aa907276 Downloading [=====================>                             ]  383.9MB/907.7MB
 eb77aa907276 Downloading [=====================>                             ]  388.1MB/907.7MB
 eb77aa907276 Downloading [=====================>                             ]    393MB/907.7MB
 eb77aa907276 Downloading [=====================>                             ]  396.2MB/907.7MB
 eb77aa907276 Downloading [======================>                            ]  406.8MB/907.7MB
 eb77aa907276 Downloading [======================>                            ]  413.2MB/907.7MB
 eb77aa907276 Downloading [======================>                            ]  417.5MB/907.7MB
 eb77aa907276 Downloading [=======================>                           ]  422.3MB/907.7MB
 eb77aa907276 Downloading [=======================>                           ]  429.2MB/907.7MB
 eb77aa907276 Downloading [========================>                          ]  436.2MB/907.7MB
 eb77aa907276 Downloading [========================>                          ]  438.8MB/907.7MB
 eb77aa907276 Downloading [========================>                          ]  447.3MB/907.7MB
 eb77aa907276 Downloading [========================>                          ]  451.6MB/907.7MB
 eb77aa907276 Downloading [========================>                          ]  453.7MB/907.7MB
 eb77aa907276 Downloading [=========================>                         ]  456.9MB/907.7MB
 eb77aa907276 Downloading [=========================>                         ]  462.3MB/907.7MB
 eb77aa907276 Downloading [=========================>                         ]    466MB/907.7MB
 eb77aa907276 Downloading [=========================>                         ]  468.7MB/907.7MB
 eb77aa907276 Downloading [==========================>                        ]  472.4MB/907.7MB
 eb77aa907276 Downloading [==========================>                        ]  476.7MB/907.7MB
 eb77aa907276 Downloading [==========================>                        ]  481.5MB/907.7MB
 eb77aa907276 Downloading [==========================>                        ]  486.3MB/907.7MB
 eb77aa907276 Downloading [===========================>                       ]  492.2MB/907.7MB
 eb77aa907276 Downloading [===========================>                       ]  493.8MB/907.7MB
 eb77aa907276 Downloading [===========================>                       ]  495.3MB/907.7MB
 eb77aa907276 Downloading [===========================>                       ]  500.7MB/907.7MB
 eb77aa907276 Downloading [===========================>                       ]  507.7MB/907.7MB
 eb77aa907276 Downloading [============================>                      ]    513MB/907.7MB
 eb77aa907276 Downloading [============================>                      ]  519.9MB/907.7MB
 eb77aa907276 Downloading [=============================>                     ]  527.4MB/907.7MB
 eb77aa907276 Downloading [=============================>                     ]  531.2MB/907.7MB
 eb77aa907276 Downloading [=============================>                     ]  534.9MB/907.7MB
 eb77aa907276 Downloading [=============================>                     ]  540.8MB/907.7MB
 eb77aa907276 Downloading [=============================>                     ]  542.9MB/907.7MB
 eb77aa907276 Downloading [==============================>                    ]  548.2MB/907.7MB
 eb77aa907276 Downloading [==============================>                    ]  555.2MB/907.7MB
 eb77aa907276 Downloading [===============================>                   ]  563.2MB/907.7MB
 eb77aa907276 Downloading [===============================>                   ]  567.4MB/907.7MB
 eb77aa907276 Downloading [===============================>                   ]  570.6MB/907.7MB
 eb77aa907276 Downloading [===============================>                   ]  573.8MB/907.7MB
 eb77aa907276 Downloading [===============================>                   ]  579.1MB/907.7MB
 eb77aa907276 Downloading [================================>                  ]  585.6MB/907.7MB
 eb77aa907276 Downloading [================================>                  ]  588.7MB/907.7MB
 eb77aa907276 Downloading [================================>                  ]  591.4MB/907.7MB
 eb77aa907276 Downloading [================================>                  ]    593MB/907.7MB
 eb77aa907276 Downloading [================================>                  ]  597.8MB/907.7MB
 eb77aa907276 Downloading [=================================>                 ]  601.1MB/907.7MB
 eb77aa907276 Downloading [=================================>                 ]    608MB/907.7MB
 eb77aa907276 Downloading [==================================>                ]  618.2MB/907.7MB
 eb77aa907276 Downloading [==================================>                ]  626.7MB/907.7MB
 eb77aa907276 Downloading [==================================>                ]  633.7MB/907.7MB
 eb77aa907276 Downloading [===================================>               ]  642.8MB/907.7MB
 eb77aa907276 Downloading [===================================>               ]  652.9MB/907.7MB
 eb77aa907276 Downloading [====================================>              ]  658.2MB/907.7MB
 eb77aa907276 Downloading [====================================>              ]  661.4MB/907.7MB
 eb77aa907276 Downloading [====================================>              ]  668.9MB/907.7MB
 eb77aa907276 Downloading [=====================================>             ]  674.8MB/907.7MB
 eb77aa907276 Downloading [=====================================>             ]    678MB/907.7MB
 eb77aa907276 Downloading [=====================================>             ]  681.7MB/907.7MB
 eb77aa907276 Downloading [=====================================>             ]  685.4MB/907.7MB
 eb77aa907276 Downloading [=====================================>             ]  689.7MB/907.7MB
 eb77aa907276 Downloading [======================================>            ]  701.5MB/907.7MB
 eb77aa907276 Downloading [=======================================>           ]  712.7MB/907.7MB
 eb77aa907276 Downloading [=======================================>           ]  724.4MB/907.7MB
 eb77aa907276 Downloading [========================================>          ]  732.9MB/907.7MB
 eb77aa907276 Downloading [========================================>          ]  742.6MB/907.7MB
 eb77aa907276 Downloading [=========================================>         ]  746.3MB/907.7MB
 eb77aa907276 Downloading [=========================================>         ]  751.2MB/907.7MB
 eb77aa907276 Downloading [=========================================>         ]  757.6MB/907.7MB
 eb77aa907276 Downloading [=========================================>         ]  761.8MB/907.7MB
 eb77aa907276 Downloading [==========================================>        ]    764MB/907.7MB
 eb77aa907276 Downloading [==========================================>        ]  767.7MB/907.7MB
 eb77aa907276 Downloading [==========================================>        ]    771MB/907.7MB
 eb77aa907276 Downloading [===========================================>       ]  780.6MB/907.7MB
 eb77aa907276 Downloading [===========================================>       ]  789.7MB/907.7MB
 eb77aa907276 Downloading [============================================>      ]  799.3MB/907.7MB
 eb77aa907276 Downloading [============================================>      ]  806.3MB/907.7MB
 eb77aa907276 Downloading [============================================>      ]  813.7MB/907.7MB
 eb77aa907276 Downloading [=============================================>     ]  820.1MB/907.7MB
 eb77aa907276 Downloading [=============================================>     ]  827.1MB/907.7MB
 eb77aa907276 Downloading [=============================================>     ]  834.6MB/907.7MB
 eb77aa907276 Downloading [==============================================>    ]  839.4MB/907.7MB
 eb77aa907276 Downloading [==============================================>    ]  849.6MB/907.7MB
 eb77aa907276 Downloading [===============================================>   ]  855.5MB/907.7MB
 eb77aa907276 Downloading [===============================================>   ]  860.8MB/907.7MB
 eb77aa907276 Downloading [===============================================>   ]  864.5MB/907.7MB
 eb77aa907276 Downloading [===============================================>   ]  868.8MB/907.7MB
 eb77aa907276 Downloading [================================================>  ]  873.6MB/907.7MB
 eb77aa907276 Downloading [================================================>  ]  879.5MB/907.7MB
 eb77aa907276 Downloading [================================================>  ]  883.2MB/907.7MB
 eb77aa907276 Downloading [================================================>  ]    887MB/907.7MB
 eb77aa907276 Downloading [=================================================> ]  889.6MB/907.7MB
 eb77aa907276 Downloading [=================================================> ]  893.4MB/907.7MB
 eb77aa907276 Downloading [=================================================> ]    896MB/907.7MB
 eb77aa907276 Verifying Checksum 
 eb77aa907276 Download complete 
 eb77aa907276 Extracting [>                                                  ]  557.1kB/907.7MB
 eb77aa907276 Extracting [=>                                                 ]  23.95MB/907.7MB
 eb77aa907276 Extracting [==>                                                ]  46.24MB/907.7MB
 eb77aa907276 Extracting [===>                                               ]  69.63MB/907.7MB
 eb77aa907276 Extracting [====>                                              ]  81.89MB/907.7MB
 eb77aa907276 Extracting [=====>                                             ]  94.14MB/907.7MB
 eb77aa907276 Extracting [=====>                                             ]  103.1MB/907.7MB
 eb77aa907276 Extracting [======>                                            ]  112.5MB/907.7MB
 eb77aa907276 Extracting [======>                                            ]  121.4MB/907.7MB
 eb77aa907276 Extracting [=======>                                           ]  130.4MB/907.7MB
 eb77aa907276 Extracting [=======>                                           ]  138.7MB/907.7MB
 eb77aa907276 Extracting [========>                                          ]  145.9MB/907.7MB
 eb77aa907276 Extracting [========>                                          ]  154.3MB/907.7MB
 eb77aa907276 Extracting [=========>                                         ]  165.4MB/907.7MB
 eb77aa907276 Extracting [==========>                                        ]  187.7MB/907.7MB
 eb77aa907276 Extracting [===========>                                       ]  208.3MB/907.7MB
 eb77aa907276 Extracting [============>                                      ]  219.5MB/907.7MB
 eb77aa907276 Extracting [============>                                      ]  230.1MB/907.7MB
 eb77aa907276 Extracting [=============>                                     ]  239.5MB/907.7MB
 eb77aa907276 Extracting [=============>                                     ]  253.5MB/907.7MB
 eb77aa907276 Extracting [===============>                                   ]  273.5MB/907.7MB
 eb77aa907276 Extracting [================>                                  ]  297.5MB/907.7MB
 eb77aa907276 Extracting [=================>                                 ]  318.6MB/907.7MB
 eb77aa907276 Extracting [==================>                                ]  339.8MB/907.7MB
 eb77aa907276 Extracting [===================>                               ]  359.3MB/907.7MB
 eb77aa907276 Extracting [====================>                              ]  366.5MB/907.7MB
 eb77aa907276 Extracting [====================>                              ]  374.3MB/907.7MB
 eb77aa907276 Extracting [=====================>                             ]  395.5MB/907.7MB
 eb77aa907276 Extracting [=======================>                           ]  419.5MB/907.7MB
 eb77aa907276 Extracting [========================>                          ]  446.2MB/907.7MB
 eb77aa907276 Extracting [==========================>                        ]  473.5MB/907.7MB
 eb77aa907276 Extracting [===========================>                       ]  501.4MB/907.7MB
 eb77aa907276 Extracting [=============================>                     ]  528.6MB/907.7MB
 eb77aa907276 Extracting [==============================>                    ]  551.5MB/907.7MB
 eb77aa907276 Extracting [===============================>                   ]  577.1MB/907.7MB
 eb77aa907276 Extracting [=================================>                 ]  603.3MB/907.7MB
 eb77aa907276 Extracting [==================================>                ]  628.9MB/907.7MB
 eb77aa907276 Extracting [====================================>              ]  656.8MB/907.7MB
 eb77aa907276 Extracting [=====================================>             ]  683.5MB/907.7MB
 eb77aa907276 Extracting [=======================================>           ]  708.6MB/907.7MB
 eb77aa907276 Extracting [========================================>          ]  731.4MB/907.7MB
 eb77aa907276 Extracting [=========================================>         ]  753.1MB/907.7MB
 eb77aa907276 Extracting [==========================================>        ]  774.3MB/907.7MB
 eb77aa907276 Extracting [===========================================>       ]  794.9MB/907.7MB
 eb77aa907276 Extracting [============================================>      ]  816.1MB/907.7MB
 eb77aa907276 Extracting [==============================================>    ]  836.7MB/907.7MB
 eb77aa907276 Extracting [===============================================>   ]  857.9MB/907.7MB
 eb77aa907276 Extracting [================================================>  ]    879MB/907.7MB
 eb77aa907276 Extracting [=================================================> ]  901.3MB/907.7MB
 eb77aa907276 Extracting [==================================================>]  907.7MB/907.7MB
 eb77aa907276 Pull complete 
 4f4fb700ef54 Extracting [==================================================>]      32B/32B
 4f4fb700ef54 Extracting [==================================================>]      32B/32B
 4f4fb700ef54 Pull complete 
 0ffa8f8aba1e Extracting [==================================================>]     226B/226B
 0ffa8f8aba1e Extracting [==================================================>]     226B/226B
 0ffa8f8aba1e Pull complete 
 2e81b9cb93cd Extracting [==================================================>]  1.859kB/1.859kB
 2e81b9cb93cd Extracting [==================================================>]  1.859kB/1.859kB
 2e81b9cb93cd Pull complete 
 opensearch Pulled 
 Network docker_services_cli_default  Creating
 Network docker_services_cli_default  Created
 Container docker_services_cli-postgresql-1  Creating
 Container docker_services_cli-opensearch-1  Creating
 Container docker_services_cli-redis-1  Creating
 Container docker_services_cli-opensearch-1  Created
 Container docker_services_cli-redis-1  Created
 Container docker_services_cli-postgresql-1  Created
 Container docker_services_cli-opensearch-1  Starting
 Container docker_services_cli-redis-1  Starting
 Container docker_services_cli-postgresql-1  Starting
 Container docker_services_cli-redis-1  Started
 Container docker_services_cli-postgresql-1  Started
 Container docker_services_cli-opensearch-1  Started
============================= test session starts ==============================
platform linux -- Python 3.14.2, pytest-8.4.2, pluggy-1.6.0
rootdir: /home/runner/work/invenio-testrig/invenio-testrig/workdir/tests/invenio-github/patched
configfile: setup.cfg
testpaths: tests, invenio_github
plugins: mock-3.15.1, invenio-4.0.0, isort-4.0.0, flask-1.3.0, github-actions-annotate-failures-0.3.0, pydocstyle-2.4.0, cov-7.0.0, black-0.6.0, pycodestyle-2.5.0
collected 18 items

tests/test_alembic.py .                                                  [  5%]
tests/test_api.py .::warning file=/home/runner/work/invenio-testrig/invenio-testrig/workdir/tests/invenio-github/patched/.venv/lib/python3.14/site-packages/flask_caching/__init__.py,line=145::Using the initialization functions in flask_caching.backend is deprecated.  Use the a full path to backend classes directly.
::warning file=/home/runner/work/invenio-testrig/invenio-testrig/workdir/tests/invenio-github/patched/.venv/lib/python3.14/site-packages/invenio_rest/ext.py,line=29::CSRF validation will be enabled by default in the version 1.3.x
........                                              [ 55%]
tests/test_invenio_github.py ..                                          [ 66%]
tests/test_models.py .::warning file=/home/runner/work/invenio-testrig/invenio-testrig/workdir/tests/invenio-github/patched/.venv/lib/python3.14/site-packages/flask_caching/__init__.py,line=145::Using the initialization functions in flask_caching.backend is deprecated.  Use the a full path to backend classes directly.
::warning file=/home/runner/work/invenio-testrig/invenio-testrig/workdir/tests/invenio-github/patched/.venv/lib/python3.14/site-packages/invenio_rest/ext.py,line=29::CSRF validation will be enabled by default in the version 1.3.x
                                                   [ 72%]
tests/test_tasks.py .::warning file=/home/runner/work/invenio-testrig/invenio-testrig/workdir/tests/invenio-github/patched/.venv/lib/python3.14/site-packages/flask_caching/__init__.py,line=145::Using the initialization functions in flask_caching.backend is deprecated.  Use the a full path to backend classes directly.
::warning file=/home/runner/work/invenio-testrig/invenio-testrig/workdir/tests/invenio-github/patched/.venv/lib/python3.14/site-packages/invenio_rest/ext.py,line=29::CSRF validation will be enabled by default in the version 1.3.x
.                                                   [ 83%]
tests/test_views.py .::warning file=/home/runner/work/invenio-testrig/invenio-testrig/workdir/tests/invenio-github/patched/.venv/lib/python3.14/site-packages/flask_caching/__init__.py,line=145::Using the initialization functions in flask_caching.backend is deprecated.  Use the a full path to backend classes directly.
::warning file=/home/runner/work/invenio-testrig/invenio-testrig/workdir/tests/invenio-github/patched/.venv/lib/python3.14/site-packages/invenio_rest/ext.py,line=29::CSRF validation will be enabled by default in the version 1.3.x
                                                    [ 88%]
tests/test_webhook.py .::warning file=/home/runner/work/invenio-testrig/invenio-testrig/workdir/tests/invenio-github/patched/.venv/lib/python3.14/site-packages/flask_caching/__init__.py,line=145::Using the initialization functions in flask_caching.backend is deprecated.  Use the a full path to backend classes directly.
::warning file=/home/runner/work/invenio-testrig/invenio-testrig/workdir/tests/invenio-github/patched/.venv/lib/python3.14/site-packages/invenio_rest/ext.py,line=29::CSRF validation will be enabled by default in the version 1.3.x
.                                                 [100%]

=============================== warnings summary ===============================
tests/test_api.py::test_github_api_create_hook
tests/test_models.py::test_repository_unbound
tests/test_tasks.py::test_real_process_release_task
tests/test_views.py::test_api_init_user
tests/test_webhook.py::test_webhook_post
  /home/runner/work/invenio-testrig/invenio-testrig/workdir/tests/invenio-github/patched/.venv/lib/python3.14/site-packages/flask_caching/__init__.py:145: DeprecationWarning: Using the initialization functions in flask_caching.backend is deprecated.  Use the a full path to backend classes directly.
    self._set_cache(app, config)

tests/test_api.py::test_github_api_create_hook
tests/test_models.py::test_repository_unbound
tests/test_tasks.py::test_real_process_release_task
tests/test_views.py::test_api_init_user
tests/test_webhook.py::test_webhook_post
  /home/runner/work/invenio-testrig/invenio-testrig/workdir/tests/invenio-github/patched/.venv/lib/python3.14/site-packages/invenio_rest/ext.py:29: FutureWarning: CSRF validation will be enabled by default in the version 1.3.x
    self.init_app(app)

-- Docs: https://docs.pytest.org/en/stable/how-to/capture-warnings.html
================================ tests coverage ================================
_______________ coverage: platform linux, python 3.14.2-final-0 ________________

Name                                                           Stmts   Miss  Cover   Missing
--------------------------------------------------------------------------------------------
invenio_github/__init__.py                                         3      0   100%
invenio_github/alembic/2f62e6442a08_change_datetime_types.py      13      0   100%
invenio_github/alembic/5a5428312b2b_create_github_branch.py       10      0   100%
invenio_github/alembic/b0eaee37b545_create_github_tables.py       20      0   100%
invenio_github/api.py                                            358    151    58%   74, 79-83, 88-96, 118-125, 138, 150, 155, 240-245, 263-269, 293, 298-303, 332, 343, 347-363, 367-371, 375-383, 387-402, 407, 412, 416-419, 433-439, 446-453, 458-460, 465-470, 475-480, 494, 524-530, 535-538, 548-551, 562-583, 591-597, 603-604, 608, 622, 642-650, 653, 664, 668, 672, 687-689, 695-699, 711, 715, 721, 727, 732
invenio_github/config.py                                          31      0   100%
invenio_github/errors.py                                          63     23    63%   42-46, 56-57, 78-80, 90-91, 101-102, 112-113, 123-124, 134-135, 145, 155, 165
invenio_github/ext.py                                             38      6    84%   55, 62-63, 87, 92-93
invenio_github/models.py                                          95      8    92%   92, 97, 102, 107, 198-199, 203, 261
invenio_github/proxies.py                                          3      0   100%
invenio_github/receivers.py                                       41      7    83%   67, 80, 99, 107-108, 110-111
invenio_github/tasks.py                                           87     37    57%   44-47, 52-53, 58-59, 76-95, 113-118, 137-145, 148
invenio_github/utils.py                                           19      9    53%   42-45, 55-59
invenio_github/views/__init__.py                                   0      0   100%
invenio_github/views/badge.py                                     48     32    33%   51-68, 75-92, 100-111, 118-125
invenio_github/views/github.py                                   130     74    43%   46-50, 89-104, 114-139, 156-164, 176-178, 194-220, 235-263
invenio_github/webpack.py                                          2      2     0%   9-11
--------------------------------------------------------------------------------------------
TOTAL                                                            961    349    64%
======================= 18 passed, 10 warnings in 10.43s =======================
 Container docker_services_cli-postgresql-1  Stopping
 Container docker_services_cli-opensearch-1  Stopping
 Container docker_services_cli-redis-1  Stopping
 Container docker_services_cli-redis-1  Stopped
 Container docker_services_cli-redis-1  Removing
 Container docker_services_cli-postgresql-1  Stopped
 Container docker_services_cli-postgresql-1  Removing
 Container docker_services_cli-redis-1  Removed
 Container docker_services_cli-postgresql-1  Removed
 Container docker_services_cli-opensearch-1  Stopped
 Container docker_services_cli-opensearch-1  Removing
 Container docker_services_cli-opensearch-1  Removed
 Network docker_services_cli_default  Removing
 Network docker_services_cli_default  Removed
