running extract_messages
extracting messages from invenio_drafts_resources/__init__.py (encoding="utf-8")
extracting messages from invenio_drafts_resources/auditlog/__init__.py (encoding="utf-8")
extracting messages from invenio_drafts_resources/auditlog/actions.py (encoding="utf-8")
extracting messages from invenio_drafts_resources/auditlog/context.py (encoding="utf-8")
extracting messages from invenio_drafts_resources/records/__init__.py (encoding="utf-8")
extracting messages from invenio_drafts_resources/records/api.py (encoding="utf-8")
extracting messages from invenio_drafts_resources/records/models.py (encoding="utf-8")
extracting messages from invenio_drafts_resources/records/systemfields/__init__.py (encoding="utf-8")
extracting messages from invenio_drafts_resources/records/systemfields/parent.py (encoding="utf-8")
extracting messages from invenio_drafts_resources/records/systemfields/versions.py (encoding="utf-8")
extracting messages from invenio_drafts_resources/resources/__init__.py (encoding="utf-8")
extracting messages from invenio_drafts_resources/resources/records/__init__.py (encoding="utf-8")
extracting messages from invenio_drafts_resources/resources/records/args.py (encoding="utf-8")
extracting messages from invenio_drafts_resources/resources/records/config.py (encoding="utf-8")
extracting messages from invenio_drafts_resources/resources/records/errors.py (encoding="utf-8")
extracting messages from invenio_drafts_resources/resources/records/resource.py (encoding="utf-8")
extracting messages from invenio_drafts_resources/services/__init__.py (encoding="utf-8")
extracting messages from invenio_drafts_resources/services/records/__init__.py (encoding="utf-8")
extracting messages from invenio_drafts_resources/services/records/config.py (encoding="utf-8")
extracting messages from invenio_drafts_resources/services/records/permissions.py (encoding="utf-8")
extracting messages from invenio_drafts_resources/services/records/schema.py (encoding="utf-8")
extracting messages from invenio_drafts_resources/services/records/search_params.py (encoding="utf-8")
extracting messages from invenio_drafts_resources/services/records/service.py (encoding="utf-8")
extracting messages from invenio_drafts_resources/services/records/tasks.py (encoding="utf-8")
extracting messages from invenio_drafts_resources/services/records/uow.py (encoding="utf-8")
extracting messages from invenio_drafts_resources/services/records/components/__init__.py (encoding="utf-8")
extracting messages from invenio_drafts_resources/services/records/components/base.py (encoding="utf-8")
extracting messages from invenio_drafts_resources/services/records/components/files.py (encoding="utf-8")
extracting messages from invenio_drafts_resources/services/records/components/media_files.py (encoding="utf-8")
extracting messages from invenio_drafts_resources/services/records/components/metadata.py (encoding="utf-8")
extracting messages from invenio_drafts_resources/services/records/components/pid.py (encoding="utf-8")
extracting messages from invenio_drafts_resources/services/records/components/relations.py (encoding="utf-8")
writing PO template file to /dev/null
 postgresql Pulling 
 opensearch Pulling 
 b0a0cf830b12 Pulling fs layer 
 dda3d8fbd5ed Pulling fs layer 
 283a477db7bb Pulling fs layer 
 91d2729fa4d5 Pulling fs layer 
 9739ced65621 Pulling fs layer 
 ae3bb1b347a4 Pulling fs layer 
 f8406d9c00ea Pulling fs layer 
 c199bff16b05 Pulling fs layer 
 e0d55fdb4d15 Pulling fs layer 
 c1cb13b19080 Pulling fs layer 
 873532e5f8c7 Pulling fs layer 
 050d9f8c3b1c Pulling fs layer 
 710e142705f8 Pulling fs layer 
 cb628c265f09 Pulling fs layer 
 c199bff16b05 Waiting 
 e0d55fdb4d15 Waiting 
 c1cb13b19080 Waiting 
 873532e5f8c7 Waiting 
 9739ced65621 Waiting 
 ae3bb1b347a4 Waiting 
 050d9f8c3b1c Waiting 
 710e142705f8 Waiting 
 cb628c265f09 Waiting 
 f8406d9c00ea Waiting 
 91d2729fa4d5 Waiting 
 f9dd052e142d Pulling fs layer 
 e8c6d4883897 Pulling fs layer 
 648eb81b3252 Pulling fs layer 
 eb77aa907276 Pulling fs layer 
 4f4fb700ef54 Pulling fs layer 
 0ffa8f8aba1e Pulling fs layer 
 2e81b9cb93cd Pulling fs layer 
 e8c6d4883897 Waiting 
 648eb81b3252 Waiting 
 eb77aa907276 Waiting 
 4f4fb700ef54 Waiting 
 0ffa8f8aba1e Waiting 
 2e81b9cb93cd Waiting 
 f9dd052e142d Waiting 
 283a477db7bb Downloading [>                                                  ]  46.52kB/4.533MB
 b0a0cf830b12 Downloading [>                                                  ]  306.4kB/29.15MB
 dda3d8fbd5ed Downloading [==============================>                    ]     720B/1.165kB
 dda3d8fbd5ed Downloading [==================================================>]  1.165kB/1.165kB
 dda3d8fbd5ed Verifying Checksum 
 dda3d8fbd5ed Download complete 
 283a477db7bb Verifying Checksum 
 283a477db7bb Download complete 
 91d2729fa4d5 Downloading [>                                                  ]  14.82kB/1.45MB
 b0a0cf830b12 Downloading [==============================================>    ]     27MB/29.15MB
 91d2729fa4d5 Verifying Checksum 
 91d2729fa4d5 Download complete 
 b0a0cf830b12 Verifying Checksum 
 b0a0cf830b12 Download complete 
 b0a0cf830b12 Extracting [>                                                  ]  294.9kB/29.15MB
 9739ced65621 Downloading [>                                                  ]   84.3kB/8.069MB
 9739ced65621 Verifying Checksum 
 9739ced65621 Download complete 
 f8406d9c00ea Downloading [==================================================>]     116B/116B
 f8406d9c00ea Verifying Checksum 
 f8406d9c00ea Download complete 
 ae3bb1b347a4 Downloading [>                                                  ]  12.08kB/1.196MB
 ae3bb1b347a4 Verifying Checksum 
 ae3bb1b347a4 Download complete 
 b0a0cf830b12 Extracting [=========>                                         ]  5.603MB/29.15MB
 c199bff16b05 Downloading [===========>                                       ]     720B/3.145kB
 c199bff16b05 Downloading [==================================================>]  3.145kB/3.145kB
 c199bff16b05 Download complete 
 c1cb13b19080 Downloading [===>                                               ]     687B/9.925kB
 c1cb13b19080 Downloading [==================================================>]  9.925kB/9.925kB
 c1cb13b19080 Verifying Checksum 
 c1cb13b19080 Download complete 
 e0d55fdb4d15 Downloading [>                                                  ]  528.2kB/109MB
 b0a0cf830b12 Extracting [================>                                  ]  9.732MB/29.15MB
 873532e5f8c7 Downloading [==================================================>]     128B/128B
 873532e5f8c7 Verifying Checksum 
 873532e5f8c7 Download complete 
 e0d55fdb4d15 Downloading [==============>                                    ]  30.52MB/109MB
 050d9f8c3b1c Downloading [==================================================>]     169B/169B
 050d9f8c3b1c Verifying Checksum 
 050d9f8c3b1c Download complete 
 b0a0cf830b12 Extracting [=====================>                             ]  12.68MB/29.15MB
 710e142705f8 Downloading [======>                                            ]     719B/5.421kB
 710e142705f8 Downloading [==================================================>]  5.421kB/5.421kB
 710e142705f8 Download complete 
 e0d55fdb4d15 Downloading [=========================>                         ]  56.27MB/109MB
 cb628c265f09 Downloading [==================================================>]     184B/184B
 cb628c265f09 Verifying Checksum 
 cb628c265f09 Download complete 
 b0a0cf830b12 Extracting [==================================>                ]  20.05MB/29.15MB
 f9dd052e142d Downloading [>                                                  ]  532.5kB/52.33MB
 e0d55fdb4d15 Downloading [=======================================>           ]  85.72MB/109MB
 e8c6d4883897 Downloading [>                                                  ]  44.47kB/4.398MB
 e8c6d4883897 Verifying Checksum 
 e8c6d4883897 Download complete 
 b0a0cf830b12 Extracting [=========================================>         ]  24.18MB/29.15MB
 f9dd052e142d Downloading [===========================>                       ]   29.1MB/52.33MB
 e0d55fdb4d15 Download complete 
 648eb81b3252 Downloading [=======================>                           ]     720B/1.561kB
 648eb81b3252 Downloading [==================================================>]  1.561kB/1.561kB
 648eb81b3252 Verifying Checksum 
 648eb81b3252 Download complete 
 f9dd052e142d Verifying Checksum 
 f9dd052e142d Download complete 
 f9dd052e142d Extracting [>                                                  ]  524.3kB/52.33MB
 eb77aa907276 Downloading [>                                                  ]  540.7kB/907.7MB
 b0a0cf830b12 Extracting [==========================================>        ]  24.77MB/29.15MB
 4f4fb700ef54 Downloading [==================================================>]      32B/32B
 4f4fb700ef54 Verifying Checksum 
 4f4fb700ef54 Download complete 
 0ffa8f8aba1e Downloading [==================================================>]     226B/226B
 0ffa8f8aba1e Verifying Checksum 
 0ffa8f8aba1e Download complete 
 f9dd052e142d Extracting [=>                                                 ]  1.049MB/52.33MB
 eb77aa907276 Downloading [=>                                                 ]  28.38MB/907.7MB
 2e81b9cb93cd Downloading [===================>                               ]     707B/1.859kB
 2e81b9cb93cd Downloading [==================================================>]  1.859kB/1.859kB
 2e81b9cb93cd Verifying Checksum 
 2e81b9cb93cd Download complete 
 b0a0cf830b12 Extracting [===============================================>   ]  27.72MB/29.15MB
 eb77aa907276 Downloading [===>                                               ]  57.38MB/907.7MB
 f9dd052e142d Extracting [====>                                              ]  4.719MB/52.33MB
 eb77aa907276 Downloading [====>                                              ]  85.39MB/907.7MB
 eb77aa907276 Downloading [======>                                            ]  112.2MB/907.7MB
 f9dd052e142d Extracting [=====>                                             ]  5.767MB/52.33MB
 eb77aa907276 Downloading [=======>                                           ]  138.5MB/907.7MB
 f9dd052e142d Extracting [===========>                                       ]  11.53MB/52.33MB
 b0a0cf830b12 Extracting [================================================>  ]  28.31MB/29.15MB
 eb77aa907276 Downloading [=========>                                         ]    166MB/907.7MB
 f9dd052e142d Extracting [================>                                  ]   17.3MB/52.33MB
 eb77aa907276 Downloading [==========>                                        ]  192.9MB/907.7MB
 b0a0cf830b12 Extracting [==================================================>]  29.15MB/29.15MB
 f9dd052e142d Extracting [======================>                            ]  23.59MB/52.33MB
 b0a0cf830b12 Pull complete 
 dda3d8fbd5ed Extracting [==================================================>]  1.165kB/1.165kB
 dda3d8fbd5ed Extracting [==================================================>]  1.165kB/1.165kB
 eb77aa907276 Downloading [============>                                      ]  220.8MB/907.7MB
 f9dd052e142d Extracting [=========================>                         ]  26.74MB/52.33MB
 eb77aa907276 Downloading [=============>                                     ]  237.5MB/907.7MB
 f9dd052e142d Extracting [===========================>                       ]  28.84MB/52.33MB
 eb77aa907276 Downloading [==============>                                    ]    259MB/907.7MB
 f9dd052e142d Extracting [============================>                      ]  29.88MB/52.33MB
 eb77aa907276 Downloading [===============>                                   ]  282.1MB/907.7MB
 eb77aa907276 Downloading [=================>                                 ]  309.6MB/907.7MB
 f9dd052e142d Extracting [=============================>                     ]  30.41MB/52.33MB
 eb77aa907276 Downloading [==================>                                ]  335.9MB/907.7MB
 f9dd052e142d Extracting [===============================>                   ]  33.03MB/52.33MB
 eb77aa907276 Downloading [===================>                               ]  358.5MB/907.7MB
 f9dd052e142d Extracting [=================================>                 ]   34.6MB/52.33MB
 eb77aa907276 Downloading [=====================>                             ]  389.1MB/907.7MB
 f9dd052e142d Extracting [===================================>               ]   36.7MB/52.33MB
 eb77aa907276 Downloading [======================>                            ]  413.8MB/907.7MB
 f9dd052e142d Extracting [=====================================>             ]   38.8MB/52.33MB
 eb77aa907276 Downloading [=======================>                           ]  434.8MB/907.7MB
 eb77aa907276 Downloading [=========================>                         ]  462.9MB/907.7MB
 f9dd052e142d Extracting [=======================================>           ]  41.42MB/52.33MB
 eb77aa907276 Downloading [==========================>                        ]  484.3MB/907.7MB
 f9dd052e142d Extracting [==========================================>        ]  44.56MB/52.33MB
 eb77aa907276 Downloading [===========================>                       ]  506.3MB/907.7MB
 f9dd052e142d Extracting [=============================================>     ]  47.71MB/52.33MB
 eb77aa907276 Downloading [=============================>                     ]  527.9MB/907.7MB
 eb77aa907276 Downloading [==============================>                    ]  551.6MB/907.7MB
 eb77aa907276 Downloading [===============================>                   ]  566.1MB/907.7MB
 eb77aa907276 Downloading [================================>                  ]  595.5MB/907.7MB
 eb77aa907276 Downloading [==================================>                ]  621.8MB/907.7MB
 f9dd052e142d Extracting [=================================================> ]  51.38MB/52.33MB
 eb77aa907276 Downloading [===================================>               ]  648.6MB/907.7MB
 f9dd052e142d Extracting [=================================================> ]   51.9MB/52.33MB
 f9dd052e142d Extracting [==================================================>]  52.33MB/52.33MB
 eb77aa907276 Downloading [====================================>              ]  669.6MB/907.7MB
 eb77aa907276 Downloading [======================================>            ]  692.7MB/907.7MB
 f9dd052e142d Pull complete 
 e8c6d4883897 Extracting [>                                                  ]  65.54kB/4.398MB
 eb77aa907276 Downloading [======================================>            ]  706.6MB/907.7MB
 e8c6d4883897 Extracting [====>                                              ]  393.2kB/4.398MB
 eb77aa907276 Downloading [========================================>          ]  726.6MB/907.7MB
 e8c6d4883897 Extracting [========>                                          ]  720.9kB/4.398MB
 eb77aa907276 Downloading [========================================>          ]  736.2MB/907.7MB
 e8c6d4883897 Extracting [===================>                               ]  1.704MB/4.398MB
 eb77aa907276 Downloading [=========================================>         ]  746.3MB/907.7MB
 eb77aa907276 Downloading [=========================================>         ]    749MB/907.7MB
 eb77aa907276 Downloading [=========================================>         ]  750.6MB/907.7MB
 e8c6d4883897 Extracting [====================>                              ]  1.769MB/4.398MB
 eb77aa907276 Downloading [=========================================>         ]  754.9MB/907.7MB
 eb77aa907276 Downloading [=========================================>         ]  757.5MB/907.7MB
 e8c6d4883897 Extracting [=====================>                             ]  1.901MB/4.398MB
 eb77aa907276 Downloading [=========================================>         ]  758.6MB/907.7MB
 eb77aa907276 Downloading [==========================================>        ]    773MB/907.7MB
 e8c6d4883897 Extracting [=======================>                           ]  2.032MB/4.398MB
 eb77aa907276 Downloading [===========================================>       ]  788.5MB/907.7MB
 eb77aa907276 Downloading [===========================================>       ]  790.1MB/907.7MB
 e8c6d4883897 Extracting [========================>                          ]  2.163MB/4.398MB
 eb77aa907276 Downloading [============================================>      ]  804.5MB/907.7MB
 e8c6d4883897 Extracting [===============================>                   ]  2.753MB/4.398MB
 eb77aa907276 Downloading [=============================================>     ]  830.9MB/907.7MB
 e8c6d4883897 Extracting [================================>                  ]  2.884MB/4.398MB
 eb77aa907276 Downloading [==============================================>    ]  839.4MB/907.7MB
 e8c6d4883897 Extracting [=================================>                 ]  2.949MB/4.398MB
 eb77aa907276 Downloading [===============================================>   ]    869MB/907.7MB
 eb77aa907276 Downloading [================================================>  ]    884MB/907.7MB
 e8c6d4883897 Extracting [===================================>               ]   3.08MB/4.398MB
 eb77aa907276 Downloading [=================================================> ]  902.8MB/907.7MB
 e8c6d4883897 Extracting [====================================>              ]  3.211MB/4.398MB
 eb77aa907276 Verifying Checksum 
 eb77aa907276 Download complete 
 e8c6d4883897 Extracting [=====================================>             ]  3.342MB/4.398MB
 dda3d8fbd5ed Pull complete 
 283a477db7bb Extracting [>                                                  ]  65.54kB/4.533MB
 e8c6d4883897 Extracting [========================================>          ]  3.539MB/4.398MB
 e8c6d4883897 Extracting [==================================================>]  4.398MB/4.398MB
 283a477db7bb Extracting [=================================================> ]  4.522MB/4.533MB
 283a477db7bb Extracting [==================================================>]  4.533MB/4.533MB
 283a477db7bb Pull complete 
 91d2729fa4d5 Extracting [=>                                                 ]  32.77kB/1.45MB
 e8c6d4883897 Pull complete 
 648eb81b3252 Extracting [==================================================>]  1.561kB/1.561kB
 648eb81b3252 Extracting [==================================================>]  1.561kB/1.561kB
 91d2729fa4d5 Extracting [==================================================>]   1.45MB/1.45MB
 648eb81b3252 Pull complete 
 91d2729fa4d5 Pull complete 
 9739ced65621 Extracting [>                                                  ]   98.3kB/8.069MB
 eb77aa907276 Extracting [>                                                  ]  557.1kB/907.7MB
 9739ced65621 Extracting [====================>                              ]  3.342MB/8.069MB
 eb77aa907276 Extracting [=>                                                 ]  20.05MB/907.7MB
 9739ced65621 Extracting [==============================>                    ]  4.915MB/8.069MB
 eb77aa907276 Extracting [==>                                                ]  37.32MB/907.7MB
 9739ced65621 Extracting [========================================>          ]  6.586MB/8.069MB
 eb77aa907276 Extracting [===>                                               ]  55.15MB/907.7MB
 9739ced65621 Extracting [==================================================>]  8.069MB/8.069MB
 9739ced65621 Pull complete 
 eb77aa907276 Extracting [====>                                              ]  72.97MB/907.7MB
 ae3bb1b347a4 Extracting [=>                                                 ]  32.77kB/1.196MB
 ae3bb1b347a4 Extracting [==================================================>]  1.196MB/1.196MB
 ae3bb1b347a4 Extracting [==================================================>]  1.196MB/1.196MB
 ae3bb1b347a4 Pull complete 
 f8406d9c00ea Extracting [==================================================>]     116B/116B
 f8406d9c00ea Extracting [==================================================>]     116B/116B
 f8406d9c00ea Pull complete 
 c199bff16b05 Extracting [==================================================>]  3.145kB/3.145kB
 c199bff16b05 Extracting [==================================================>]  3.145kB/3.145kB
 c199bff16b05 Pull complete 
 eb77aa907276 Extracting [====>                                              ]  81.89MB/907.7MB
 e0d55fdb4d15 Extracting [>                                                  ]  557.1kB/109MB
 eb77aa907276 Extracting [=====>                                             ]  93.03MB/907.7MB
 e0d55fdb4d15 Extracting [==>                                                ]  6.128MB/109MB
 eb77aa907276 Extracting [=====>                                             ]  100.3MB/907.7MB
 e0d55fdb4d15 Extracting [====>                                              ]  8.913MB/109MB
 eb77aa907276 Extracting [=====>                                             ]  108.1MB/907.7MB
 eb77aa907276 Extracting [======>                                            ]  115.9MB/907.7MB
 e0d55fdb4d15 Extracting [=====>                                             ]  12.81MB/109MB
 eb77aa907276 Extracting [======>                                            ]  123.1MB/907.7MB
 e0d55fdb4d15 Extracting [=======>                                           ]  16.71MB/109MB
 eb77aa907276 Extracting [=======>                                           ]  129.8MB/907.7MB
 e0d55fdb4d15 Extracting [=========>                                         ]  20.05MB/109MB
 eb77aa907276 Extracting [=======>                                           ]  135.9MB/907.7MB
 e0d55fdb4d15 Extracting [==========>                                        ]  23.95MB/109MB
 eb77aa907276 Extracting [=======>                                           ]  141.5MB/907.7MB
 e0d55fdb4d15 Extracting [=============>                                     ]  28.41MB/109MB
 eb77aa907276 Extracting [========>                                          ]  147.6MB/907.7MB
 e0d55fdb4d15 Extracting [================>                                  ]  35.65MB/109MB
 eb77aa907276 Extracting [========>                                          ]  154.9MB/907.7MB
 e0d55fdb4d15 Extracting [===================>                               ]  42.89MB/109MB
 eb77aa907276 Extracting [========>                                          ]  162.7MB/907.7MB
 e0d55fdb4d15 Extracting [=======================>                           ]  50.69MB/109MB
 eb77aa907276 Extracting [=========>                                         ]  178.8MB/907.7MB
 e0d55fdb4d15 Extracting [========================>                          ]  54.03MB/109MB
 eb77aa907276 Extracting [==========>                                        ]  193.3MB/907.7MB
 e0d55fdb4d15 Extracting [===========================>                       ]  59.05MB/109MB
 eb77aa907276 Extracting [===========>                                       ]  207.8MB/907.7MB
 e0d55fdb4d15 Extracting [==============================>                    ]  66.29MB/109MB
 eb77aa907276 Extracting [===========>                                       ]  216.7MB/907.7MB
 e0d55fdb4d15 Extracting [=================================>                 ]  74.09MB/109MB
 eb77aa907276 Extracting [============>                                      ]  226.7MB/907.7MB
 e0d55fdb4d15 Extracting [=====================================>             ]  80.77MB/109MB
 eb77aa907276 Extracting [============>                                      ]    234MB/907.7MB
 e0d55fdb4d15 Extracting [========================================>          ]  88.57MB/109MB
 eb77aa907276 Extracting [=============>                                     ]  241.2MB/907.7MB
 eb77aa907276 Extracting [=============>                                     ]  252.3MB/907.7MB
 e0d55fdb4d15 Extracting [==========================================>        ]  93.03MB/109MB
 eb77aa907276 Extracting [==============>                                    ]  268.5MB/907.7MB
 e0d55fdb4d15 Extracting [============================================>      ]  96.37MB/109MB
 eb77aa907276 Extracting [===============>                                   ]  286.9MB/907.7MB
 e0d55fdb4d15 Extracting [============================================>      ]  98.04MB/109MB
 eb77aa907276 Extracting [================>                                  ]  305.8MB/907.7MB
 e0d55fdb4d15 Extracting [==============================================>    ]  100.8MB/109MB
 eb77aa907276 Extracting [=================>                                 ]  321.4MB/907.7MB
 e0d55fdb4d15 Extracting [===============================================>   ]  103.1MB/109MB
 eb77aa907276 Extracting [==================>                                ]  338.7MB/907.7MB
 e0d55fdb4d15 Extracting [===============================================>   ]  104.2MB/109MB
 eb77aa907276 Extracting [===================>                               ]  354.8MB/907.7MB
 e0d55fdb4d15 Extracting [================================================>  ]  105.3MB/109MB
 eb77aa907276 Extracting [====================>                              ]  363.2MB/907.7MB
 e0d55fdb4d15 Extracting [=================================================> ]    107MB/109MB
 eb77aa907276 Extracting [====================>                              ]  368.8MB/907.7MB
 eb77aa907276 Extracting [====================>                              ]    376MB/907.7MB
 eb77aa907276 Extracting [=====================>                             ]  394.4MB/907.7MB
 e0d55fdb4d15 Extracting [=================================================> ]  107.5MB/109MB
 eb77aa907276 Extracting [======================>                            ]  411.7MB/907.7MB
 e0d55fdb4d15 Extracting [=================================================> ]  108.6MB/109MB
 eb77aa907276 Extracting [=======================>                           ]  433.9MB/907.7MB
 e0d55fdb4d15 Extracting [==================================================>]    109MB/109MB
 eb77aa907276 Extracting [=========================>                         ]    454MB/907.7MB
 eb77aa907276 Extracting [==========================>                        ]  479.1MB/907.7MB
 eb77aa907276 Extracting [===========================>                       ]  504.1MB/907.7MB
 eb77aa907276 Extracting [=============================>                     ]  528.6MB/907.7MB
 eb77aa907276 Extracting [==============================>                    ]  554.3MB/907.7MB
 eb77aa907276 Extracting [===============================>                   ]  579.3MB/907.7MB
 eb77aa907276 Extracting [=================================>                 ]  603.8MB/907.7MB
 eb77aa907276 Extracting [==================================>                ]  628.4MB/907.7MB
 eb77aa907276 Extracting [====================================>              ]    654MB/907.7MB
 eb77aa907276 Extracting [=====================================>             ]  679.6MB/907.7MB
 eb77aa907276 Extracting [======================================>            ]  705.2MB/907.7MB
 eb77aa907276 Extracting [========================================>          ]  727.5MB/907.7MB
 eb77aa907276 Extracting [=========================================>         ]  748.1MB/907.7MB
 eb77aa907276 Extracting [==========================================>        ]  764.8MB/907.7MB
 eb77aa907276 Extracting [===========================================>       ]  784.9MB/907.7MB
 eb77aa907276 Extracting [============================================>      ]  804.9MB/907.7MB
 eb77aa907276 Extracting [=============================================>     ]  824.4MB/907.7MB
 eb77aa907276 Extracting [==============================================>    ]  844.5MB/907.7MB
 eb77aa907276 Extracting [===============================================>   ]  862.3MB/907.7MB
 eb77aa907276 Extracting [================================================>  ]  882.4MB/907.7MB
 eb77aa907276 Extracting [=================================================> ]  903.5MB/907.7MB
 eb77aa907276 Extracting [==================================================>]  907.7MB/907.7MB
 e0d55fdb4d15 Pull complete 
 c1cb13b19080 Extracting [==================================================>]  9.925kB/9.925kB
 c1cb13b19080 Extracting [==================================================>]  9.925kB/9.925kB
 eb77aa907276 Pull complete 
 4f4fb700ef54 Extracting [==================================================>]      32B/32B
 4f4fb700ef54 Extracting [==================================================>]      32B/32B
 4f4fb700ef54 Pull complete 
 0ffa8f8aba1e Extracting [==================================================>]     226B/226B
 0ffa8f8aba1e Extracting [==================================================>]     226B/226B
 c1cb13b19080 Pull complete 
 873532e5f8c7 Extracting [==================================================>]     128B/128B
 873532e5f8c7 Extracting [==================================================>]     128B/128B
 0ffa8f8aba1e Pull complete 
 2e81b9cb93cd Extracting [==================================================>]  1.859kB/1.859kB
 2e81b9cb93cd Extracting [==================================================>]  1.859kB/1.859kB
 873532e5f8c7 Pull complete 
 050d9f8c3b1c Extracting [==================================================>]     169B/169B
 050d9f8c3b1c Extracting [==================================================>]     169B/169B
 2e81b9cb93cd Pull complete 
 050d9f8c3b1c Pull complete 
 710e142705f8 Extracting [==================================================>]  5.421kB/5.421kB
 710e142705f8 Extracting [==================================================>]  5.421kB/5.421kB
 opensearch Pulled 
 710e142705f8 Pull complete 
 cb628c265f09 Extracting [==================================================>]     184B/184B
 cb628c265f09 Extracting [==================================================>]     184B/184B
 cb628c265f09 Pull complete 
 postgresql Pulled 
 Network docker_services_cli_default  Creating
 Network docker_services_cli_default  Created
 Container docker_services_cli-postgresql-1  Creating
 Container docker_services_cli-opensearch-1  Creating
 Container docker_services_cli-postgresql-1  Created
 Container docker_services_cli-opensearch-1  Created
 Container docker_services_cli-opensearch-1  Starting
 Container docker_services_cli-postgresql-1  Starting
 Container docker_services_cli-postgresql-1  Started
 Container docker_services_cli-opensearch-1  Started
::warning file=/home/runner/work/invenio-testrig/invenio-testrig/workdir/tests/invenio-drafts-resources/patched/.venv/lib/python3.14/site-packages/edtf/parser/grammar.py,line=9::'enablePackrat' deprecated - use 'enable_packrat'
::warning file=/home/runner/work/invenio-testrig/invenio-testrig/workdir/tests/invenio-drafts-resources/patched/.venv/lib/python3.14/site-packages/edtf/parser/grammar.py,line=52::'oneOf' deprecated - use 'one_of'
::warning file=/home/runner/work/invenio-testrig/invenio-testrig/workdir/tests/invenio-drafts-resources/patched/.venv/lib/python3.14/site-packages/edtf/parser/grammar.py,line=53::'oneOf' deprecated - use 'one_of'
::warning file=/home/runner/work/invenio-testrig/invenio-testrig/workdir/tests/invenio-drafts-resources/patched/.venv/lib/python3.14/site-packages/edtf/parser/grammar.py,line=54::'oneOf' deprecated - use 'one_of'
::warning file=/home/runner/work/invenio-testrig/invenio-testrig/workdir/tests/invenio-drafts-resources/patched/.venv/lib/python3.14/site-packages/edtf/parser/grammar.py,line=55::'oneOf' deprecated - use 'one_of'
::warning file=/home/runner/work/invenio-testrig/invenio-testrig/workdir/tests/invenio-drafts-resources/patched/.venv/lib/python3.14/site-packages/edtf/parser/grammar.py,line=56::'oneOf' deprecated - use 'one_of'
::warning file=/home/runner/work/invenio-testrig/invenio-testrig/workdir/tests/invenio-drafts-resources/patched/.venv/lib/python3.14/site-packages/edtf/parser/grammar.py,line=57::'oneOf' deprecated - use 'one_of'
::warning file=/home/runner/work/invenio-testrig/invenio-testrig/workdir/tests/invenio-drafts-resources/patched/.venv/lib/python3.14/site-packages/edtf/parser/grammar.py,line=58::'oneOf' deprecated - use 'one_of'
::warning file=/home/runner/work/invenio-testrig/invenio-testrig/workdir/tests/invenio-drafts-resources/patched/.venv/lib/python3.14/site-packages/edtf/parser/grammar.py,line=59::'oneOf' deprecated - use 'one_of'
::warning file=/home/runner/work/invenio-testrig/invenio-testrig/workdir/tests/invenio-drafts-resources/patched/.venv/lib/python3.14/site-packages/edtf/parser/grammar.py,line=60::'oneOf' deprecated - use 'one_of'
::warning file=/home/runner/work/invenio-testrig/invenio-testrig/workdir/tests/invenio-drafts-resources/patched/.venv/lib/python3.14/site-packages/edtf/parser/grammar.py,line=63::'excludeChars' argument is deprecated, use 'exclude_chars'
::warning file=/home/runner/work/invenio-testrig/invenio-testrig/workdir/tests/invenio-drafts-resources/patched/.venv/lib/python3.14/site-packages/edtf/parser/grammar.py,line=73::'oneOf' deprecated - use 'one_of'
::warning file=/home/runner/work/invenio-testrig/invenio-testrig/workdir/tests/invenio-drafts-resources/patched/.venv/lib/python3.14/site-packages/edtf/parser/grammar.py,line=74::'oneOf' deprecated - use 'one_of'
::warning file=/home/runner/work/invenio-testrig/invenio-testrig/workdir/tests/invenio-drafts-resources/patched/.venv/lib/python3.14/site-packages/edtf/parser/parser_classes.py,line=103::'addParseAction' deprecated - use 'add_parse_action'
::warning file=/home/runner/work/invenio-testrig/invenio-testrig/workdir/tests/invenio-drafts-resources/patched/.venv/lib/python3.14/site-packages/edtf/parser/parser_classes.py,line=103::'addParseAction' deprecated - use 'add_parse_action'
::warning file=/home/runner/work/invenio-testrig/invenio-testrig/workdir/tests/invenio-drafts-resources/patched/.venv/lib/python3.14/site-packages/edtf/parser/parser_classes.py,line=103::'addParseAction' deprecated - use 'add_parse_action'
::warning file=/home/runner/work/invenio-testrig/invenio-testrig/workdir/tests/invenio-drafts-resources/patched/.venv/lib/python3.14/site-packages/edtf/parser/grammar.py,line=119::'oneOf' deprecated - use 'one_of'
::warning file=/home/runner/work/invenio-testrig/invenio-testrig/workdir/tests/invenio-drafts-resources/patched/.venv/lib/python3.14/site-packages/edtf/parser/parser_classes.py,line=103::'addParseAction' deprecated - use 'add_parse_action'
::warning file=/home/runner/work/invenio-testrig/invenio-testrig/workdir/tests/invenio-drafts-resources/patched/.venv/lib/python3.14/site-packages/edtf/parser/grammar.py,line=122::'oneOf' deprecated - use 'one_of'
::warning file=/home/runner/work/invenio-testrig/invenio-testrig/workdir/tests/invenio-drafts-resources/patched/.venv/lib/python3.14/site-packages/edtf/parser/parser_classes.py,line=103::'addParseAction' deprecated - use 'add_parse_action'
::warning file=/home/runner/work/invenio-testrig/invenio-testrig/workdir/tests/invenio-drafts-resources/patched/.venv/lib/python3.14/site-packages/edtf/parser/parser_classes.py,line=103::'addParseAction' deprecated - use 'add_parse_action'
::warning file=/home/runner/work/invenio-testrig/invenio-testrig/workdir/tests/invenio-drafts-resources/patched/.venv/lib/python3.14/site-packages/edtf/parser/grammar.py,line=155::'addParseAction' deprecated - use 'add_parse_action'
::warning file=/home/runner/work/invenio-testrig/invenio-testrig/workdir/tests/invenio-drafts-resources/patched/.venv/lib/python3.14/site-packages/edtf/parser/grammar.py,line=157::'addParseAction' deprecated - use 'add_parse_action'
::warning file=/home/runner/work/invenio-testrig/invenio-testrig/workdir/tests/invenio-drafts-resources/patched/.venv/lib/python3.14/site-packages/edtf/parser/parser_classes.py,line=103::'addParseAction' deprecated - use 'add_parse_action'
::warning file=/home/runner/work/invenio-testrig/invenio-testrig/workdir/tests/invenio-drafts-resources/patched/.venv/lib/python3.14/site-packages/edtf/parser/parser_classes.py,line=103::'addParseAction' deprecated - use 'add_parse_action'
::warning file=/home/runner/work/invenio-testrig/invenio-testrig/workdir/tests/invenio-drafts-resources/patched/.venv/lib/python3.14/site-packages/edtf/parser/parser_classes.py,line=103::'addParseAction' deprecated - use 'add_parse_action'
::warning file=/home/runner/work/invenio-testrig/invenio-testrig/workdir/tests/invenio-drafts-resources/patched/.venv/lib/python3.14/site-packages/edtf/parser/grammar.py,line=199::'oneOf' deprecated - use 'one_of'
::warning file=/home/runner/work/invenio-testrig/invenio-testrig/workdir/tests/invenio-drafts-resources/patched/.venv/lib/python3.14/site-packages/edtf/parser/parser_classes.py,line=103::'addParseAction' deprecated - use 'add_parse_action'
::warning file=/home/runner/work/invenio-testrig/invenio-testrig/workdir/tests/invenio-drafts-resources/patched/.venv/lib/python3.14/site-packages/edtf/parser/parser_classes.py,line=103::'addParseAction' deprecated - use 'add_parse_action'
::warning file=/home/runner/work/invenio-testrig/invenio-testrig/workdir/tests/invenio-drafts-resources/patched/.venv/lib/python3.14/site-packages/edtf/parser/parser_classes.py,line=103::'addParseAction' deprecated - use 'add_parse_action'
::warning file=/home/runner/work/invenio-testrig/invenio-testrig/workdir/tests/invenio-drafts-resources/patched/.venv/lib/python3.14/site-packages/edtf/parser/parser_classes.py,line=103::'addParseAction' deprecated - use 'add_parse_action'
::warning file=/home/runner/work/invenio-testrig/invenio-testrig/workdir/tests/invenio-drafts-resources/patched/.venv/lib/python3.14/site-packages/edtf/parser/parser_classes.py,line=103::'addParseAction' deprecated - use 'add_parse_action'
::warning file=/home/runner/work/invenio-testrig/invenio-testrig/workdir/tests/invenio-drafts-resources/patched/.venv/lib/python3.14/site-packages/edtf/parser/grammar.py,line=303::'addParseAction' deprecated - use 'add_parse_action'
::warning file=/home/runner/work/invenio-testrig/invenio-testrig/workdir/tests/invenio-drafts-resources/patched/.venv/lib/python3.14/site-packages/edtf/parser/grammar.py,line=303::'addParseAction' deprecated - use 'add_parse_action'
::warning file=/home/runner/work/invenio-testrig/invenio-testrig/workdir/tests/invenio-drafts-resources/patched/.venv/lib/python3.14/site-packages/edtf/parser/grammar.py,line=304::'addParseAction' deprecated - use 'add_parse_action'
::warning file=/home/runner/work/invenio-testrig/invenio-testrig/workdir/tests/invenio-drafts-resources/patched/.venv/lib/python3.14/site-packages/edtf/parser/grammar.py,line=304::'addParseAction' deprecated - use 'add_parse_action'
::warning file=/home/runner/work/invenio-testrig/invenio-testrig/workdir/tests/invenio-drafts-resources/patched/.venv/lib/python3.14/site-packages/edtf/parser/parser_classes.py,line=103::'addParseAction' deprecated - use 'add_parse_action'
::warning file=/home/runner/work/invenio-testrig/invenio-testrig/workdir/tests/invenio-drafts-resources/patched/.venv/lib/python3.14/site-packages/edtf/parser/parser_classes.py,line=103::'addParseAction' deprecated - use 'add_parse_action'
::warning file=/home/runner/work/invenio-testrig/invenio-testrig/workdir/tests/invenio-drafts-resources/patched/.venv/lib/python3.14/site-packages/edtf/parser/parser_classes.py,line=103::'addParseAction' deprecated - use 'add_parse_action'
::warning file=/home/runner/work/invenio-testrig/invenio-testrig/workdir/tests/invenio-drafts-resources/patched/.venv/lib/python3.14/site-packages/edtf/parser/parser_classes.py,line=103::'addParseAction' deprecated - use 'add_parse_action'
::warning file=/home/runner/work/invenio-testrig/invenio-testrig/workdir/tests/invenio-drafts-resources/patched/.venv/lib/python3.14/site-packages/edtf/parser/grammar.py,line=325::'oneOf' deprecated - use 'one_of'
::warning file=/home/runner/work/invenio-testrig/invenio-testrig/workdir/tests/invenio-drafts-resources/patched/.venv/lib/python3.14/site-packages/edtf/parser/parser_classes.py,line=103::'addParseAction' deprecated - use 'add_parse_action'
============================= test session starts ==============================
platform linux -- Python 3.14.2, pytest-8.4.2, pluggy-1.6.0
rootdir: /home/runner/work/invenio-testrig/invenio-testrig/workdir/tests/invenio-drafts-resources/patched
configfile: setup.cfg
testpaths: docs, tests, invenio_drafts_resources
plugins: invenio-4.0.0, isort-4.0.0, flask-1.3.0, github-actions-annotate-failures-0.3.0, pydocstyle-2.4.0, cov-7.0.0, black-0.6.0, pycodestyle-2.5.0
collected 263 items

docs/conf.py ...                                                         [  1%]
tests/conftest.py ...                                                    [  2%]
tests/mock_module/__init__.py ...                                        [  3%]
tests/mock_module/api.py ...                                             [  4%]
tests/mock_module/jsonschemas/__init__.py ...                            [  5%]
tests/mock_module/mappings/__init__.py ...                               [  6%]
tests/mock_module/mappings/os-v1/__init__.py ...                         [  7%]
tests/mock_module/mappings/os-v1/draftsresources/__init__.py ...         [  9%]
tests/mock_module/mappings/os-v2/__init__.py ...                         [ 10%]
tests/mock_module/mappings/os-v2/draftsresources/__init__.py ...         [ 11%]
tests/mock_module/mappings/v7/__init__.py ...                            [ 12%]
tests/mock_module/mappings/v7/draftsresources/__init__.py ...            [ 13%]
tests/mock_module/models.py ...                                          [ 14%]
tests/mock_module/permissions.py ...                                     [ 15%]
tests/mock_module/resource.py ...                                        [ 17%]
tests/mock_module/schemas.py ...                                         [ 18%]
tests/mock_module/service.py ...                                         [ 19%]
tests/records/conftest.py ...                                            [ 20%]
tests/records/test_api.py .....................                          [ 28%]
tests/resources/conftest.py ...                                          [ 29%]
tests/resources/test_files_resource.py ...::warning file=/home/runner/work/invenio-testrig/invenio-testrig/workdir/tests/invenio-drafts-resources/patched/.venv/lib/python3.14/site-packages/invenio_rest/ext.py,line=29::CSRF validation will be enabled by default in the version 1.3.x
....                           [ 32%]
tests/resources/test_record_resource.py ...::warning file=/home/runner/work/invenio-testrig/invenio-testrig/workdir/tests/invenio-drafts-resources/patched/.venv/lib/python3.14/site-packages/invenio_rest/ext.py,line=29::CSRF validation will be enabled by default in the version 1.3.x
........                      [ 36%]
tests/resources/test_resource_links.py ...::warning file=/home/runner/work/invenio-testrig/invenio-testrig/workdir/tests/invenio-drafts-resources/patched/.venv/lib/python3.14/site-packages/invenio_rest/ext.py,line=29::CSRF validation will be enabled by default in the version 1.3.x
...                            [ 38%]
tests/services/__init__.py ...                                           [ 39%]
tests/services/conftest.py ...                                           [ 41%]
tests/services/test_record_service.py ...::warning file=/home/runner/work/invenio-testrig/invenio-testrig/workdir/tests/invenio-drafts-resources/patched/.venv/lib/python3.14/site-packages/invenio_rest/ext.py,line=29::CSRF validation will be enabled by default in the version 1.3.x
............                    [ 46%]
tests/services/test_record_service_files.py ...::warning file=/home/runner/work/invenio-testrig/invenio-testrig/workdir/tests/invenio-drafts-resources/patched/.venv/lib/python3.14/site-packages/invenio_rest/ext.py,line=29::CSRF validation will be enabled by default in the version 1.3.x
......................::warning file=/home/runner/work/invenio-testrig/invenio-testrig/workdir/tests/invenio-drafts-resources/patched/.venv/lib/python3.14/site-packages/invenio_files_rest/models.py,line=719::Object of type <ObjectVersion> not in session, add operation along 'Bucket.objects' will not proceed (This warning originated from the Session 'autoflush' process, which was invoked automatically in response to a user-initiated operation. Consider using ``no_autoflush`` context manager if this warning happened while initializing objects.)
.::warning file=/home/runner/work/invenio-testrig/invenio-testrig/workdir/tests/invenio-drafts-resources/patched/.venv/lib/python3.14/site-packages/invenio_files_rest/models.py,line=719::Object of type <ObjectVersion> not in session, add operation along 'Bucket.objects' will not proceed (This warning originated from the Session 'autoflush' process, which was invoked automatically in response to a user-initiated operation. Consider using ``no_autoflush`` context manager if this warning happened while initializing objects.)
   [ 56%]
tests/services/test_record_service_search.py ...::warning file=/home/runner/work/invenio-testrig/invenio-testrig/workdir/tests/invenio-drafts-resources/patched/.venv/lib/python3.14/site-packages/invenio_rest/ext.py,line=29::CSRF validation will be enabled by default in the version 1.3.x
.                        [ 58%]
tests/services/test_record_service_tasks.py ...::warning file=/home/runner/work/invenio-testrig/invenio-testrig/workdir/tests/invenio-drafts-resources/patched/.venv/lib/python3.14/site-packages/invenio_rest/ext.py,line=29::CSRF validation will be enabled by default in the version 1.3.x
                          [ 59%]
tests/services/test_records_uow.py ...::warning file=/home/runner/work/invenio-testrig/invenio-testrig/workdir/tests/invenio-drafts-resources/patched/.venv/lib/python3.14/site-packages/invenio_rest/ext.py,line=29::CSRF validation will be enabled by default in the version 1.3.x
.                                  [ 60%]
tests/services/test_services.py ...::warning file=/home/runner/work/invenio-testrig/invenio-testrig/workdir/tests/invenio-drafts-resources/patched/.venv/lib/python3.14/site-packages/invenio_rest/ext.py,line=29::CSRF validation will be enabled by default in the version 1.3.x
.                                     [ 62%]
tests/services/utils.py ...                                              [ 63%]
invenio_drafts_resources/__init__.py ...                                 [ 64%]
invenio_drafts_resources/auditlog/__init__.py ...                        [ 65%]
invenio_drafts_resources/auditlog/actions.py ...                         [ 66%]
invenio_drafts_resources/auditlog/context.py ...                         [ 68%]
invenio_drafts_resources/records/__init__.py ...                         [ 69%]
invenio_drafts_resources/records/api.py ...                              [ 70%]
invenio_drafts_resources/records/models.py ...                           [ 71%]
invenio_drafts_resources/records/systemfields/__init__.py ...            [ 72%]
invenio_drafts_resources/records/systemfields/parent.py ...              [ 73%]
invenio_drafts_resources/records/systemfields/versions.py ...            [ 74%]
invenio_drafts_resources/resources/__init__.py ...                       [ 76%]
invenio_drafts_resources/resources/records/__init__.py ...               [ 77%]
invenio_drafts_resources/resources/records/args.py ...                   [ 78%]
invenio_drafts_resources/resources/records/config.py ...                 [ 79%]
invenio_drafts_resources/resources/records/errors.py ...                 [ 80%]
invenio_drafts_resources/resources/records/resource.py ...               [ 81%]
invenio_drafts_resources/services/__init__.py ...                        [ 82%]
invenio_drafts_resources/services/records/__init__.py ...                [ 84%]
invenio_drafts_resources/services/records/components/__init__.py ...     [ 85%]
invenio_drafts_resources/services/records/components/base.py ...         [ 86%]
invenio_drafts_resources/services/records/components/files.py ...        [ 87%]
invenio_drafts_resources/services/records/components/media_files.py ...  [ 88%]
invenio_drafts_resources/services/records/components/metadata.py ...     [ 89%]
invenio_drafts_resources/services/records/components/pid.py ...          [ 90%]
invenio_drafts_resources/services/records/components/relations.py ...    [ 92%]
invenio_drafts_resources/services/records/config.py ...                  [ 93%]
invenio_drafts_resources/services/records/permissions.py ...             [ 94%]
invenio_drafts_resources/services/records/schema.py ...                  [ 95%]
invenio_drafts_resources/services/records/search_params.py ...           [ 96%]
invenio_drafts_resources/services/records/service.py ...                 [ 97%]
invenio_drafts_resources/services/records/tasks.py ...                   [ 98%]
invenio_drafts_resources/services/records/uow.py ...                     [100%]

=============================== warnings summary ===============================
.venv/lib/python3.14/site-packages/edtf/parser/grammar.py:9
  /home/runner/work/invenio-testrig/invenio-testrig/workdir/tests/invenio-drafts-resources/patched/.venv/lib/python3.14/site-packages/edtf/parser/grammar.py:9: PyparsingDeprecationWarning: 'enablePackrat' deprecated - use 'enable_packrat'
    pyparsing.ParserElement.enablePackrat()

.venv/lib/python3.14/site-packages/edtf/parser/grammar.py:52
  /home/runner/work/invenio-testrig/invenio-testrig/workdir/tests/invenio-drafts-resources/patched/.venv/lib/python3.14/site-packages/edtf/parser/grammar.py:52: PyparsingDeprecationWarning: 'oneOf' deprecated - use 'one_of'
    oneThru12 = oneOf(["%.2d" % i for i in range(1, 13)])

.venv/lib/python3.14/site-packages/edtf/parser/grammar.py:53
  /home/runner/work/invenio-testrig/invenio-testrig/workdir/tests/invenio-drafts-resources/patched/.venv/lib/python3.14/site-packages/edtf/parser/grammar.py:53: PyparsingDeprecationWarning: 'oneOf' deprecated - use 'one_of'
    oneThru13 = oneOf(["%.2d" % i for i in range(1, 14)])

.venv/lib/python3.14/site-packages/edtf/parser/grammar.py:54
  /home/runner/work/invenio-testrig/invenio-testrig/workdir/tests/invenio-drafts-resources/patched/.venv/lib/python3.14/site-packages/edtf/parser/grammar.py:54: PyparsingDeprecationWarning: 'oneOf' deprecated - use 'one_of'
    oneThru23 = oneOf(["%.2d" % i for i in range(1, 24)])

.venv/lib/python3.14/site-packages/edtf/parser/grammar.py:55
  /home/runner/work/invenio-testrig/invenio-testrig/workdir/tests/invenio-drafts-resources/patched/.venv/lib/python3.14/site-packages/edtf/parser/grammar.py:55: PyparsingDeprecationWarning: 'oneOf' deprecated - use 'one_of'
    zeroThru23 = oneOf(["%.2d" % i for i in range(0, 24)])

.venv/lib/python3.14/site-packages/edtf/parser/grammar.py:56
  /home/runner/work/invenio-testrig/invenio-testrig/workdir/tests/invenio-drafts-resources/patched/.venv/lib/python3.14/site-packages/edtf/parser/grammar.py:56: PyparsingDeprecationWarning: 'oneOf' deprecated - use 'one_of'
    oneThru29 = oneOf(["%.2d" % i for i in range(1, 30)])

.venv/lib/python3.14/site-packages/edtf/parser/grammar.py:57
  /home/runner/work/invenio-testrig/invenio-testrig/workdir/tests/invenio-drafts-resources/patched/.venv/lib/python3.14/site-packages/edtf/parser/grammar.py:57: PyparsingDeprecationWarning: 'oneOf' deprecated - use 'one_of'
    oneThru30 = oneOf(["%.2d" % i for i in range(1, 31)])

.venv/lib/python3.14/site-packages/edtf/parser/grammar.py:58
  /home/runner/work/invenio-testrig/invenio-testrig/workdir/tests/invenio-drafts-resources/patched/.venv/lib/python3.14/site-packages/edtf/parser/grammar.py:58: PyparsingDeprecationWarning: 'oneOf' deprecated - use 'one_of'
    oneThru31 = oneOf(["%.2d" % i for i in range(1, 32)])

.venv/lib/python3.14/site-packages/edtf/parser/grammar.py:59
  /home/runner/work/invenio-testrig/invenio-testrig/workdir/tests/invenio-drafts-resources/patched/.venv/lib/python3.14/site-packages/edtf/parser/grammar.py:59: PyparsingDeprecationWarning: 'oneOf' deprecated - use 'one_of'
    oneThru59 = oneOf(["%.2d" % i for i in range(1, 60)])

.venv/lib/python3.14/site-packages/edtf/parser/grammar.py:60
  /home/runner/work/invenio-testrig/invenio-testrig/workdir/tests/invenio-drafts-resources/patched/.venv/lib/python3.14/site-packages/edtf/parser/grammar.py:60: PyparsingDeprecationWarning: 'oneOf' deprecated - use 'one_of'
    zeroThru59 = oneOf(["%.2d" % i for i in range(0, 60)])

.venv/lib/python3.14/site-packages/edtf/parser/grammar.py:63
  /home/runner/work/invenio-testrig/invenio-testrig/workdir/tests/invenio-drafts-resources/patched/.venv/lib/python3.14/site-packages/edtf/parser/grammar.py:63: PyparsingDeprecationWarning: 'excludeChars' argument is deprecated, use 'exclude_chars'
    positiveDigit = Word(nums, exact=1, excludeChars="0")

.venv/lib/python3.14/site-packages/edtf/parser/grammar.py:73
  /home/runner/work/invenio-testrig/invenio-testrig/workdir/tests/invenio-drafts-resources/patched/.venv/lib/python3.14/site-packages/edtf/parser/grammar.py:73: PyparsingDeprecationWarning: 'oneOf' deprecated - use 'one_of'
    (oneOf("01 03 05 07 08 10 12")("month") + "-" + oneThru31("day"))

.venv/lib/python3.14/site-packages/edtf/parser/grammar.py:74
  /home/runner/work/invenio-testrig/invenio-testrig/workdir/tests/invenio-drafts-resources/patched/.venv/lib/python3.14/site-packages/edtf/parser/grammar.py:74: PyparsingDeprecationWarning: 'oneOf' deprecated - use 'one_of'
    ^ (oneOf("04 06 09 11")("month") + "-" + oneThru30("day"))

.venv/lib/python3.14/site-packages/edtf/parser/parser_classes.py:103: 19 warnings
  /home/runner/work/invenio-testrig/invenio-testrig/workdir/tests/invenio-drafts-resources/patched/.venv/lib/python3.14/site-packages/edtf/parser/parser_classes.py:103: PyparsingDeprecationWarning: 'addParseAction' deprecated - use 'add_parse_action'
    p.addParseAction(cls.parse_action)

.venv/lib/python3.14/site-packages/edtf/parser/grammar.py:119
  /home/runner/work/invenio-testrig/invenio-testrig/workdir/tests/invenio-drafts-resources/patched/.venv/lib/python3.14/site-packages/edtf/parser/grammar.py:119: PyparsingDeprecationWarning: 'oneOf' deprecated - use 'one_of'
    UASymbol = Combine(oneOf("? ~ %"))

.venv/lib/python3.14/site-packages/edtf/parser/grammar.py:122
  /home/runner/work/invenio-testrig/invenio-testrig/workdir/tests/invenio-drafts-resources/patched/.venv/lib/python3.14/site-packages/edtf/parser/grammar.py:122: PyparsingDeprecationWarning: 'oneOf' deprecated - use 'one_of'
    seasonNumber = oneOf("21 22 23 24")

.venv/lib/python3.14/site-packages/edtf/parser/grammar.py:155
  /home/runner/work/invenio-testrig/invenio-testrig/workdir/tests/invenio-drafts-resources/patched/.venv/lib/python3.14/site-packages/edtf/parser/grammar.py:155: PyparsingDeprecationWarning: 'addParseAction' deprecated - use 'add_parse_action'
    l1Start.addParseAction(f)

.venv/lib/python3.14/site-packages/edtf/parser/grammar.py:157
  /home/runner/work/invenio-testrig/invenio-testrig/workdir/tests/invenio-drafts-resources/patched/.venv/lib/python3.14/site-packages/edtf/parser/grammar.py:157: PyparsingDeprecationWarning: 'addParseAction' deprecated - use 'add_parse_action'
    l1End.addParseAction(f)

.venv/lib/python3.14/site-packages/edtf/parser/grammar.py:199
  /home/runner/work/invenio-testrig/invenio-testrig/workdir/tests/invenio-drafts-resources/patched/.venv/lib/python3.14/site-packages/edtf/parser/grammar.py:199: PyparsingDeprecationWarning: 'oneOf' deprecated - use 'one_of'
    monthWithX = Combine(oneOf("0X 1X") ^ ("X" + digitOrX))("month")

.venv/lib/python3.14/site-packages/edtf/parser/grammar.py:303
.venv/lib/python3.14/site-packages/edtf/parser/grammar.py:303
  /home/runner/work/invenio-testrig/invenio-testrig/workdir/tests/invenio-drafts-resources/patched/.venv/lib/python3.14/site-packages/edtf/parser/grammar.py:303: PyparsingDeprecationWarning: 'addParseAction' deprecated - use 'add_parse_action'
    earlier = L("..").addParseAction(f)("lower") + date("upper").addParseAction(f)

.venv/lib/python3.14/site-packages/edtf/parser/grammar.py:304
.venv/lib/python3.14/site-packages/edtf/parser/grammar.py:304
  /home/runner/work/invenio-testrig/invenio-testrig/workdir/tests/invenio-drafts-resources/patched/.venv/lib/python3.14/site-packages/edtf/parser/grammar.py:304: PyparsingDeprecationWarning: 'addParseAction' deprecated - use 'add_parse_action'
    later = date("lower").addParseAction(f) + L("..").addParseAction(f)("upper")

.venv/lib/python3.14/site-packages/edtf/parser/grammar.py:325
  /home/runner/work/invenio-testrig/invenio-testrig/workdir/tests/invenio-drafts-resources/patched/.venv/lib/python3.14/site-packages/edtf/parser/grammar.py:325: PyparsingDeprecationWarning: 'oneOf' deprecated - use 'one_of'
    seasonL2Number = oneOf("21 22 23 24 25 26 27 28 29 30 31 32 33 34 35 36 37 38 39 40 41")

tests/resources/test_files_resource.py::test_files_publish_flow
tests/resources/test_record_resource.py::test_create_draft
tests/resources/test_resource_links.py::test_create_draft
tests/services/test_record_service.py::test_create_draft
tests/services/test_record_service_files.py::test_create_delete_draft
tests/services/test_record_service_search.py::test_search_versions
tests/services/test_record_service_tasks.py::test_hard_delete_soft_deleted_task
tests/services/test_records_uow.py::test_parent_record_uow_params
tests/services/test_services.py::test_hard_delete_soft_deleted
  /home/runner/work/invenio-testrig/invenio-testrig/workdir/tests/invenio-drafts-resources/patched/.venv/lib/python3.14/site-packages/invenio_rest/ext.py:29: FutureWarning: CSRF validation will be enabled by default in the version 1.3.x
    self.init_app(app)

tests/services/test_record_service_files.py::test_publish_with_remote_files
tests/services/test_record_service_files.py::test_enable_files_after_publish
  /home/runner/work/invenio-testrig/invenio-testrig/workdir/tests/invenio-drafts-resources/patched/.venv/lib/python3.14/site-packages/invenio_files_rest/models.py:719: SAWarning: Object of type <ObjectVersion> not in session, add operation along 'Bucket.objects' will not proceed (This warning originated from the Session 'autoflush' process, which was invoked automatically in response to a user-initiated operation. Consider using ``no_autoflush`` context manager if this warning happened while initializing objects.)
    return db.session.query(cls).filter_by(id=file_id).one_or_none()

-- Docs: https://docs.pytest.org/en/stable/how-to/capture-warnings.html
================================ tests coverage ================================
_______________ coverage: platform linux, python 3.14.2-final-0 ________________

Name                                                                  Stmts   Miss  Cover   Missing
---------------------------------------------------------------------------------------------------
invenio_drafts_resources/__init__.py                                      2      0   100%
invenio_drafts_resources/auditlog/__init__.py                             0      0   100%
invenio_drafts_resources/auditlog/actions.py                             21      0   100%
invenio_drafts_resources/auditlog/context.py                             31     19    39%   26-29, 37-42, 51-62
invenio_drafts_resources/records/__init__.py                              3      0   100%
invenio_drafts_resources/records/api.py                                  93      1    99%   126
invenio_drafts_resources/records/models.py                               36      0   100%
invenio_drafts_resources/records/systemfields/__init__.py                 3      0   100%
invenio_drafts_resources/records/systemfields/parent.py                  50      1    98%   80
invenio_drafts_resources/records/systemfields/versions.py               130      1    99%   173
invenio_drafts_resources/resources/__init__.py                            2      0   100%
invenio_drafts_resources/resources/records/__init__.py                    3      0   100%
invenio_drafts_resources/resources/records/args.py                        5      0   100%
invenio_drafts_resources/resources/records/config.py                      6      0   100%
invenio_drafts_resources/resources/records/errors.py                     16      0   100%
invenio_drafts_resources/resources/records/resource.py                   85      2    98%   101-107
invenio_drafts_resources/services/__init__.py                             2      0   100%
invenio_drafts_resources/services/records/__init__.py                     3      0   100%
invenio_drafts_resources/services/records/components/__init__.py          7      0   100%
invenio_drafts_resources/services/records/components/base.py            126     12    90%   33, 37, 41, 45, 49, 53, 57, 116-124, 140, 296, 302
invenio_drafts_resources/services/records/components/files.py             4      0   100%
invenio_drafts_resources/services/records/components/media_files.py      58      5    91%   53-57, 77-78
invenio_drafts_resources/services/records/components/metadata.py         10      0   100%
invenio_drafts_resources/services/records/components/pid.py              12      0   100%
invenio_drafts_resources/services/records/components/relations.py         4      1    75%   20
invenio_drafts_resources/services/records/config.py                      49      0   100%
invenio_drafts_resources/services/records/permissions.py                 11      0   100%
invenio_drafts_resources/services/records/schema.py                      15      0   100%
invenio_drafts_resources/services/records/search_params.py               13      0   100%
invenio_drafts_resources/services/records/service.py                    227     47    79%   64, 77, 112, 124-148, 174-175, 180, 266, 452-453, 462, 547, 579-590, 594-595, 619-623, 671-674, 678-681, 708-736
invenio_drafts_resources/services/records/tasks.py                        8      0   100%
invenio_drafts_resources/services/records/uow.py                         36      4    89%   74-75, 80-81
---------------------------------------------------------------------------------------------------
TOTAL                                                                  1071     93    91%
====================== 263 passed, 53 warnings in 52.38s =======================
 Container docker_services_cli-postgresql-1  Stopping
 Container docker_services_cli-opensearch-1  Stopping
 Container docker_services_cli-postgresql-1  Stopped
 Container docker_services_cli-postgresql-1  Removing
 Container docker_services_cli-postgresql-1  Removed
 Container docker_services_cli-opensearch-1  Stopped
 Container docker_services_cli-opensearch-1  Removing
 Container docker_services_cli-opensearch-1  Removed
 Network docker_services_cli_default  Removing
 Network docker_services_cli_default  Removed
