 opensearch Pulling 
 postgresql Pulling 
 redis Pulling 
 redis Pulled 
 opensearch Pulled 
 postgresql Pulled 
 Network docker_services_cli_default  Creating
 Network docker_services_cli_default  Created
 Container docker_services_cli-postgresql-1  Creating
 Container docker_services_cli-opensearch-1  Creating
 Container docker_services_cli-redis-1  Creating
 Container docker_services_cli-redis-1  Created
 Container docker_services_cli-postgresql-1  Created
 Container docker_services_cli-opensearch-1  Created
 Container docker_services_cli-redis-1  Starting
 Container docker_services_cli-postgresql-1  Starting
 Container docker_services_cli-opensearch-1  Starting
 Container docker_services_cli-redis-1  Started
 Container docker_services_cli-postgresql-1  Started
 Container docker_services_cli-opensearch-1  Started
============================= test session starts ==============================
platform linux -- Python 3.14.2, pytest-8.4.2, pluggy-1.6.0
rootdir: /home/runner/work/invenio-testrig/invenio-testrig/workdir/tests/invenio-communities/patched
configfile: setup.cfg
plugins: invenio-4.0.0, isort-4.0.0, flask-1.3.0, github-actions-annotate-failures-0.3.0, pydocstyle-2.4.0, cov-7.0.0, black-0.6.0, pycodestyle-2.5.0, Faker-40.5.1
collected 717 items
invenio_communities/__init__.py ...                                      [  0%]
invenio_communities/administration/__init__.py ...                       [  0%]
invenio_communities/administration/communities.py ...                    [  1%]
invenio_communities/alembic/__init__.py ...                              [  1%]
invenio_communities/alembic/02cd82910727_update_role_id_type_upgrade.py . [  1%]
                                                                       [  2%]
invenio_communities/alembic/37b21951084c_update_role_id_type_downgrade.py . [  2%]
                                                                       [  2%]
invenio_communities/alembic/5b478fe7ef7f_create_featured_communities_table.py . [  2%]
                                                                       [  2%]
invenio_communities/alembic/5c68d45c80f0_add_deletion_status_to_communities.py . [  3%]
                                                                       [  3%]
invenio_communities/alembic/72b37bb4119c_create_indeces_for_bucket_id.py . [  3%]
                                                                       [  3%]
invenio_communities/alembic/90642d415317_create_communities_branch.py .. [  4%]
                                                                        [  4%]
invenio_communities/alembic/a3f5a8635cbb_remove_version_table.py ...     [  4%]
invenio_communities/alembic/c3feb26c7041_change_datetime_types.py ...    [  5%]
invenio_communities/alembic/de9c14cbb0b2_create_communities_tables.py .. [  5%]
                                                                        [  5%]
invenio_communities/alembic/f701a32e6fbe_create_communities_members_table.py . [  5%]
                                                                       [  5%]
invenio_communities/alembic/fbe746957cfc_create_member_tables.py ...     [  6%]
invenio_communities/cache/__init__.py ...                                [  6%]
invenio_communities/cache/cache.py ...                                   [  7%]
invenio_communities/cache/redis.py ...                                   [  7%]
invenio_communities/cli.py ...                                           [  7%]
invenio_communities/communities/__init__.py ...                          [  8%]
invenio_communities/communities/dumpers/__init__.py ...                  [  8%]
invenio_communities/communities/dumpers/featured.py ...                  [  9%]
invenio_communities/communities/entity_resolvers.py ...                  [  9%]
invenio_communities/communities/records/__init__.py ...                  [ 10%]
invenio_communities/communities/records/api.py ...                       [ 10%]
invenio_communities/communities/records/jsonschemas/__init__.py ...      [ 10%]
invenio_communities/communities/records/mappings/__init__.py ...         [ 11%]
invenio_communities/communities/records/mappings/os-v1/__init__.py ...   [ 11%]
invenio_communities/communities/records/mappings/os-v2/__init__.py ...   [ 12%]
invenio_communities/communities/records/mappings/v7/__init__.py ...      [ 12%]
invenio_communities/communities/records/models.py ...                    [ 12%]
invenio_communities/communities/records/systemfields/__init__.py ...     [ 13%]
invenio_communities/communities/records/systemfields/access.py ...       [ 13%]
invenio_communities/communities/records/systemfields/children.py ...     [ 14%]
invenio_communities/communities/records/systemfields/deletion_status.py . [ 14%]
                                                                       [ 14%]
invenio_communities/communities/records/systemfields/is_verified.py ...  [ 15%]
invenio_communities/communities/records/systemfields/parent_community.py . [ 15%]
                                                                       [ 15%]
invenio_communities/communities/records/systemfields/pidslug.py ...      [ 15%]
invenio_communities/communities/records/systemfields/tombstone.py ...    [ 16%]
invenio_communities/communities/resources/__init__.py ...                [ 16%]
invenio_communities/communities/resources/args.py ...                    [ 17%]
invenio_communities/communities/resources/config.py ...                  [ 17%]
invenio_communities/communities/resources/resource.py ...                [ 17%]
invenio_communities/communities/resources/serializer.py ...              [ 18%]
invenio_communities/communities/resources/ui_schema.py ...               [ 18%]
invenio_communities/communities/schema.py ...                            [ 19%]
invenio_communities/communities/services/__init__.py ...                 [ 19%]
invenio_communities/communities/services/components.py ...               [ 20%]
invenio_communities/communities/services/config.py ...                   [ 20%]
invenio_communities/communities/services/facets.py ...                   [ 20%]
invenio_communities/communities/services/links.py ...                    [ 21%]
invenio_communities/communities/services/results.py ...                  [ 21%]
invenio_communities/communities/services/search_params.py ...            [ 22%]
invenio_communities/communities/services/service.py ...                  [ 22%]
invenio_communities/communities/services/sort.py ...                     [ 23%]
invenio_communities/communities/services/uow.py ...                      [ 23%]
invenio_communities/config.py ...                                        [ 23%]
invenio_communities/errors.py ...                                        [ 24%]
invenio_communities/ext.py ...                                           [ 24%]
invenio_communities/fixtures/__init__.py ...                             [ 25%]
invenio_communities/fixtures/demo.py ...                                 [ 25%]
invenio_communities/fixtures/tasks.py ...                                [ 25%]
invenio_communities/generators.py ...                                    [ 26%]
invenio_communities/members/__init__.py ...                              [ 26%]
invenio_communities/members/errors.py ...                                [ 27%]
invenio_communities/members/records/__init__.py ...                      [ 27%]
invenio_communities/members/records/api.py ...                           [ 28%]
invenio_communities/members/records/mappings/__init__.py ...             [ 28%]
invenio_communities/members/records/mappings/os-v1/__init__.py ...       [ 28%]
invenio_communities/members/records/mappings/os-v2/__init__.py ...       [ 29%]
invenio_communities/members/records/mappings/v7/__init__.py ...          [ 29%]
invenio_communities/members/records/models.py ...                        [ 30%]
invenio_communities/members/resources/__init__.py ...                    [ 30%]
invenio_communities/members/resources/config.py ...                      [ 30%]
invenio_communities/members/resources/resource.py ...                    [ 31%]
invenio_communities/members/services/__init__.py ...                     [ 31%]
invenio_communities/members/services/components.py ...                   [ 32%]
invenio_communities/members/services/config.py ...                       [ 32%]
invenio_communities/members/services/facets.py ...                       [ 33%]
invenio_communities/members/services/fields.py ...                       [ 33%]
invenio_communities/members/services/request.py ...                      [ 33%]
invenio_communities/members/services/schemas.py ...                      [ 34%]
invenio_communities/members/services/service.py ...                      [ 34%]
invenio_communities/notifications/__init__.py ...                        [ 35%]
invenio_communities/notifications/builders.py ...                        [ 35%]
invenio_communities/notifications/generators.py ...                      [ 35%]
invenio_communities/permissions.py ...                                   [ 36%]
invenio_communities/proxies.py ...                                       [ 36%]
invenio_communities/records/__init__.py ...                              [ 37%]
invenio_communities/records/records/__init__.py ...                      [ 37%]
invenio_communities/records/records/models.py ...                        [ 38%]
invenio_communities/records/records/systemfields/__init__.py ...         [ 38%]
invenio_communities/records/records/systemfields/communities/__init__.py . [ 38%]
                                                                       [ 38%]
invenio_communities/records/records/systemfields/communities/context.py . [ 39%]
                                                                       [ 39%]
invenio_communities/records/records/systemfields/communities/field.py .. [ 39%]
                                                                        [ 39%]
invenio_communities/records/records/systemfields/communities/manager.py . [ 39%]
                                                                       [ 40%]
invenio_communities/requests/user_moderation/__init__.py ...             [ 40%]
invenio_communities/requests/user_moderation/actions.py ...              [ 41%]
invenio_communities/requests/user_moderation/tasks.py ...                [ 41%]
invenio_communities/roles.py ...                                         [ 41%]
invenio_communities/searchapp.py ...                                     [ 42%]
invenio_communities/subcommunities/__init__.py ...                       [ 42%]
invenio_communities/subcommunities/resources/__init__.py ...             [ 43%]
invenio_communities/subcommunities/resources/config.py ...               [ 43%]
invenio_communities/subcommunities/resources/resource.py ...             [ 43%]
invenio_communities/subcommunities/services/__init__.py ...              [ 44%]
invenio_communities/subcommunities/services/config.py ...                [ 44%]
invenio_communities/subcommunities/services/errors.py ...                [ 45%]
invenio_communities/subcommunities/services/request.py ...               [ 45%]
invenio_communities/subcommunities/services/schema.py ...                [ 46%]
invenio_communities/subcommunities/services/service.py ...               [ 46%]
invenio_communities/tasks.py ...                                         [ 46%]
invenio_communities/utils.py ...                                         [ 47%]
invenio_communities/views/__init__.py ...                                [ 47%]
invenio_communities/views/api.py ...                                     [ 48%]
invenio_communities/views/communities.py ...                             [ 48%]
invenio_communities/views/decorators.py ...                              [ 48%]
invenio_communities/views/template_loader.py ...                         [ 49%]
invenio_communities/views/ui.py ...                                      [ 49%]
invenio_communities/webpack.py ...                                       [ 50%]
setup.py ...                                                             [ 50%]
tests/__init__.py ...                                                    [ 51%]
tests/cache/__init__.py ...                                              [ 51%]
tests/cache/test_identity_redis_cache.py ......                          [ 52%]
tests/communities/__init__.py ...                                        [ 52%]
tests/communities/conftest.py ...                                        [ 53%]
tests/communities/test_alembic.py ..s                                    [ 53%]
tests/communities/test_cli.py 
                                       [ 54%]
tests/communities/test_community_ui_serializer.py 
                    [ 54%]
tests/communities/test_components.py 
                            [ 55%]
tests/communities/test_parent_community.py 
                      [ 56%]
tests/communities/test_permissions.py 
                                [ 57%]
tests/communities/test_relations_organizations.py 
               [ 58%]
tests/communities/test_relations_types.py 
                       [ 59%]
tests/communities/test_resources.py 
                [ 62%]
tests/communities/test_services.py 
              [ 65%]
tests/communities/test_subcommunities.py 
::error file=workdir/tests/invenio-communities/patched/tests/communities/test_subcommunities.py,line=190::test_subcommunity_simple_flow%0A%0Aassert {'created': '...': True}, ...} == {'created': '...b447783', ...}%0A  %0A  Omitting 18 identical items, use -vv to show%0A  Left contains 1 more item:%0A  {'files': {'enabled': True}}%0A  %0A  Full diff:%0A    {%0A        'created': '2026-03-01T08:50:27.122841+00:00',%0A        'created_by': {%0A            'community': 'e23b0756-0fd4-4df0-9827-6cf1b68ee288',%0A        },%0A        'expires_at': None,%0A  +     'files': {%0A  +         'enabled': True,%0A  +     },%0A        'id': '8902e889-1682-4e2e-b581-b4e6cb447783',%0A        'is_closed': False,%0A        'is_expired': False,%0A        'is_open': True,%0A        'last_activity_at': '2026-03-01T08:50:27.128168+00:00',%0A        'last_reply': None,%0A        'links': {%0A            'actions': {%0A                'cancel': 'https://127.0.0.1:5000/api/requests/8902e889-1682-4e2e-b581-b4e6cb447783/actions/cancel',%0A            },%0A            'comments': 'https://127.0.0.1:5000/api/requests/8902e889-1682-4e2e-b581-b4e6cb447783/comments',%0A            'lock': 'https://127.0.0.1:5000/api/requests/8902e889-1682-4e2e-b581-b4e6cb447783/lock',%0A            'self': 'https://127.0.0.1:5000/api/requests/8902e889-1682-4e2e-b581-b4e6cb447783',%0A            'timeline': 'https://127.0.0.1:5000/api/requests/8902e889-1682-4e2e-b581-b4e6cb447783/timeline',%0A            'timeline_focused': 'https://127.0.0.1:5000/api/requests/8902e889-1682-4e2e-b581-b4e6cb447783/timeline_focused',%0A            'unlock': 'https://127.0.0.1:5000/api/requests/8902e889-1682-4e2e-b581-b4e6cb447783/unlock',%0A        },%0A        'number': '3',%0A        'receiver': {%0A            'community': 'c58babdf-3623-4a64-bdbf-484d26c1b596',%0A        },%0A        'revision_id': 2,%0A        'status': 'submitted',%0A        'title': 'Inclusion of subcommunity "Test community"',%0A        'topic': {%0A            'community': 'e23b0756-0fd4-4df0-9827-6cf1b68ee288',%0A        },%0A        'type': 'subcommunity',%0A        'updated': '2026-03-01T08:50:27.128168+00:00',%0A    }
F::error file=workdir/tests/invenio-communities/patched/tests/communities/test_subcommunities.py,line=312::test_subcommunity_existing_child_flow%0A%0Aassert {'created': '...': True}, ...} == {'created': '...d0c40aa', ...}%0A  %0A  Omitting 18 identical items, use -vv to show%0A  Left contains 1 more item:%0A  {'files': {'enabled': True}}%0A  %0A  Full diff:%0A    {%0A        'created': '2026-03-01T08:50:27.586485+00:00',%0A        'created_by': {%0A            'community': '3f4c8880-ad13-4c7b-b674-91b5f2110112',%0A        },%0A        'expires_at': None,%0A  +     'files': {%0A  +         'enabled': True,%0A  +     },%0A        'id': '8763d40b-2934-414f-a332-dc6b0d0c40aa',%0A        'is_closed': False,%0A        'is_expired': False,%0A        'is_open': True,%0A        'last_activity_at': '2026-03-01T08:50:27.591751+00:00',%0A        'last_reply': None,%0A        'links': {%0A            'actions': {%0A                'cancel': 'https://127.0.0.1:5000/api/requests/8763d40b-2934-414f-a332-dc6b0d0c40aa/actions/cancel',%0A            },%0A            'comments': 'https://127.0.0.1:5000/api/requests/8763d40b-2934-414f-a332-dc6b0d0c40aa/comments',%0A            'lock': 'https://127.0.0.1:5000/api/requests/8763d40b-2934-414f-a332-dc6b0d0c40aa/lock',%0A            'self': 'https://127.0.0.1:5000/api/requests/8763d40b-2934-414f-a332-dc6b0d0c40aa',%0A            'timeline': 'https://127.0.0.1:5000/api/requests/8763d40b-2934-414f-a332-dc6b0d0c40aa/timeline',%0A            'timeline_focused': 'https://127.0.0.1:5000/api/requests/8763d40b-2934-414f-a332-dc6b0d0c40aa/timeline_focused',%0A            'unlock': 'https://127.0.0.1:5000/api/requests/8763d40b-2934-414f-a332-dc6b0d0c40aa/unlock',%0A        },%0A        'number': '4',%0A        'receiver': {%0A            'community': 'f2d783c8-d7fc-40f6-b708-397bfcb13955',%0A        },%0A        'revision_id': 2,%0A        'status': 'submitted',%0A        'title': 'Inclusion of subcommunity "Child Community"',%0A        'topic': {%0A            'community': '3f4c8880-ad13-4c7b-b674-91b5f2110112',%0A        },%0A        'type': 'subcommunity',%0A        'updated': '2026-03-01T08:50:27.591751+00:00',%0A    }
F                         [ 66%]
tests/communities/test_tombstone.py 
                            [ 67%]
tests/communities/test_ui.py 
                                         [ 68%]
tests/communities/tests_views.py ...                                     [ 68%]
tests/conftest.py ...                                                    [ 69%]
tests/members/__init__.py ...                                            [ 69%]
tests/members/conftest.py ...                                            [ 70%]
tests/members/test_members_components.py 
                         [ 70%]
tests/members/test_members_no_groups.py 
                       [ 72%]
tests/members/test_members_notifications.py 
                      [ 73%]
tests/members/test_members_resource.py 
               [ 76%]
tests/members/test_members_services.py 
 [ 80%]
 [ 90%]
                                                    [ 93%]
tests/mock_module/__init__.py ...                                        [ 94%]
tests/records/__init__.py ...                                            [ 94%]
tests/records/conftest.py ...                                            [ 94%]
tests/records/mock_module/__init__.py ...                                [ 95%]
tests/records/mock_module/api.py ...                                     [ 95%]
tests/records/mock_module/jsonschemas/__init__.py ...                    [ 96%]
tests/records/mock_module/mappings/__init__.py ...                       [ 96%]
tests/records/mock_module/mappings/v6/__init__.py ...                    [ 96%]
tests/records/mock_module/mappings/v7/__init__.py ...                    [ 97%]
tests/records/mock_module/models.py ...                                  [ 97%]
tests/records/test_mockrecords_api.py 
                      [ 99%]
tests/test_notifications.py 
                                          [100%]
=================================== FAILURES ===================================
________________________ test_subcommunity_simple_flow _________________________
app = <Flask 'invenio'>
curator = <pytest_invenio.user.UserFixtureBase object at 0x7fca6f239e90>
owner = <pytest_invenio.user.UserFixtureBase object at 0x7fca6f4d0aa0>
parent_community = <invenio_communities.communities.services.results.CommunityItem object at 0x7fca6e91ba70>
    def test_subcommunity_simple_flow(app, curator, owner, parent_community):
        """Test the basic workflow for a subcommunity request."""
        client = curator.login(app.test_client())
        payload = {
            "community": {
                "title": "Test community",
                "slug": "test-community",
            }
        }
        # Create a request
        res = client.post(
            f"/communities/{str(parent_community.id)}/actions/join-request",
            json=payload,
            headers={"content-type": "application/json"},
        )
        assert res.status_code == 201
        request_id = res.json["id"]
        new_community_id = res.json["topic"]["community"]
>       assert res.json == {
            "id": request_id,
            "number": res.json["number"],
            "created_by": {"community": new_community_id},
            "topic": {"community": new_community_id},
            "receiver": {"community": str(parent_community.id)},
            "type": "subcommunity",
            "status": "submitted",
            "title": 'Inclusion of subcommunity "Test community"',
            "created": res.json["created"],
            "updated": res.json["updated"],
            "expires_at": None,
            "revision_id": 2,
            "is_closed": False,
            "is_expired": False,
            "is_open": True,
            "last_reply": None,
            "last_activity_at": res.json["updated"],
            "links": {
                "actions": {
                    # The requester can only cancel the request
                    "cancel": f"https://127.0.0.1:5000/api/requests/{request_id}/actions/cancel",
                },
                "comments": f"https://127.0.0.1:5000/api/requests/{request_id}/comments",
                "self": f"https://127.0.0.1:5000/api/requests/{request_id}",
                "timeline": f"https://127.0.0.1:5000/api/requests/{request_id}/timeline",
                "timeline_focused": f"https://127.0.0.1:5000/api/requests/{request_id}/timeline_focused",
                "lock": f"https://127.0.0.1:5000/api/requests/{request_id}/lock",
                "unlock": f"https://127.0.0.1:5000/api/requests/{request_id}/unlock",
            },
        }
E       assert {'created': '...': True}, ...} == {'created': '...b447783', ...}
E         
E         Omitting 18 identical items, use -vv to show
E         Left contains 1 more item:
E         {'files': {'enabled': True}}
E         
E         Full diff:
E           {
E               'created': '2026-03-01T08:50:27.122841+00:00',
E               'created_by': {
E                   'community': 'e23b0756-0fd4-4df0-9827-6cf1b68ee288',
E               },
E               'expires_at': None,
E         +     'files': {
E         +         'enabled': True,
E         +     },
E               'id': '8902e889-1682-4e2e-b581-b4e6cb447783',
E               'is_closed': False,
E               'is_expired': False,
E               'is_open': True,
E               'last_activity_at': '2026-03-01T08:50:27.128168+00:00',
E               'last_reply': None,
E               'links': {
E                   'actions': {
E                       'cancel': 'https://127.0.0.1:5000/api/requests/8902e889-1682-4e2e-b581-b4e6cb447783/actions/cancel',
E                   },
E                   'comments': 'https://127.0.0.1:5000/api/requests/8902e889-1682-4e2e-b581-b4e6cb447783/comments',
E                   'lock': 'https://127.0.0.1:5000/api/requests/8902e889-1682-4e2e-b581-b4e6cb447783/lock',
E                   'self': 'https://127.0.0.1:5000/api/requests/8902e889-1682-4e2e-b581-b4e6cb447783',
E                   'timeline': 'https://127.0.0.1:5000/api/requests/8902e889-1682-4e2e-b581-b4e6cb447783/timeline',
E                   'timeline_focused': 'https://127.0.0.1:5000/api/requests/8902e889-1682-4e2e-b581-b4e6cb447783/timeline_focused',
E                   'unlock': 'https://127.0.0.1:5000/api/requests/8902e889-1682-4e2e-b581-b4e6cb447783/unlock',
E               },
E               'number': '3',
E               'receiver': {
E                   'community': 'c58babdf-3623-4a64-bdbf-484d26c1b596',
E               },
E               'revision_id': 2,
E               'status': 'submitted',
E               'title': 'Inclusion of subcommunity "Test community"',
E               'topic': {
E                   'community': 'e23b0756-0fd4-4df0-9827-6cf1b68ee288',
E               },
E               'type': 'subcommunity',
E               'updated': '2026-03-01T08:50:27.128168+00:00',
E           }
tests/communities/test_subcommunities.py:190: AssertionError
------------------------------ Captured log call -------------------------------
ERROR    celery.app.trace:trace.py:267 Task invenio_notifications.tasks.broadcast_notification[b54ce6e1-490e-481e-9bd0-8979ed75f680] raised unexpected: KeyError('subcommunity-request.create')
Traceback (most recent call last):
  File "/home/runner/work/invenio-testrig/invenio-testrig/workdir/tests/invenio-communities/patched/.venv/lib/python3.14/site-packages/celery/app/trace.py", line 453, in trace_task
    R = retval = fun(*args, **kwargs)
                 ~~~^^^^^^^^^^^^^^^^^
  File "/home/runner/work/invenio-testrig/invenio-testrig/workdir/tests/invenio-communities/patched/.venv/lib/python3.14/site-packages/invenio_notifications/tasks.py", line 21, in broadcast_notification
    current_notifications_manager.handle_broadcast(Notification(**notification))
    ~~~~~~~~~~~~~~~~~~~~~~~~~~~~~~~~~~~~~~~~~~~~~~^^^^^^^^^^^^^^^^^^^^^^^^^^^^^^
  File "/home/runner/work/invenio-testrig/invenio-testrig/workdir/tests/invenio-communities/patched/.venv/lib/python3.14/site-packages/invenio_notifications/manager.py", line 42, in handle_broadcast
    builder = self.builders[notification.type]
              ~~~~~~~~~~~~~^^^^^^^^^^^^^^^^^^^
KeyError: 'subcommunity-request.create'
____________________ test_subcommunity_existing_child_flow _____________________
app = <Flask 'invenio'>
curator = <pytest_invenio.user.UserFixtureBase object at 0x7fca6f239e90>
owner = <pytest_invenio.user.UserFixtureBase object at 0x7fca6f4d0aa0>
parent_community = <invenio_communities.communities.services.results.CommunityItem object at 0x7fca6e608190>
child_community = <invenio_communities.communities.services.results.CommunityItem object at 0x7fca6e608870>
    def test_subcommunity_existing_child_flow(
        app, curator, owner, parent_community, child_community
    ):
        """Test the subcommunity request workflow for an existing community."""
        # Create a request
        client = curator.login(app.test_client())
        res = client.post(
            f"/communities/{str(parent_community.id)}/actions/join-request",
            json={"community_id": str(child_community.id)},
            headers={"content-type": "application/json"},
        )
        assert res.status_code == 201
        request_id = res.json["id"]
>       assert res.json == {
            "id": request_id,
            "number": res.json["number"],
            "created_by": {"community": str(child_community.id)},
            "topic": {"community": str(child_community.id)},
            "receiver": {"community": str(parent_community.id)},
            "type": "subcommunity",
            "status": "submitted",
            "title": 'Inclusion of subcommunity "Child Community"',
            "created": res.json["created"],
            "updated": res.json["updated"],
            "expires_at": None,
            "revision_id": 2,
            "is_closed": False,
            "is_expired": False,
            "is_open": True,
            "last_reply": None,
            "last_activity_at": res.json["updated"],
            "links": {
                "actions": {
                    # The requester can only cancel the request
                    "cancel": f"https://127.0.0.1:5000/api/requests/{request_id}/actions/cancel",
                },
                "comments": f"https://127.0.0.1:5000/api/requests/{request_id}/comments",
                "self": f"https://127.0.0.1:5000/api/requests/{request_id}",
                "timeline": f"https://127.0.0.1:5000/api/requests/{request_id}/timeline",
                "timeline_focused": f"https://127.0.0.1:5000/api/requests/{request_id}/timeline_focused",
                "lock": f"https://127.0.0.1:5000/api/requests/{request_id}/lock",
                "unlock": f"https://127.0.0.1:5000/api/requests/{request_id}/unlock",
            },
        }
E       assert {'created': '...': True}, ...} == {'created': '...d0c40aa', ...}
E         
E         Omitting 18 identical items, use -vv to show
E         Left contains 1 more item:
E         {'files': {'enabled': True}}
E         
E         Full diff:
E           {
E               'created': '2026-03-01T08:50:27.586485+00:00',
E               'created_by': {
E                   'community': '3f4c8880-ad13-4c7b-b674-91b5f2110112',
E               },
E               'expires_at': None,
E         +     'files': {
E         +         'enabled': True,
E         +     },
E               'id': '8763d40b-2934-414f-a332-dc6b0d0c40aa',
E               'is_closed': False,
E               'is_expired': False,
E               'is_open': True,
E               'last_activity_at': '2026-03-01T08:50:27.591751+00:00',
E               'last_reply': None,
E               'links': {
E                   'actions': {
E                       'cancel': 'https://127.0.0.1:5000/api/requests/8763d40b-2934-414f-a332-dc6b0d0c40aa/actions/cancel',
E                   },
E                   'comments': 'https://127.0.0.1:5000/api/requests/8763d40b-2934-414f-a332-dc6b0d0c40aa/comments',
E                   'lock': 'https://127.0.0.1:5000/api/requests/8763d40b-2934-414f-a332-dc6b0d0c40aa/lock',
E                   'self': 'https://127.0.0.1:5000/api/requests/8763d40b-2934-414f-a332-dc6b0d0c40aa',
E                   'timeline': 'https://127.0.0.1:5000/api/requests/8763d40b-2934-414f-a332-dc6b0d0c40aa/timeline',
E                   'timeline_focused': 'https://127.0.0.1:5000/api/requests/8763d40b-2934-414f-a332-dc6b0d0c40aa/timeline_focused',
E                   'unlock': 'https://127.0.0.1:5000/api/requests/8763d40b-2934-414f-a332-dc6b0d0c40aa/unlock',
E               },
E               'number': '4',
E               'receiver': {
E                   'community': 'f2d783c8-d7fc-40f6-b708-397bfcb13955',
E               },
E               'revision_id': 2,
E               'status': 'submitted',
E               'title': 'Inclusion of subcommunity "Child Community"',
E               'topic': {
E                   'community': '3f4c8880-ad13-4c7b-b674-91b5f2110112',
E               },
E               'type': 'subcommunity',
E               'updated': '2026-03-01T08:50:27.591751+00:00',
E           }
tests/communities/test_subcommunities.py:312: AssertionError
------------------------------ Captured log call -------------------------------
ERROR    celery.app.trace:trace.py:267 Task invenio_notifications.tasks.broadcast_notification[1a7e7777-fde5-4980-bb28-65000309e4e8] raised unexpected: KeyError('subcommunity-request.create')
Traceback (most recent call last):
  File "/home/runner/work/invenio-testrig/invenio-testrig/workdir/tests/invenio-communities/patched/.venv/lib/python3.14/site-packages/celery/app/trace.py", line 453, in trace_task
    R = retval = fun(*args, **kwargs)
                 ~~~^^^^^^^^^^^^^^^^^
  File "/home/runner/work/invenio-testrig/invenio-testrig/workdir/tests/invenio-communities/patched/.venv/lib/python3.14/site-packages/invenio_notifications/tasks.py", line 21, in broadcast_notification
    current_notifications_manager.handle_broadcast(Notification(**notification))
    ~~~~~~~~~~~~~~~~~~~~~~~~~~~~~~~~~~~~~~~~~~~~~~^^^^^^^^^^^^^^^^^^^^^^^^^^^^^^
  File "/home/runner/work/invenio-testrig/invenio-testrig/workdir/tests/invenio-communities/patched/.venv/lib/python3.14/site-packages/invenio_notifications/manager.py", line 42, in handle_broadcast
    builder = self.builders[notification.type]
              ~~~~~~~~~~~~~^^^^^^^^^^^^^^^^^^^
KeyError: 'subcommunity-request.create'
=============================== warnings summary ===============================
venv/lib/python3.14/site-packages/edtf/parser/grammar.py:9
    pyparsing.ParserElement.enablePackrat()
venv/lib/python3.14/site-packages/edtf/parser/grammar.py:52
    oneThru12 = oneOf(["%.2d" % i for i in range(1, 13)])
venv/lib/python3.14/site-packages/edtf/parser/grammar.py:53
    oneThru13 = oneOf(["%.2d" % i for i in range(1, 14)])
venv/lib/python3.14/site-packages/edtf/parser/grammar.py:54
    oneThru23 = oneOf(["%.2d" % i for i in range(1, 24)])
venv/lib/python3.14/site-packages/edtf/parser/grammar.py:55
    zeroThru23 = oneOf(["%.2d" % i for i in range(0, 24)])
venv/lib/python3.14/site-packages/edtf/parser/grammar.py:56
    oneThru29 = oneOf(["%.2d" % i for i in range(1, 30)])
venv/lib/python3.14/site-packages/edtf/parser/grammar.py:57
    oneThru30 = oneOf(["%.2d" % i for i in range(1, 31)])
venv/lib/python3.14/site-packages/edtf/parser/grammar.py:58
    oneThru31 = oneOf(["%.2d" % i for i in range(1, 32)])
venv/lib/python3.14/site-packages/edtf/parser/grammar.py:59
    oneThru59 = oneOf(["%.2d" % i for i in range(1, 60)])
venv/lib/python3.14/site-packages/edtf/parser/grammar.py:60
    zeroThru59 = oneOf(["%.2d" % i for i in range(0, 60)])
venv/lib/python3.14/site-packages/edtf/parser/grammar.py:63
    positiveDigit = Word(nums, exact=1, excludeChars="0")
venv/lib/python3.14/site-packages/edtf/parser/grammar.py:73
    (oneOf("01 03 05 07 08 10 12")("month") + "-" + oneThru31("day"))
venv/lib/python3.14/site-packages/edtf/parser/grammar.py:74
    ^ (oneOf("04 06 09 11")("month") + "-" + oneThru30("day"))
    p.addParseAction(cls.parse_action)
venv/lib/python3.14/site-packages/edtf/parser/grammar.py:119
    UASymbol = Combine(oneOf("? ~ %"))
venv/lib/python3.14/site-packages/edtf/parser/grammar.py:122
    seasonNumber = oneOf("21 22 23 24")
venv/lib/python3.14/site-packages/edtf/parser/grammar.py:155
    l1Start.addParseAction(f)
venv/lib/python3.14/site-packages/edtf/parser/grammar.py:157
    l1End.addParseAction(f)
venv/lib/python3.14/site-packages/edtf/parser/grammar.py:199
    monthWithX = Combine(oneOf("0X 1X") ^ ("X" + digitOrX))("month")
venv/lib/python3.14/site-packages/edtf/parser/grammar.py:303
venv/lib/python3.14/site-packages/edtf/parser/grammar.py:303
    earlier = L("..").addParseAction(f)("lower") + date("upper").addParseAction(f)
venv/lib/python3.14/site-packages/edtf/parser/grammar.py:304
venv/lib/python3.14/site-packages/edtf/parser/grammar.py:304
    later = date("lower").addParseAction(f) + L("..").addParseAction(f)("upper")
venv/lib/python3.14/site-packages/edtf/parser/grammar.py:325
    seasonL2Number = oneOf("21 22 23 24 25 26 27 28 29 30 31 32 33 34 35 36 37 38 39 40 41")
venv/lib/python3.14/site-packages/invenio_requests/services/files/config.py:64
    "self": RequestFileLink("{+api}/requests/{request_id}/files/{key}"),
venv/lib/python3.14/site-packages/invenio_requests/services/files/config.py:65
    "content": RequestFileLink("{+api}/requests/{request_id}/files/{key}/content"),
venv/lib/python3.14/site-packages/invenio_requests/services/files/config.py:66
    "download_html": RequestFileLink("{+ui}/requests/{request_id}/files/{key}"),
venv/lib/python3.14/site-packages/invenio_vocabularies/config.py:15
    from idutils import is_doi, is_gnd, is_isni, is_orcid, is_ror, is_url
    self.init_app(app)
    warnings.warn(
tests/records/test_mockrecords_api.py::test_record_create_empty
    warnings.warn(
================================ tests coverage ================================
_______________ coverage: platform linux, python 3.14.2-final-0 ________________
Name                                                                             Stmts   Miss  Cover   Missing
invenio_communities/__init__.py                                                      4      0   100%
invenio_communities/administration/__init__.py                                       0      0   100%
invenio_communities/administration/communities.py                                   42      1    98%   78
invenio_communities/alembic/02cd82910727_update_role_id_type_upgrade.py             13      5    62%   33-55, 67
invenio_communities/alembic/5b478fe7ef7f_create_featured_communities_table.py       12      2    83%   24, 54
invenio_communities/alembic/5c68d45c80f0_add_deletion_status_to_communities.py      27     18    33%   22-43, 49-62, 67
invenio_communities/alembic/37b21951084c_update_role_id_type_downgrade.py           13      5    62%   22, 27-51
invenio_communities/alembic/72b37bb4119c_create_indeces_for_bucket_id.py            11      4    64%   21-27, 37-40
invenio_communities/alembic/90642d415317_create_communities_branch.py                8      2    75%   20, 25
invenio_communities/alembic/__init__.py                                              0      0   100%
invenio_communities/alembic/a3f5a8635cbb_remove_version_table.py                    22     12    45%   24-40, 48-111
invenio_communities/alembic/c3feb26c7041_change_datetime_types.py                   15      8    47%   25-34, 41-50
invenio_communities/alembic/de9c14cbb0b2_create_communities_tables.py               24     14    42%   25-171, 178-193
invenio_communities/alembic/f701a32e6fbe_create_communities_members_table.py        14      4    71%   24-65, 75-76
invenio_communities/alembic/fbe746957cfc_create_member_tables.py                    36     26    28%   27-147, 157-196
invenio_communities/cache/__init__.py                                                0      0   100%
invenio_communities/cache/cache.py                                                  18      0   100%
invenio_communities/cache/redis.py                                                  29      1    97%   64
invenio_communities/cli.py                                                          76     21    72%   47-49, 56-62, 69-74, 99-100, 108-112, 124-126
invenio_communities/communities/__init__.py                                          3      0   100%
invenio_communities/communities/dumpers/__init__.py                                  0      0   100%
invenio_communities/communities/dumpers/featured.py                                 16      0   100%
invenio_communities/communities/entity_resolvers.py                                 32      9    72%   35-48, 69, 80
invenio_communities/communities/records/__init__.py                                  0      0   100%
invenio_communities/communities/records/api.py                                      45      0   100%
invenio_communities/communities/records/jsonschemas/__init__.py                      0      0   100%
invenio_communities/communities/records/mappings/__init__.py                         0      0   100%
invenio_communities/communities/records/mappings/os-v1/__init__.py                   0      0   100%
invenio_communities/communities/records/mappings/os-v2/__init__.py                   0      0   100%
invenio_communities/communities/records/mappings/v7/__init__.py                      0      0   100%
invenio_communities/communities/records/models.py                                   22      0   100%
invenio_communities/communities/records/systemfields/__init__.py                     0      0   100%
invenio_communities/communities/records/systemfields/access.py                     148     14    91%   136, 148, 154, 159, 170, 182, 194, 240, 264, 284-291, 304
invenio_communities/communities/records/systemfields/children.py                    50      3    94%   31, 74, 77
invenio_communities/communities/records/systemfields/deletion_status.py             59      6    90%   57, 61, 70, 75-78
invenio_communities/communities/records/systemfields/is_verified.py                 11      0   100%
invenio_communities/communities/records/systemfields/parent_community.py            53      3    94%   63-64, 119
invenio_communities/communities/records/systemfields/pidslug.py                     44      3    93%   41, 51, 67
invenio_communities/communities/records/systemfields/tombstone.py                   96      4    96%   44, 140, 146, 178
invenio_communities/communities/resources/__init__.py                                3      0   100%
invenio_communities/communities/resources/args.py                                    5      0   100%
invenio_communities/communities/resources/config.py                                 21      0   100%
invenio_communities/communities/resources/resource.py                               91      8    91%   73-78, 89-96, 162-168, 241-248
invenio_communities/communities/resources/serializer.py                              5      0   100%
invenio_communities/communities/resources/ui_schema.py                              76     17    78%   35-36, 51-62, 124-128, 135
invenio_communities/communities/schema.py                                          124      1    99%   275
invenio_communities/communities/services/__init__.py                                 4      0   100%
invenio_communities/communities/services/components.py                             188     10    95%   46, 57, 65, 80, 257, 283-284, 327, 331, 348
invenio_communities/communities/services/config.py                                  52      2    96%   81-85
invenio_communities/communities/services/facets.py                                   6      0   100%
invenio_communities/communities/services/links.py                                   34      1    97%   75
invenio_communities/communities/services/results.py                                 45      4    91%   76, 80, 100, 119
invenio_communities/communities/services/search_params.py                           14      1    93%   27
invenio_communities/communities/services/service.py                                258     26    90%   127, 305-306, 473, 480, 520-547, 634-638, 674-680, 716, 743-758
invenio_communities/communities/services/sort.py                                    10      2    80%   32-33
invenio_communities/communities/services/uow.py                                     14      0   100%
invenio_communities/config.py                                                       50      0   100%
invenio_communities/errors.py                                                       29      1    97%   66
invenio_communities/ext.py                                                          73     10    86%   138-139, 144-189
invenio_communities/fixtures/__init__.py                                             0      0   100%
invenio_communities/fixtures/demo.py                                                 5      0   100%
invenio_communities/fixtures/tasks.py                                               42     13    69%   38-39, 42-43, 45-50, 76-79
invenio_communities/generators.py                                                  182     25    86%   74, 105-110, 150-151, 219-224, 228-229, 233-234, 254, 258, 281, 291, 295, 309, 365, 379, 397
invenio_communities/members/__init__.py                                              4      0   100%
invenio_communities/members/errors.py                                                3      0   100%
invenio_communities/members/records/__init__.py                                      3      0   100%
invenio_communities/members/records/api.py                                          94      2    98%   98-101
invenio_communities/members/records/mappings/__init__.py                             0      0   100%
invenio_communities/members/records/mappings/os-v1/__init__.py                       0      0   100%
invenio_communities/members/records/mappings/os-v2/__init__.py                       0      0   100%
invenio_communities/members/records/mappings/v7/__init__.py                          0      0   100%
invenio_communities/members/records/models.py                                       55      2    96%   100-101
invenio_communities/members/resources/__init__.py                                    3      0   100%
invenio_communities/members/resources/config.py                                     13      0   100%
invenio_communities/members/resources/resource.py                                   57      0   100%
invenio_communities/members/services/__init__.py                                     3      0   100%
invenio_communities/members/services/components.py                                  45      9    80%   34, 37, 41-48, 69
invenio_communities/members/services/config.py                                      46      0   100%
invenio_communities/members/services/facets.py                                       7      0   100%
invenio_communities/members/services/fields.py                                      22      8    64%   38-45
invenio_communities/members/services/request.py                                     53      0   100%
invenio_communities/members/services/schemas.py                                     82      0   100%
invenio_communities/members/services/service.py                                    239      9    96%   352, 546, 711, 715, 719, 723, 828, 833, 839
invenio_communities/notifications/__init__.py                                        0      0   100%
invenio_communities/notifications/builders.py                                       85      1    99%   309
invenio_communities/notifications/generators.py                                     28      1    96%   51
invenio_communities/permissions.py                                                  49      0   100%
invenio_communities/proxies.py                                                       8      0   100%
invenio_communities/records/__init__.py                                              0      0   100%
invenio_communities/records/records/__init__.py                                      0      0   100%
invenio_communities/records/records/models.py                                       17      0   100%
invenio_communities/records/records/systemfields/__init__.py                         2      0   100%
invenio_communities/records/records/systemfields/communities/__init__.py             0      0   100%
invenio_communities/records/records/systemfields/communities/context.py              4      1    75%   28
invenio_communities/records/records/systemfields/communities/field.py               40     14    65%   59, 64-111, 115-118
invenio_communities/records/records/systemfields/communities/manager.py             99      2    98%   167, 208
invenio_communities/requests/user_moderation/__init__.py                             2      0   100%
invenio_communities/requests/user_moderation/actions.py                             40     28    30%   32-60, 70-85, 95-99, 108-117
invenio_communities/requests/user_moderation/tasks.py                               16      8    50%   19-25, 31-35
invenio_communities/roles.py                                                        61      1    98%   80
invenio_communities/searchapp.py                                                     5      1    80%   18
invenio_communities/subcommunities/__init__.py                                       3      0   100%
invenio_communities/subcommunities/resources/__init__.py                             3      0   100%
invenio_communities/subcommunities/resources/config.py                              20      0   100%
invenio_communities/subcommunities/resources/resource.py                            18      0   100%
invenio_communities/subcommunities/services/__init__.py                              4      0   100%
invenio_communities/subcommunities/services/config.py                               22      0   100%
invenio_communities/subcommunities/services/errors.py                                2      0   100%
invenio_communities/subcommunities/services/request.py                              67     16    76%   50-57, 96-108, 116-128, 137-144, 187, 200
invenio_communities/subcommunities/services/schema.py                               16      1    94%   49
invenio_communities/subcommunities/services/service.py                              62     11    82%   45, 55, 84, 119, 136, 166-175
invenio_communities/tasks.py                                                         5      1    80%   22
invenio_communities/utils.py                                                        55      5    91%   107, 110-113
invenio_communities/views/__init__.py                                                3      0   100%
invenio_communities/views/api.py                                                    11      0   100%
invenio_communities/views/communities.py                                           172    107    38%   169, 179-191, 196, 201, 209-210, 218-219, 231-260, 269-277, 296-309, 329-334, 346-371, 388-392, 404-414, 433-437, 455-459, 471-475, 489-492, 505-509, 522-525, 537-546
invenio_communities/views/decorators.py                                             27     10    63%   28-38, 51-57
invenio_communities/views/template_loader.py                                        24      2    92%   46-47
invenio_communities/views/ui.py                                                     84     34    60%   54, 59-70, 81-84, 89, 100-103, 108-111, 116-123, 243-245, 250-260
invenio_communities/webpack.py                                                       2      0   100%
TOTAL                                                                             4059    560    86%
=========================== short test summary info ============================
FAILED tests/communities/test_subcommunities.py::test_subcommunity_simple_flow - assert {'created': '...': True}, ...} == {'created': '...b447783', ...}
  Omitting 18 identical items, use -vv to show
  Left contains 1 more item:
  {'files': {'enabled': True}}
  Full diff:
    {
        'created': '2026-03-01T08:50:27.122841+00:00',
        'created_by': {
            'community': 'e23b0756-0fd4-4df0-9827-6cf1b68ee288',
        },
        'expires_at': None,
  +     'files': {
  +         'enabled': True,
  +     },
        'id': '8902e889-1682-4e2e-b581-b4e6cb447783',
        'is_closed': False,
        'is_expired': False,
        'is_open': True,
        'last_activity_at': '2026-03-01T08:50:27.128168+00:00',
        'last_reply': None,
        'links': {
            'actions': {
                'cancel': 'https://127.0.0.1:5000/api/requests/8902e889-1682-4e2e-b581-b4e6cb447783/actions/cancel',
            },
            'comments': 'https://127.0.0.1:5000/api/requests/8902e889-1682-4e2e-b581-b4e6cb447783/comments',
            'lock': 'https://127.0.0.1:5000/api/requests/8902e889-1682-4e2e-b581-b4e6cb447783/lock',
            'self': 'https://127.0.0.1:5000/api/requests/8902e889-1682-4e2e-b581-b4e6cb447783',
            'timeline': 'https://127.0.0.1:5000/api/requests/8902e889-1682-4e2e-b581-b4e6cb447783/timeline',
            'timeline_focused': 'https://127.0.0.1:5000/api/requests/8902e889-1682-4e2e-b581-b4e6cb447783/timeline_focused',
            'unlock': 'https://127.0.0.1:5000/api/requests/8902e889-1682-4e2e-b581-b4e6cb447783/unlock',
        },
        'number': '3',
        'receiver': {
            'community': 'c58babdf-3623-4a64-bdbf-484d26c1b596',
        },
        'revision_id': 2,
        'status': 'submitted',
        'title': 'Inclusion of subcommunity "Test community"',
        'topic': {
            'community': 'e23b0756-0fd4-4df0-9827-6cf1b68ee288',
        },
        'type': 'subcommunity',
        'updated': '2026-03-01T08:50:27.128168+00:00',
    }
FAILED tests/communities/test_subcommunities.py::test_subcommunity_existing_child_flow - assert {'created': '...': True}, ...} == {'created': '...d0c40aa', ...}
  Omitting 18 identical items, use -vv to show
  Left contains 1 more item:
  {'files': {'enabled': True}}
  Full diff:
    {
        'created': '2026-03-01T08:50:27.586485+00:00',
        'created_by': {
            'community': '3f4c8880-ad13-4c7b-b674-91b5f2110112',
        },
        'expires_at': None,
  +     'files': {
  +         'enabled': True,
  +     },
        'id': '8763d40b-2934-414f-a332-dc6b0d0c40aa',
        'is_closed': False,
        'is_expired': False,
        'is_open': True,
        'last_activity_at': '2026-03-01T08:50:27.591751+00:00',
        'last_reply': None,
        'links': {
            'actions': {
                'cancel': 'https://127.0.0.1:5000/api/requests/8763d40b-2934-414f-a332-dc6b0d0c40aa/actions/cancel',
            },
            'comments': 'https://127.0.0.1:5000/api/requests/8763d40b-2934-414f-a332-dc6b0d0c40aa/comments',
            'lock': 'https://127.0.0.1:5000/api/requests/8763d40b-2934-414f-a332-dc6b0d0c40aa/lock',
            'self': 'https://127.0.0.1:5000/api/requests/8763d40b-2934-414f-a332-dc6b0d0c40aa',
            'timeline': 'https://127.0.0.1:5000/api/requests/8763d40b-2934-414f-a332-dc6b0d0c40aa/timeline',
            'timeline_focused': 'https://127.0.0.1:5000/api/requests/8763d40b-2934-414f-a332-dc6b0d0c40aa/timeline_focused',
            'unlock': 'https://127.0.0.1:5000/api/requests/8763d40b-2934-414f-a332-dc6b0d0c40aa/unlock',
        },
        'number': '4',
        'receiver': {
            'community': 'f2d783c8-d7fc-40f6-b708-397bfcb13955',
        },
        'revision_id': 2,
        'status': 'submitted',
        'title': 'Inclusion of subcommunity "Child Community"',
        'topic': {
            'community': '3f4c8880-ad13-4c7b-b674-91b5f2110112',
        },
        'type': 'subcommunity',
        'updated': '2026-03-01T08:50:27.591751+00:00',
    }
====== 2 failed, 714 passed, 1 skipped, 85 warnings in 222.59s (0:03:42) =======
 Container docker_services_cli-postgresql-1  Stopping
 Container docker_services_cli-opensearch-1  Stopping
 Container docker_services_cli-redis-1  Stopping
 Container docker_services_cli-redis-1  Stopped
 Container docker_services_cli-redis-1  Removing
 Container docker_services_cli-redis-1  Removed
 Container docker_services_cli-postgresql-1  Stopped
 Container docker_services_cli-postgresql-1  Removing
 Container docker_services_cli-opensearch-1  Stopped
 Container docker_services_cli-opensearch-1  Removing
 Container docker_services_cli-opensearch-1  Removed
 Container docker_services_cli-postgresql-1  Removed
 Network docker_services_cli_default  Removing
 Network docker_services_cli_default  Removed
