 opensearch Pulling 
 postgresql Pulling 
 redis Pulling 
 rabbitmq Pulling 
 84a2afebaf4d Pulling fs layer 
 68bef8a2321a Pulling fs layer 
 dc35057c3d27 Pulling fs layer 
 762d5b1c0ef7 Pulling fs layer 
 1196a886e941 Pulling fs layer 
 96afa962f1ac Pulling fs layer 
 4f4fb700ef54 Pulling fs layer 
 6475cc3afbe1 Pulling fs layer 
 1196a886e941 Waiting 
 96afa962f1ac Waiting 
 4f4fb700ef54 Waiting 
 6475cc3afbe1 Waiting 
 762d5b1c0ef7 Waiting 
 20043066d3d5 Pulling fs layer 
 3fadc669ef11 Pulling fs layer 
 7084ac8f4ab6 Pulling fs layer 
 beb0d870d438 Pulling fs layer 
 d63c4408fdb7 Pulling fs layer 
 efa05c660812 Pulling fs layer 
 f4e7f62f4b80 Pulling fs layer 
 5e1c03b67a78 Pulling fs layer 
 14e6209d5fa8 Pulling fs layer 
 d686b50ce172 Pulling fs layer 
 20043066d3d5 Waiting 
 3fadc669ef11 Waiting 
 7084ac8f4ab6 Waiting 
 beb0d870d438 Waiting 
 d63c4408fdb7 Waiting 
 efa05c660812 Waiting 
 f4e7f62f4b80 Waiting 
 5e1c03b67a78 Waiting 
 14e6209d5fa8 Waiting 
 d686b50ce172 Waiting 
 f9dd052e142d Pulling fs layer 
 e8c6d4883897 Pulling fs layer 
 648eb81b3252 Pulling fs layer 
 eb77aa907276 Pulling fs layer 
 4f4fb700ef54 Pulling fs layer 
 0ffa8f8aba1e Pulling fs layer 
 2e81b9cb93cd Pulling fs layer 
 f9dd052e142d Waiting 
 e8c6d4883897 Waiting 
 648eb81b3252 Waiting 
 eb77aa907276 Waiting 
 0ffa8f8aba1e Waiting 
 4f4fb700ef54 Waiting 
 2e81b9cb93cd Waiting 
 dc35057c3d27 Downloading [=========================================>         ]     721B/875B
 dc35057c3d27 Downloading [==================================================>]     875B/875B
 dc35057c3d27 Verifying Checksum 
 dc35057c3d27 Download complete 
 84a2afebaf4d Downloading [>                                                  ]  298.2kB/28.24MB
 68bef8a2321a Downloading [================================>                  ]     720B/1.102kB
 68bef8a2321a Downloading [==================================================>]  1.102kB/1.102kB
 68bef8a2321a Verifying Checksum 
 68bef8a2321a Download complete 
 84a2afebaf4d Downloading [==================================>                ]  19.26MB/28.24MB
 84a2afebaf4d Verifying Checksum 
 84a2afebaf4d Download complete 
 84a2afebaf4d Extracting [>                                                  ]  294.9kB/28.24MB
 762d5b1c0ef7 Downloading [>                                                  ]   15.6kB/1.438MB
 762d5b1c0ef7 Verifying Checksum 
 762d5b1c0ef7 Download complete 
 1196a886e941 Downloading [>                                                  ]  156.7kB/15.35MB
 84a2afebaf4d Extracting [==========>                                        ]  6.193MB/28.24MB
 1196a886e941 Downloading [====================================>              ]  11.14MB/15.35MB
 b0a0cf830b12 Pulling fs layer 
 dda3d8fbd5ed Pulling fs layer 
 283a477db7bb Pulling fs layer 
 91d2729fa4d5 Pulling fs layer 
 9739ced65621 Pulling fs layer 
 ae3bb1b347a4 Pulling fs layer 
 f8406d9c00ea Pulling fs layer 
 c199bff16b05 Pulling fs layer 
 e0d55fdb4d15 Pulling fs layer 
 b0a0cf830b12 Waiting 
 c1cb13b19080 Pulling fs layer 
 873532e5f8c7 Pulling fs layer 
 050d9f8c3b1c Pulling fs layer 
 710e142705f8 Pulling fs layer 
 cb628c265f09 Pulling fs layer 
 dda3d8fbd5ed Waiting 
 9739ced65621 Waiting 
 283a477db7bb Waiting 
 ae3bb1b347a4 Waiting 
 f8406d9c00ea Waiting 
 91d2729fa4d5 Waiting 
 c199bff16b05 Waiting 
 e0d55fdb4d15 Waiting 
 050d9f8c3b1c Waiting 
 710e142705f8 Waiting 
 c1cb13b19080 Waiting 
 cb628c265f09 Waiting 
 873532e5f8c7 Waiting 
 84a2afebaf4d Extracting [================>                                  ]  9.437MB/28.24MB
 96afa962f1ac Downloading [==================================================>]      96B/96B
 96afa962f1ac Verifying Checksum 
 96afa962f1ac Download complete 
 1196a886e941 Verifying Checksum 
 1196a886e941 Download complete 
 4f4fb700ef54 Downloading [==================================================>]      32B/32B
 4f4fb700ef54 Verifying Checksum 
 4f4fb700ef54 Download complete 
 84a2afebaf4d Extracting [========================>                          ]  13.57MB/28.24MB
 84a2afebaf4d Extracting [=======================================>           ]  22.12MB/28.24MB
 6475cc3afbe1 Downloading [==================================================>]     573B/573B
 6475cc3afbe1 Verifying Checksum 
 6475cc3afbe1 Download complete 
 20043066d3d5 Downloading [>                                                  ]  298.8kB/29.72MB
 3fadc669ef11 Downloading [>                                                  ]  446.3kB/43.48MB
 84a2afebaf4d Extracting [==========================================>        ]  23.89MB/28.24MB
 20043066d3d5 Downloading [===============>                                   ]  9.212MB/29.72MB
 3fadc669ef11 Downloading [==================================>                ]  29.61MB/43.48MB
 3fadc669ef11 Verifying Checksum 
 3fadc669ef11 Download complete 
 20043066d3d5 Verifying Checksum 
 20043066d3d5 Download complete 
 7084ac8f4ab6 Downloading [>                                                  ]  75.68kB/7.468MB
 7084ac8f4ab6 Download complete 
 84a2afebaf4d Extracting [===============================================>   ]  26.84MB/28.24MB
 20043066d3d5 Extracting [>                                                  ]  327.7kB/29.72MB
 20043066d3d5 Extracting [=========>                                         ]  5.571MB/29.72MB
 d63c4408fdb7 Downloading [>                                                  ]  215.8kB/21.31MB
 beb0d870d438 Downloading [===>                                               ]     719B/9.462kB
 beb0d870d438 Verifying Checksum 
 beb0d870d438 Download complete 
 20043066d3d5 Extracting [==============>                                    ]   8.52MB/29.72MB
 efa05c660812 Downloading [==================================================>]     189B/189B
 efa05c660812 Verifying Checksum 
 efa05c660812 Download complete 
 d63c4408fdb7 Verifying Checksum 
 d63c4408fdb7 Download complete 
 20043066d3d5 Extracting [===================>                               ]  11.47MB/29.72MB
 84a2afebaf4d Extracting [================================================>  ]  27.43MB/28.24MB
 20043066d3d5 Extracting [===============================>                   ]  18.68MB/29.72MB
 f4e7f62f4b80 Downloading [==================================================>]     109B/109B
 f4e7f62f4b80 Verifying Checksum 
 f4e7f62f4b80 Download complete 
 84a2afebaf4d Extracting [==================================================>]  28.24MB/28.24MB
 5e1c03b67a78 Downloading [==================================================>]     620B/620B
 5e1c03b67a78 Download complete 
 14e6209d5fa8 Downloading [===========================================>       ]     720B/833B
 14e6209d5fa8 Downloading [==================================================>]     833B/833B
 14e6209d5fa8 Download complete 
 84a2afebaf4d Pull complete 
 68bef8a2321a Extracting [==================================================>]  1.102kB/1.102kB
 68bef8a2321a Extracting [==================================================>]  1.102kB/1.102kB
 20043066d3d5 Extracting [=========================================>         ]  24.58MB/29.72MB
 d686b50ce172 Downloading [>                                                  ]    127kB/12.47MB
 20043066d3d5 Extracting [==========================================>        ]  25.56MB/29.72MB
 e8c6d4883897 Downloading [>                                                  ]  44.91kB/4.398MB
 e8c6d4883897 Verifying Checksum 
 e8c6d4883897 Download complete 
 d686b50ce172 Verifying Checksum 
 d686b50ce172 Download complete 
 f9dd052e142d Downloading [>                                                  ]  528.1kB/52.33MB
 20043066d3d5 Extracting [==============================================>    ]  27.85MB/29.72MB
 f9dd052e142d Downloading [============================>                      ]  30.17MB/52.33MB
 f9dd052e142d Verifying Checksum 
 f9dd052e142d Download complete 
 eb77aa907276 Downloading [>                                                  ]  528.2kB/907.7MB
 648eb81b3252 Downloading [=======================>                           ]     720B/1.561kB
 648eb81b3252 Downloading [==================================================>]  1.561kB/1.561kB
 648eb81b3252 Verifying Checksum 
 648eb81b3252 Download complete 
 20043066d3d5 Extracting [=================================================> ]  29.49MB/29.72MB
 f9dd052e142d Extracting [>                                                  ]  524.3kB/52.33MB
 eb77aa907276 Downloading [=>                                                 ]   27.3MB/907.7MB
 4f4fb700ef54 Downloading [==================================================>]      32B/32B
 4f4fb700ef54 Verifying Checksum 
 4f4fb700ef54 Download complete 
 eb77aa907276 Downloading [===>                                               ]  56.16MB/907.7MB
 20043066d3d5 Extracting [==================================================>]  29.72MB/29.72MB
 0ffa8f8aba1e Downloading [==================================================>]     226B/226B
 0ffa8f8aba1e Verifying Checksum 
 0ffa8f8aba1e Download complete 
 f9dd052e142d Extracting [=>                                                 ]  1.049MB/52.33MB
 eb77aa907276 Downloading [====>                                              ]  82.47MB/907.7MB
 20043066d3d5 Pull complete 
 2e81b9cb93cd Downloading [===================>                               ]     707B/1.859kB
 eb77aa907276 Downloading [=====>                                             ]  100.7MB/907.7MB
 2e81b9cb93cd Download complete 
 b0a0cf830b12 Downloading [>                                                  ]  302.9kB/29.15MB
 3fadc669ef11 Extracting [>                                                  ]  458.8kB/43.48MB
 eb77aa907276 Downloading [======>                                            ]  117.8MB/907.7MB
 b0a0cf830b12 Downloading [====================================>              ]  21.44MB/29.15MB
 b0a0cf830b12 Verifying Checksum 
 b0a0cf830b12 Download complete 
 3fadc669ef11 Extracting [====>                                              ]  4.129MB/43.48MB
 eb77aa907276 Downloading [=======>                                           ]    137MB/907.7MB
 dda3d8fbd5ed Downloading [==============================>                    ]     720B/1.165kB
 dda3d8fbd5ed Downloading [==================================================>]  1.165kB/1.165kB
 dda3d8fbd5ed Verifying Checksum 
 dda3d8fbd5ed Download complete 
 3fadc669ef11 Extracting [=============>                                     ]  11.47MB/43.48MB
 eb77aa907276 Downloading [=========>                                         ]  166.5MB/907.7MB
 f9dd052e142d Extracting [====>                                              ]  4.719MB/52.33MB
 3fadc669ef11 Extracting [===================>                               ]  16.97MB/43.48MB
 eb77aa907276 Downloading [==========>                                        ]  185.2MB/907.7MB
 283a477db7bb Downloading [>                                                  ]   46.3kB/4.533MB
 283a477db7bb Verifying Checksum 
 283a477db7bb Download complete 
 b0a0cf830b12 Extracting [>                                                  ]  294.9kB/29.15MB
 3fadc669ef11 Extracting [======================>                            ]  19.73MB/43.48MB
 eb77aa907276 Downloading [===========>                                       ]  200.8MB/907.7MB
 91d2729fa4d5 Downloading [>                                                  ]  14.84kB/1.45MB
 91d2729fa4d5 Verifying Checksum 
 91d2729fa4d5 Download complete 
 eb77aa907276 Downloading [============>                                      ]  224.3MB/907.7MB
 b0a0cf830b12 Extracting [==>                                                ]  1.475MB/29.15MB
 3fadc669ef11 Extracting [========================>                          ]  21.56MB/43.48MB
 9739ced65621 Downloading [>                                                  ]  84.11kB/8.069MB
 eb77aa907276 Downloading [=============>                                     ]  246.9MB/907.7MB
 f9dd052e142d Extracting [=====>                                             ]  5.243MB/52.33MB
 9739ced65621 Verifying Checksum 
 9739ced65621 Download complete 
 b0a0cf830b12 Extracting [=======>                                           ]  4.129MB/29.15MB
 3fadc669ef11 Extracting [=============================>                     ]  25.23MB/43.48MB
 ae3bb1b347a4 Downloading [>                                                  ]     13kB/1.196MB
 ae3bb1b347a4 Verifying Checksum 
 ae3bb1b347a4 Download complete 
 eb77aa907276 Downloading [==============>                                    ]  272.1MB/907.7MB
 f9dd052e142d Extracting [======>                                            ]  6.816MB/52.33MB
 68bef8a2321a Pull complete 
 3fadc669ef11 Extracting [===============================>                   ]  27.53MB/43.48MB
 b0a0cf830b12 Extracting [============>                                      ]  7.078MB/29.15MB
 dc35057c3d27 Extracting [==================================================>]     875B/875B
 dc35057c3d27 Extracting [==================================================>]     875B/875B
 eb77aa907276 Downloading [===============>                                   ]  290.3MB/907.7MB
 f9dd052e142d Extracting [==========>                                        ]  11.01MB/52.33MB
 f8406d9c00ea Downloading [==================================================>]     116B/116B
 f8406d9c00ea Verifying Checksum 
 f8406d9c00ea Download complete 
 b0a0cf830b12 Extracting [===============>                                   ]  9.142MB/29.15MB
 3fadc669ef11 Extracting [==================================>                ]  29.82MB/43.48MB
 eb77aa907276 Downloading [=================>                                 ]  318.7MB/907.7MB
 c199bff16b05 Downloading [===========>                                       ]     720B/3.145kB
 c199bff16b05 Downloading [==================================================>]  3.145kB/3.145kB
 c199bff16b05 Verifying Checksum 
 c199bff16b05 Download complete 
 f9dd052e142d Extracting [==============>                                    ]  14.68MB/52.33MB
 3fadc669ef11 Extracting [====================================>              ]  31.65MB/43.48MB
 b0a0cf830b12 Extracting [================>                                  ]  9.732MB/29.15MB
 eb77aa907276 Downloading [===================>                               ]  350.9MB/907.7MB
 f9dd052e142d Extracting [=================>                                 ]  17.83MB/52.33MB
 3fadc669ef11 Extracting [========================================>          ]  34.87MB/43.48MB
 eb77aa907276 Downloading [====================>                              ]  378.7MB/907.7MB
 b0a0cf830b12 Extracting [==================>                                ]  10.91MB/29.15MB
 e0d55fdb4d15 Downloading [>                                                  ]  531.8kB/109MB
 c1cb13b19080 Downloading [===>                                               ]     687B/9.925kB
 eb77aa907276 Downloading [=====================>                             ]    391MB/907.7MB
 c1cb13b19080 Downloading [==========>                                        ]  2.056kB/9.925kB
 c1cb13b19080 Downloading [==================================================>]  9.925kB/9.925kB
 c1cb13b19080 Download complete 
 e0d55fdb4d15 Downloading [====>                                              ]  9.667MB/109MB
 f9dd052e142d Extracting [====================>                              ]  20.97MB/52.33MB
 3fadc669ef11 Extracting [==========================================>        ]  37.16MB/43.48MB
 b0a0cf830b12 Extracting [====================>                              ]   11.8MB/29.15MB
 eb77aa907276 Downloading [======================>                            ]  411.8MB/907.7MB
 e0d55fdb4d15 Downloading [==============>                                    ]  31.07MB/109MB
 f9dd052e142d Extracting [======================>                            ]  23.59MB/52.33MB
 3fadc669ef11 Extracting [=============================================>     ]  39.91MB/43.48MB
 b0a0cf830b12 Extracting [========================>                          ]  14.45MB/29.15MB
 eb77aa907276 Downloading [=======================>                           ]  433.8MB/907.7MB
 e0d55fdb4d15 Downloading [==========================>                        ]  58.32MB/109MB
 f9dd052e142d Extracting [=========================>                         ]  26.21MB/52.33MB
 b0a0cf830b12 Extracting [============================>                      ]  16.81MB/29.15MB
 3fadc669ef11 Extracting [================================================>  ]  42.21MB/43.48MB
 873532e5f8c7 Downloading [==================================================>]     128B/128B
 873532e5f8c7 Verifying Checksum 
 873532e5f8c7 Download complete 
 3fadc669ef11 Extracting [==================================================>]  43.48MB/43.48MB
 eb77aa907276 Downloading [=========================>                         ]    460MB/907.7MB
 e0d55fdb4d15 Downloading [====================================>              ]  79.25MB/109MB
 b0a0cf830b12 Extracting [=================================>                 ]  19.76MB/29.15MB
 f9dd052e142d Extracting [==========================>                        ]  27.26MB/52.33MB
 eb77aa907276 Downloading [==========================>                        ]  485.7MB/907.7MB
 e0d55fdb4d15 Downloading [===============================================>   ]  102.9MB/109MB
 e0d55fdb4d15 Download complete 
 b0a0cf830b12 Extracting [=======================================>           ]     23MB/29.15MB
 eb77aa907276 Downloading [============================>                      ]    513MB/907.7MB
 050d9f8c3b1c Downloading [==================================================>]     169B/169B
 050d9f8c3b1c Verifying Checksum 
 050d9f8c3b1c Download complete 
 eb77aa907276 Downloading [==============================>                    ]  547.3MB/907.7MB
 710e142705f8 Downloading [======>                                            ]     719B/5.421kB
 710e142705f8 Downloading [==================================================>]  5.421kB/5.421kB
 710e142705f8 Verifying Checksum 
 710e142705f8 Download complete 
 eb77aa907276 Downloading [===============================>                   ]    566MB/907.7MB
 b0a0cf830b12 Extracting [=========================================>         ]  24.48MB/29.15MB
 f9dd052e142d Extracting [===========================>                       ]  28.84MB/52.33MB
 dc35057c3d27 Pull complete 
 762d5b1c0ef7 Extracting [=>                                                 ]  32.77kB/1.438MB
 cb628c265f09 Downloading [==================================================>]     184B/184B
 cb628c265f09 Verifying Checksum 
 cb628c265f09 Download complete 
 eb77aa907276 Downloading [===============================>                   ]  573.5MB/907.7MB
 762d5b1c0ef7 Extracting [=========>                                         ]  262.1kB/1.438MB
 762d5b1c0ef7 Extracting [==================================================>]  1.438MB/1.438MB
 eb77aa907276 Downloading [================================>                  ]  595.5MB/907.7MB
 eb77aa907276 Downloading [================================>                  ]  598.7MB/907.7MB
 eb77aa907276 Downloading [=================================>                 ]  600.3MB/907.7MB
 f9dd052e142d Extracting [============================>                      ]  29.36MB/52.33MB
 eb77aa907276 Downloading [==================================>                ]  623.3MB/907.7MB
 3fadc669ef11 Pull complete 
 7084ac8f4ab6 Extracting [>                                                  ]   98.3kB/7.468MB
 762d5b1c0ef7 Pull complete 
 1196a886e941 Extracting [>                                                  ]  163.8kB/15.35MB
 b0a0cf830b12 Extracting [==========================================>        ]  24.77MB/29.15MB
 eb77aa907276 Downloading [===================================>               ]  649.5MB/907.7MB
 7084ac8f4ab6 Extracting [=====>                                             ]  884.7kB/7.468MB
 1196a886e941 Extracting [=====>                                             ]  1.802MB/15.35MB
 b0a0cf830b12 Extracting [==============================================>    ]  26.84MB/29.15MB
 f9dd052e142d Extracting [=============================>                     ]  30.41MB/52.33MB
 eb77aa907276 Downloading [=====================================>             ]  676.7MB/907.7MB
 7084ac8f4ab6 Extracting [===================>                               ]  2.851MB/7.468MB
 1196a886e941 Extracting [=============>                                     ]   4.26MB/15.35MB
 eb77aa907276 Downloading [======================================>            ]  705.6MB/907.7MB
 f9dd052e142d Extracting [===============================>                   ]  32.51MB/52.33MB
 b0a0cf830b12 Extracting [===============================================>   ]  27.72MB/29.15MB
 7084ac8f4ab6 Extracting [===================================>               ]  5.308MB/7.468MB
 1196a886e941 Extracting [======================>                            ]  7.045MB/15.35MB
 7084ac8f4ab6 Extracting [==================================================>]  7.468MB/7.468MB
 7084ac8f4ab6 Extracting [==================================================>]  7.468MB/7.468MB
 eb77aa907276 Downloading [========================================>          ]  729.2MB/907.7MB
 1196a886e941 Extracting [=================================>                 ]  10.32MB/15.35MB
 b0a0cf830b12 Extracting [================================================>  ]  28.02MB/29.15MB
 f9dd052e142d Extracting [===============================>                   ]  33.03MB/52.33MB
 eb77aa907276 Downloading [=========================================>         ]  751.2MB/907.7MB
 1196a886e941 Extracting [==============================================>    ]  14.25MB/15.35MB
 eb77aa907276 Downloading [==========================================>        ]  764.6MB/907.7MB
 1196a886e941 Extracting [=================================================> ]  15.07MB/15.35MB
 f9dd052e142d Extracting [================================>                  ]  34.08MB/52.33MB
 1196a886e941 Extracting [==================================================>]  15.35MB/15.35MB
 eb77aa907276 Downloading [==========================================>        ]  774.7MB/907.7MB
 7084ac8f4ab6 Pull complete 
 beb0d870d438 Extracting [==================================================>]  9.462kB/9.462kB
 beb0d870d438 Extracting [==================================================>]  9.462kB/9.462kB
 1196a886e941 Pull complete 
 96afa962f1ac Extracting [==================================================>]      96B/96B
 96afa962f1ac Extracting [==================================================>]      96B/96B
 f9dd052e142d Extracting [=================================>                 ]   34.6MB/52.33MB
 beb0d870d438 Pull complete 
 96afa962f1ac Pull complete 
 4f4fb700ef54 Extracting [==================================================>]      32B/32B
 eb77aa907276 Downloading [===========================================>       ]  791.3MB/907.7MB
 4f4fb700ef54 Extracting [==================================================>]      32B/32B
 4f4fb700ef54 Pull complete 
 6475cc3afbe1 Extracting [==================================================>]     573B/573B
 6475cc3afbe1 Extracting [==================================================>]     573B/573B
 d63c4408fdb7 Extracting [>                                                  ]  229.4kB/21.31MB
 6475cc3afbe1 Pull complete 
 redis Pulled 
 eb77aa907276 Downloading [=============================================>     ]    818MB/907.7MB
 f9dd052e142d Extracting [==================================>                ]  36.18MB/52.33MB
 d63c4408fdb7 Extracting [======>                                            ]  2.982MB/21.31MB
 eb77aa907276 Downloading [==============================================>    ]  846.3MB/907.7MB
 b0a0cf830b12 Extracting [================================================>  ]  28.31MB/29.15MB
 d63c4408fdb7 Extracting [==============>                                    ]  6.193MB/21.31MB
 eb77aa907276 Downloading [===============================================>   ]  868.9MB/907.7MB
 f9dd052e142d Extracting [====================================>              ]  37.75MB/52.33MB
 d63c4408fdb7 Extracting [====================>                              ]  8.946MB/21.31MB
 eb77aa907276 Downloading [=================================================> ]  891.9MB/907.7MB
 b0a0cf830b12 Extracting [==================================================>]  29.15MB/29.15MB
 f9dd052e142d Extracting [======================================>            ]  39.85MB/52.33MB
 eb77aa907276 Verifying Checksum 
 eb77aa907276 Download complete 
 b0a0cf830b12 Pull complete 
 dda3d8fbd5ed Extracting [==================================================>]  1.165kB/1.165kB
 dda3d8fbd5ed Extracting [==================================================>]  1.165kB/1.165kB
 d63c4408fdb7 Extracting [===========================>                       ]   11.7MB/21.31MB
 f9dd052e142d Extracting [========================================>          ]  42.47MB/52.33MB
 d63c4408fdb7 Extracting [=================================>                 ]  14.22MB/21.31MB
 dda3d8fbd5ed Pull complete 
 283a477db7bb Extracting [>                                                  ]  65.54kB/4.533MB
 d63c4408fdb7 Extracting [====================================>              ]   15.6MB/21.31MB
 f9dd052e142d Extracting [==========================================>        ]  44.56MB/52.33MB
 283a477db7bb Extracting [==================================================>]  4.533MB/4.533MB
 d63c4408fdb7 Extracting [=======================================>           ]  16.74MB/21.31MB
 f9dd052e142d Extracting [=============================================>     ]  47.19MB/52.33MB
 283a477db7bb Pull complete 
 91d2729fa4d5 Extracting [=>                                                 ]  32.77kB/1.45MB
 91d2729fa4d5 Extracting [==================================================>]   1.45MB/1.45MB
 91d2729fa4d5 Pull complete 
 9739ced65621 Extracting [>                                                  ]   98.3kB/8.069MB
 d63c4408fdb7 Extracting [==========================================>        ]  18.12MB/21.31MB
 f9dd052e142d Extracting [==============================================>    ]  48.76MB/52.33MB
 9739ced65621 Extracting [===================>                               ]  3.146MB/8.069MB
 d63c4408fdb7 Extracting [================================================>  ]  20.64MB/21.31MB
 9739ced65621 Extracting [=============================>                     ]  4.817MB/8.069MB
 9739ced65621 Extracting [======================================>            ]  6.291MB/8.069MB
 d63c4408fdb7 Extracting [================================================>  ]  20.87MB/21.31MB
 9739ced65621 Extracting [==================================================>]  8.069MB/8.069MB
 d63c4408fdb7 Extracting [==================================================>]  21.31MB/21.31MB
 f9dd052e142d Extracting [=================================================> ]  51.38MB/52.33MB
 d63c4408fdb7 Pull complete 
 9739ced65621 Pull complete 
 efa05c660812 Extracting [==================================================>]     189B/189B
 efa05c660812 Extracting [==================================================>]     189B/189B
 ae3bb1b347a4 Extracting [=>                                                 ]  32.77kB/1.196MB
 efa05c660812 Pull complete 
 f4e7f62f4b80 Extracting [==================================================>]     109B/109B
 f4e7f62f4b80 Extracting [==================================================>]     109B/109B
 f4e7f62f4b80 Pull complete 
 5e1c03b67a78 Extracting [==================================================>]     620B/620B
 5e1c03b67a78 Extracting [==================================================>]     620B/620B
 5e1c03b67a78 Pull complete 
 14e6209d5fa8 Extracting [==================================================>]     833B/833B
 14e6209d5fa8 Extracting [==================================================>]     833B/833B
 ae3bb1b347a4 Extracting [==================================================>]  1.196MB/1.196MB
 14e6209d5fa8 Pull complete 
 d686b50ce172 Extracting [>                                                  ]  131.1kB/12.47MB
 ae3bb1b347a4 Extracting [==================================================>]  1.196MB/1.196MB
 ae3bb1b347a4 Pull complete 
 f8406d9c00ea Extracting [==================================================>]     116B/116B
 f8406d9c00ea Extracting [==================================================>]     116B/116B
 f8406d9c00ea Pull complete 
 c199bff16b05 Extracting [==================================================>]  3.145kB/3.145kB
 c199bff16b05 Extracting [==================================================>]  3.145kB/3.145kB
 f9dd052e142d Extracting [=================================================> ]   51.9MB/52.33MB
 f9dd052e142d Extracting [==================================================>]  52.33MB/52.33MB
 c199bff16b05 Pull complete 
 d686b50ce172 Extracting [================>                                  ]  4.063MB/12.47MB
 f9dd052e142d Pull complete 
 e8c6d4883897 Extracting [>                                                  ]  65.54kB/4.398MB
 e0d55fdb4d15 Extracting [>                                                  ]  557.1kB/109MB
 d686b50ce172 Extracting [========================>                          ]  6.029MB/12.47MB
 e8c6d4883897 Extracting [=======================>                           ]  2.032MB/4.398MB
 e0d55fdb4d15 Extracting [==>                                                ]  5.571MB/109MB
 d686b50ce172 Extracting [==========================>                        ]  6.685MB/12.47MB
 e8c6d4883897 Extracting [====================================>              ]  3.211MB/4.398MB
 e0d55fdb4d15 Extracting [===>                                               ]  8.356MB/109MB
 e8c6d4883897 Extracting [========================================>          ]  3.604MB/4.398MB
 d686b50ce172 Extracting [==================================>                ]  8.651MB/12.47MB
 e8c6d4883897 Extracting [==================================================>]  4.398MB/4.398MB
 e0d55fdb4d15 Extracting [====>                                              ]  10.58MB/109MB
 e8c6d4883897 Pull complete 
 648eb81b3252 Extracting [==================================================>]  1.561kB/1.561kB
 648eb81b3252 Extracting [==================================================>]  1.561kB/1.561kB
 d686b50ce172 Extracting [========================================>          ]  10.09MB/12.47MB
 648eb81b3252 Pull complete 
 e0d55fdb4d15 Extracting [======>                                            ]  13.93MB/109MB
 eb77aa907276 Extracting [>                                                  ]  557.1kB/907.7MB
 d686b50ce172 Extracting [============================================>      ]  11.14MB/12.47MB
 eb77aa907276 Extracting [>                                                  ]   15.6MB/907.7MB
 d686b50ce172 Extracting [==================================================>]  12.47MB/12.47MB
 e0d55fdb4d15 Extracting [=======>                                           ]  17.27MB/109MB
 eb77aa907276 Extracting [=>                                                 ]   31.2MB/907.7MB
 d686b50ce172 Pull complete 
 e0d55fdb4d15 Extracting [=========>                                         ]  20.61MB/109MB
 rabbitmq Pulled 
 eb77aa907276 Extracting [==>                                                ]  47.91MB/907.7MB
 e0d55fdb4d15 Extracting [===========>                                       ]  24.51MB/109MB
 eb77aa907276 Extracting [===>                                               ]  65.73MB/907.7MB
 e0d55fdb4d15 Extracting [=============>                                     ]  30.08MB/109MB
 eb77aa907276 Extracting [====>                                              ]  80.22MB/907.7MB
 e0d55fdb4d15 Extracting [=================>                                 ]  37.32MB/109MB
 eb77aa907276 Extracting [====>                                              ]  84.12MB/907.7MB
 e0d55fdb4d15 Extracting [====================>                              ]  45.12MB/109MB
 eb77aa907276 Extracting [=====>                                             ]  92.47MB/907.7MB
 e0d55fdb4d15 Extracting [=======================>                           ]  51.81MB/109MB
 eb77aa907276 Extracting [=====>                                             ]  99.16MB/907.7MB
 e0d55fdb4d15 Extracting [=========================>                         ]  55.15MB/109MB
 eb77aa907276 Extracting [=====>                                             ]  106.4MB/907.7MB
 e0d55fdb4d15 Extracting [===========================>                       ]   59.6MB/109MB
 eb77aa907276 Extracting [======>                                            ]  113.6MB/907.7MB
 e0d55fdb4d15 Extracting [==============================>                    ]   67.4MB/109MB
 eb77aa907276 Extracting [======>                                            ]  119.8MB/907.7MB
 e0d55fdb4d15 Extracting [==================================>                ]   75.2MB/109MB
 eb77aa907276 Extracting [======>                                            ]  126.5MB/907.7MB
 e0d55fdb4d15 Extracting [=====================================>             ]  81.89MB/109MB
 eb77aa907276 Extracting [=======>                                           ]  132.6MB/907.7MB
 e0d55fdb4d15 Extracting [=========================================>         ]  89.69MB/109MB
 eb77aa907276 Extracting [=======>                                           ]  139.3MB/907.7MB
 e0d55fdb4d15 Extracting [==========================================>        ]  93.03MB/109MB
 eb77aa907276 Extracting [========>                                          ]  145.4MB/907.7MB
 e0d55fdb4d15 Extracting [============================================>      ]  96.37MB/109MB
 eb77aa907276 Extracting [========>                                          ]  152.1MB/907.7MB
 e0d55fdb4d15 Extracting [============================================>      ]  98.04MB/109MB
 eb77aa907276 Extracting [========>                                          ]  158.8MB/907.7MB
 e0d55fdb4d15 Extracting [==============================================>    ]  100.8MB/109MB
 eb77aa907276 Extracting [=========>                                         ]  175.5MB/907.7MB
 e0d55fdb4d15 Extracting [===============================================>   ]  103.1MB/109MB
 eb77aa907276 Extracting [==========>                                        ]  194.4MB/907.7MB
 e0d55fdb4d15 Extracting [===============================================>   ]  104.2MB/109MB
 eb77aa907276 Extracting [===========>                                       ]    210MB/907.7MB
 e0d55fdb4d15 Extracting [================================================>  ]  105.3MB/109MB
 eb77aa907276 Extracting [============>                                      ]    220MB/907.7MB
 e0d55fdb4d15 Extracting [=================================================> ]    107MB/109MB
 eb77aa907276 Extracting [============>                                      ]  230.1MB/907.7MB
 eb77aa907276 Extracting [=============>                                     ]    239MB/907.7MB
 eb77aa907276 Extracting [=============>                                     ]  250.7MB/907.7MB
 e0d55fdb4d15 Extracting [=================================================> ]  107.5MB/109MB
 eb77aa907276 Extracting [==============>                                    ]  266.8MB/907.7MB
 e0d55fdb4d15 Extracting [=================================================> ]  108.6MB/109MB
 e0d55fdb4d15 Extracting [==================================================>]    109MB/109MB
 eb77aa907276 Extracting [===============>                                   ]  285.2MB/907.7MB
 eb77aa907276 Extracting [================>                                  ]  303.6MB/907.7MB
 eb77aa907276 Extracting [=================>                                 ]  323.6MB/907.7MB
 eb77aa907276 Extracting [==================>                                ]  343.1MB/907.7MB
 eb77aa907276 Extracting [===================>                               ]  360.4MB/907.7MB
 eb77aa907276 Extracting [====================>                              ]  367.7MB/907.7MB
 eb77aa907276 Extracting [====================>                              ]  374.9MB/907.7MB
 eb77aa907276 Extracting [=====================>                             ]  395.5MB/907.7MB
 eb77aa907276 Extracting [=======================>                           ]  418.3MB/907.7MB
 eb77aa907276 Extracting [========================>                          ]  444.5MB/907.7MB
 eb77aa907276 Extracting [=========================>                         ]  471.3MB/907.7MB
 eb77aa907276 Extracting [===========================>                       ]    498MB/907.7MB
 eb77aa907276 Extracting [============================>                      ]  524.2MB/907.7MB
 eb77aa907276 Extracting [==============================>                    ]  550.4MB/907.7MB
 eb77aa907276 Extracting [===============================>                   ]  576.6MB/907.7MB
 eb77aa907276 Extracting [=================================>                 ]  601.1MB/907.7MB
 eb77aa907276 Extracting [==================================>                ]  625.6MB/907.7MB
 eb77aa907276 Extracting [===================================>               ]  651.8MB/907.7MB
 eb77aa907276 Extracting [=====================================>             ]  678.5MB/907.7MB
 eb77aa907276 Extracting [======================================>            ]  704.1MB/907.7MB
 eb77aa907276 Extracting [========================================>          ]  728.1MB/907.7MB
 eb77aa907276 Extracting [=========================================>         ]  750.4MB/907.7MB
 eb77aa907276 Extracting [==========================================>        ]  772.1MB/907.7MB
 eb77aa907276 Extracting [===========================================>       ]  792.1MB/907.7MB
 eb77aa907276 Extracting [============================================>      ]  812.7MB/907.7MB
 eb77aa907276 Extracting [=============================================>     ]  832.8MB/907.7MB
 eb77aa907276 Extracting [===============================================>   ]  853.4MB/907.7MB
 e0d55fdb4d15 Pull complete 
 c1cb13b19080 Extracting [==================================================>]  9.925kB/9.925kB
 c1cb13b19080 Extracting [==================================================>]  9.925kB/9.925kB
 eb77aa907276 Extracting [================================================>  ]  872.9MB/907.7MB
 eb77aa907276 Extracting [=================================================> ]  894.1MB/907.7MB
 eb77aa907276 Extracting [==================================================>]  907.7MB/907.7MB
 c1cb13b19080 Pull complete 
 eb77aa907276 Pull complete 
 873532e5f8c7 Extracting [==================================================>]     128B/128B
 873532e5f8c7 Extracting [==================================================>]     128B/128B
 4f4fb700ef54 Extracting [==================================================>]      32B/32B
 4f4fb700ef54 Extracting [==================================================>]      32B/32B
 873532e5f8c7 Pull complete 
 4f4fb700ef54 Pull complete 
 050d9f8c3b1c Extracting [==================================================>]     169B/169B
 050d9f8c3b1c Extracting [==================================================>]     169B/169B
 0ffa8f8aba1e Extracting [==================================================>]     226B/226B
 0ffa8f8aba1e Extracting [==================================================>]     226B/226B
 050d9f8c3b1c Pull complete 
 710e142705f8 Extracting [==================================================>]  5.421kB/5.421kB
 0ffa8f8aba1e Pull complete 
 710e142705f8 Extracting [==================================================>]  5.421kB/5.421kB
 2e81b9cb93cd Extracting [==================================================>]  1.859kB/1.859kB
 2e81b9cb93cd Extracting [==================================================>]  1.859kB/1.859kB
 710e142705f8 Pull complete 
 2e81b9cb93cd Pull complete 
 cb628c265f09 Extracting [==================================================>]     184B/184B
 cb628c265f09 Extracting [==================================================>]     184B/184B
 opensearch Pulled 
 cb628c265f09 Pull complete 
 postgresql Pulled 
 Network docker_services_cli_default  Creating
 Network docker_services_cli_default  Created
 Container docker_services_cli-redis-1  Creating
 Container docker_services_cli-postgresql-1  Creating
 Container docker_services_cli-rabbitmq-1  Creating
 Container docker_services_cli-opensearch-1  Creating
 Container docker_services_cli-opensearch-1  Created
 Container docker_services_cli-rabbitmq-1  Created
 Container docker_services_cli-postgresql-1  Created
 Container docker_services_cli-redis-1  Created
 Container docker_services_cli-postgresql-1  Starting
 Container docker_services_cli-rabbitmq-1  Starting
 Container docker_services_cli-opensearch-1  Starting
 Container docker_services_cli-redis-1  Starting
 Container docker_services_cli-postgresql-1  Started
 Container docker_services_cli-redis-1  Started
 Container docker_services_cli-rabbitmq-1  Started
 Container docker_services_cli-opensearch-1  Started
============================= test session starts ==============================
platform linux -- Python 3.14.2, pytest-8.4.2, pluggy-1.6.0
rootdir: /home/runner/work/invenio-testrig/invenio-testrig/workdir/tests/invenio-notifications/patched
configfile: setup.cfg
testpaths: docs, tests, invenio_notifications
plugins: invenio-4.0.0, isort-4.0.0, flask-1.3.0, github-actions-annotate-failures-0.3.0, pydocstyle-2.4.0, cov-7.0.0, black-0.6.0, pycodestyle-2.5.0
collected 2 items
::warning file=/home/runner/work/invenio-testrig/invenio-testrig/workdir/tests/invenio-notifications/patched/.venv/lib/python3.14/site-packages/edtf/parser/grammar.py,line=9::'enablePackrat' deprecated - use 'enable_packrat'
::warning file=/home/runner/work/invenio-testrig/invenio-testrig/workdir/tests/invenio-notifications/patched/.venv/lib/python3.14/site-packages/edtf/parser/grammar.py,line=52::'oneOf' deprecated - use 'one_of'
::warning file=/home/runner/work/invenio-testrig/invenio-testrig/workdir/tests/invenio-notifications/patched/.venv/lib/python3.14/site-packages/edtf/parser/grammar.py,line=53::'oneOf' deprecated - use 'one_of'
::warning file=/home/runner/work/invenio-testrig/invenio-testrig/workdir/tests/invenio-notifications/patched/.venv/lib/python3.14/site-packages/edtf/parser/grammar.py,line=54::'oneOf' deprecated - use 'one_of'
::warning file=/home/runner/work/invenio-testrig/invenio-testrig/workdir/tests/invenio-notifications/patched/.venv/lib/python3.14/site-packages/edtf/parser/grammar.py,line=55::'oneOf' deprecated - use 'one_of'
::warning file=/home/runner/work/invenio-testrig/invenio-testrig/workdir/tests/invenio-notifications/patched/.venv/lib/python3.14/site-packages/edtf/parser/grammar.py,line=56::'oneOf' deprecated - use 'one_of'
::warning file=/home/runner/work/invenio-testrig/invenio-testrig/workdir/tests/invenio-notifications/patched/.venv/lib/python3.14/site-packages/edtf/parser/grammar.py,line=57::'oneOf' deprecated - use 'one_of'
::warning file=/home/runner/work/invenio-testrig/invenio-testrig/workdir/tests/invenio-notifications/patched/.venv/lib/python3.14/site-packages/edtf/parser/grammar.py,line=58::'oneOf' deprecated - use 'one_of'
::warning file=/home/runner/work/invenio-testrig/invenio-testrig/workdir/tests/invenio-notifications/patched/.venv/lib/python3.14/site-packages/edtf/parser/grammar.py,line=59::'oneOf' deprecated - use 'one_of'
::warning file=/home/runner/work/invenio-testrig/invenio-testrig/workdir/tests/invenio-notifications/patched/.venv/lib/python3.14/site-packages/edtf/parser/grammar.py,line=60::'oneOf' deprecated - use 'one_of'
::warning file=/home/runner/work/invenio-testrig/invenio-testrig/workdir/tests/invenio-notifications/patched/.venv/lib/python3.14/site-packages/edtf/parser/grammar.py,line=63::'excludeChars' argument is deprecated, use 'exclude_chars'
::warning file=/home/runner/work/invenio-testrig/invenio-testrig/workdir/tests/invenio-notifications/patched/.venv/lib/python3.14/site-packages/edtf/parser/grammar.py,line=73::'oneOf' deprecated - use 'one_of'
::warning file=/home/runner/work/invenio-testrig/invenio-testrig/workdir/tests/invenio-notifications/patched/.venv/lib/python3.14/site-packages/edtf/parser/grammar.py,line=74::'oneOf' deprecated - use 'one_of'
::warning file=/home/runner/work/invenio-testrig/invenio-testrig/workdir/tests/invenio-notifications/patched/.venv/lib/python3.14/site-packages/edtf/parser/parser_classes.py,line=103::'addParseAction' deprecated - use 'add_parse_action'
::warning file=/home/runner/work/invenio-testrig/invenio-testrig/workdir/tests/invenio-notifications/patched/.venv/lib/python3.14/site-packages/edtf/parser/parser_classes.py,line=103::'addParseAction' deprecated - use 'add_parse_action'
::warning file=/home/runner/work/invenio-testrig/invenio-testrig/workdir/tests/invenio-notifications/patched/.venv/lib/python3.14/site-packages/edtf/parser/parser_classes.py,line=103::'addParseAction' deprecated - use 'add_parse_action'
::warning file=/home/runner/work/invenio-testrig/invenio-testrig/workdir/tests/invenio-notifications/patched/.venv/lib/python3.14/site-packages/edtf/parser/grammar.py,line=119::'oneOf' deprecated - use 'one_of'
::warning file=/home/runner/work/invenio-testrig/invenio-testrig/workdir/tests/invenio-notifications/patched/.venv/lib/python3.14/site-packages/edtf/parser/parser_classes.py,line=103::'addParseAction' deprecated - use 'add_parse_action'
::warning file=/home/runner/work/invenio-testrig/invenio-testrig/workdir/tests/invenio-notifications/patched/.venv/lib/python3.14/site-packages/edtf/parser/grammar.py,line=122::'oneOf' deprecated - use 'one_of'
::warning file=/home/runner/work/invenio-testrig/invenio-testrig/workdir/tests/invenio-notifications/patched/.venv/lib/python3.14/site-packages/edtf/parser/parser_classes.py,line=103::'addParseAction' deprecated - use 'add_parse_action'
::warning file=/home/runner/work/invenio-testrig/invenio-testrig/workdir/tests/invenio-notifications/patched/.venv/lib/python3.14/site-packages/edtf/parser/parser_classes.py,line=103::'addParseAction' deprecated - use 'add_parse_action'
::warning file=/home/runner/work/invenio-testrig/invenio-testrig/workdir/tests/invenio-notifications/patched/.venv/lib/python3.14/site-packages/edtf/parser/grammar.py,line=155::'addParseAction' deprecated - use 'add_parse_action'
::warning file=/home/runner/work/invenio-testrig/invenio-testrig/workdir/tests/invenio-notifications/patched/.venv/lib/python3.14/site-packages/edtf/parser/grammar.py,line=157::'addParseAction' deprecated - use 'add_parse_action'
::warning file=/home/runner/work/invenio-testrig/invenio-testrig/workdir/tests/invenio-notifications/patched/.venv/lib/python3.14/site-packages/edtf/parser/parser_classes.py,line=103::'addParseAction' deprecated - use 'add_parse_action'
::warning file=/home/runner/work/invenio-testrig/invenio-testrig/workdir/tests/invenio-notifications/patched/.venv/lib/python3.14/site-packages/edtf/parser/parser_classes.py,line=103::'addParseAction' deprecated - use 'add_parse_action'
::warning file=/home/runner/work/invenio-testrig/invenio-testrig/workdir/tests/invenio-notifications/patched/.venv/lib/python3.14/site-packages/edtf/parser/parser_classes.py,line=103::'addParseAction' deprecated - use 'add_parse_action'
::warning file=/home/runner/work/invenio-testrig/invenio-testrig/workdir/tests/invenio-notifications/patched/.venv/lib/python3.14/site-packages/edtf/parser/grammar.py,line=199::'oneOf' deprecated - use 'one_of'
::warning file=/home/runner/work/invenio-testrig/invenio-testrig/workdir/tests/invenio-notifications/patched/.venv/lib/python3.14/site-packages/edtf/parser/parser_classes.py,line=103::'addParseAction' deprecated - use 'add_parse_action'
::warning file=/home/runner/work/invenio-testrig/invenio-testrig/workdir/tests/invenio-notifications/patched/.venv/lib/python3.14/site-packages/edtf/parser/parser_classes.py,line=103::'addParseAction' deprecated - use 'add_parse_action'
::warning file=/home/runner/work/invenio-testrig/invenio-testrig/workdir/tests/invenio-notifications/patched/.venv/lib/python3.14/site-packages/edtf/parser/parser_classes.py,line=103::'addParseAction' deprecated - use 'add_parse_action'
::warning file=/home/runner/work/invenio-testrig/invenio-testrig/workdir/tests/invenio-notifications/patched/.venv/lib/python3.14/site-packages/edtf/parser/parser_classes.py,line=103::'addParseAction' deprecated - use 'add_parse_action'
::warning file=/home/runner/work/invenio-testrig/invenio-testrig/workdir/tests/invenio-notifications/patched/.venv/lib/python3.14/site-packages/edtf/parser/parser_classes.py,line=103::'addParseAction' deprecated - use 'add_parse_action'
::warning file=/home/runner/work/invenio-testrig/invenio-testrig/workdir/tests/invenio-notifications/patched/.venv/lib/python3.14/site-packages/edtf/parser/grammar.py,line=303::'addParseAction' deprecated - use 'add_parse_action'
::warning file=/home/runner/work/invenio-testrig/invenio-testrig/workdir/tests/invenio-notifications/patched/.venv/lib/python3.14/site-packages/edtf/parser/grammar.py,line=303::'addParseAction' deprecated - use 'add_parse_action'
::warning file=/home/runner/work/invenio-testrig/invenio-testrig/workdir/tests/invenio-notifications/patched/.venv/lib/python3.14/site-packages/edtf/parser/grammar.py,line=304::'addParseAction' deprecated - use 'add_parse_action'
::warning file=/home/runner/work/invenio-testrig/invenio-testrig/workdir/tests/invenio-notifications/patched/.venv/lib/python3.14/site-packages/edtf/parser/grammar.py,line=304::'addParseAction' deprecated - use 'add_parse_action'
::warning file=/home/runner/work/invenio-testrig/invenio-testrig/workdir/tests/invenio-notifications/patched/.venv/lib/python3.14/site-packages/edtf/parser/parser_classes.py,line=103::'addParseAction' deprecated - use 'add_parse_action'
::warning file=/home/runner/work/invenio-testrig/invenio-testrig/workdir/tests/invenio-notifications/patched/.venv/lib/python3.14/site-packages/edtf/parser/parser_classes.py,line=103::'addParseAction' deprecated - use 'add_parse_action'
::warning file=/home/runner/work/invenio-testrig/invenio-testrig/workdir/tests/invenio-notifications/patched/.venv/lib/python3.14/site-packages/edtf/parser/parser_classes.py,line=103::'addParseAction' deprecated - use 'add_parse_action'
::warning file=/home/runner/work/invenio-testrig/invenio-testrig/workdir/tests/invenio-notifications/patched/.venv/lib/python3.14/site-packages/edtf/parser/parser_classes.py,line=103::'addParseAction' deprecated - use 'add_parse_action'
::warning file=/home/runner/work/invenio-testrig/invenio-testrig/workdir/tests/invenio-notifications/patched/.venv/lib/python3.14/site-packages/edtf/parser/grammar.py,line=325::'oneOf' deprecated - use 'one_of'
::warning file=/home/runner/work/invenio-testrig/invenio-testrig/workdir/tests/invenio-notifications/patched/.venv/lib/python3.14/site-packages/edtf/parser/parser_classes.py,line=103::'addParseAction' deprecated - use 'add_parse_action'

tests/test_invenio_notifications.py ..                                   [100%]

=============================== warnings summary ===============================
.venv/lib/python3.14/site-packages/edtf/parser/grammar.py:9
  /home/runner/work/invenio-testrig/invenio-testrig/workdir/tests/invenio-notifications/patched/.venv/lib/python3.14/site-packages/edtf/parser/grammar.py:9: PyparsingDeprecationWarning: 'enablePackrat' deprecated - use 'enable_packrat'
    pyparsing.ParserElement.enablePackrat()

.venv/lib/python3.14/site-packages/edtf/parser/grammar.py:52
  /home/runner/work/invenio-testrig/invenio-testrig/workdir/tests/invenio-notifications/patched/.venv/lib/python3.14/site-packages/edtf/parser/grammar.py:52: PyparsingDeprecationWarning: 'oneOf' deprecated - use 'one_of'
    oneThru12 = oneOf(["%.2d" % i for i in range(1, 13)])

.venv/lib/python3.14/site-packages/edtf/parser/grammar.py:53
  /home/runner/work/invenio-testrig/invenio-testrig/workdir/tests/invenio-notifications/patched/.venv/lib/python3.14/site-packages/edtf/parser/grammar.py:53: PyparsingDeprecationWarning: 'oneOf' deprecated - use 'one_of'
    oneThru13 = oneOf(["%.2d" % i for i in range(1, 14)])

.venv/lib/python3.14/site-packages/edtf/parser/grammar.py:54
  /home/runner/work/invenio-testrig/invenio-testrig/workdir/tests/invenio-notifications/patched/.venv/lib/python3.14/site-packages/edtf/parser/grammar.py:54: PyparsingDeprecationWarning: 'oneOf' deprecated - use 'one_of'
    oneThru23 = oneOf(["%.2d" % i for i in range(1, 24)])

.venv/lib/python3.14/site-packages/edtf/parser/grammar.py:55
  /home/runner/work/invenio-testrig/invenio-testrig/workdir/tests/invenio-notifications/patched/.venv/lib/python3.14/site-packages/edtf/parser/grammar.py:55: PyparsingDeprecationWarning: 'oneOf' deprecated - use 'one_of'
    zeroThru23 = oneOf(["%.2d" % i for i in range(0, 24)])

.venv/lib/python3.14/site-packages/edtf/parser/grammar.py:56
  /home/runner/work/invenio-testrig/invenio-testrig/workdir/tests/invenio-notifications/patched/.venv/lib/python3.14/site-packages/edtf/parser/grammar.py:56: PyparsingDeprecationWarning: 'oneOf' deprecated - use 'one_of'
    oneThru29 = oneOf(["%.2d" % i for i in range(1, 30)])

.venv/lib/python3.14/site-packages/edtf/parser/grammar.py:57
  /home/runner/work/invenio-testrig/invenio-testrig/workdir/tests/invenio-notifications/patched/.venv/lib/python3.14/site-packages/edtf/parser/grammar.py:57: PyparsingDeprecationWarning: 'oneOf' deprecated - use 'one_of'
    oneThru30 = oneOf(["%.2d" % i for i in range(1, 31)])

.venv/lib/python3.14/site-packages/edtf/parser/grammar.py:58
  /home/runner/work/invenio-testrig/invenio-testrig/workdir/tests/invenio-notifications/patched/.venv/lib/python3.14/site-packages/edtf/parser/grammar.py:58: PyparsingDeprecationWarning: 'oneOf' deprecated - use 'one_of'
    oneThru31 = oneOf(["%.2d" % i for i in range(1, 32)])

.venv/lib/python3.14/site-packages/edtf/parser/grammar.py:59
  /home/runner/work/invenio-testrig/invenio-testrig/workdir/tests/invenio-notifications/patched/.venv/lib/python3.14/site-packages/edtf/parser/grammar.py:59: PyparsingDeprecationWarning: 'oneOf' deprecated - use 'one_of'
    oneThru59 = oneOf(["%.2d" % i for i in range(1, 60)])

.venv/lib/python3.14/site-packages/edtf/parser/grammar.py:60
  /home/runner/work/invenio-testrig/invenio-testrig/workdir/tests/invenio-notifications/patched/.venv/lib/python3.14/site-packages/edtf/parser/grammar.py:60: PyparsingDeprecationWarning: 'oneOf' deprecated - use 'one_of'
    zeroThru59 = oneOf(["%.2d" % i for i in range(0, 60)])

.venv/lib/python3.14/site-packages/edtf/parser/grammar.py:63
  /home/runner/work/invenio-testrig/invenio-testrig/workdir/tests/invenio-notifications/patched/.venv/lib/python3.14/site-packages/edtf/parser/grammar.py:63: PyparsingDeprecationWarning: 'excludeChars' argument is deprecated, use 'exclude_chars'
    positiveDigit = Word(nums, exact=1, excludeChars="0")

.venv/lib/python3.14/site-packages/edtf/parser/grammar.py:73
  /home/runner/work/invenio-testrig/invenio-testrig/workdir/tests/invenio-notifications/patched/.venv/lib/python3.14/site-packages/edtf/parser/grammar.py:73: PyparsingDeprecationWarning: 'oneOf' deprecated - use 'one_of'
    (oneOf("01 03 05 07 08 10 12")("month") + "-" + oneThru31("day"))

.venv/lib/python3.14/site-packages/edtf/parser/grammar.py:74
  /home/runner/work/invenio-testrig/invenio-testrig/workdir/tests/invenio-notifications/patched/.venv/lib/python3.14/site-packages/edtf/parser/grammar.py:74: PyparsingDeprecationWarning: 'oneOf' deprecated - use 'one_of'
    ^ (oneOf("04 06 09 11")("month") + "-" + oneThru30("day"))

.venv/lib/python3.14/site-packages/edtf/parser/parser_classes.py:103: 19 warnings
  /home/runner/work/invenio-testrig/invenio-testrig/workdir/tests/invenio-notifications/patched/.venv/lib/python3.14/site-packages/edtf/parser/parser_classes.py:103: PyparsingDeprecationWarning: 'addParseAction' deprecated - use 'add_parse_action'
    p.addParseAction(cls.parse_action)

.venv/lib/python3.14/site-packages/edtf/parser/grammar.py:119
  /home/runner/work/invenio-testrig/invenio-testrig/workdir/tests/invenio-notifications/patched/.venv/lib/python3.14/site-packages/edtf/parser/grammar.py:119: PyparsingDeprecationWarning: 'oneOf' deprecated - use 'one_of'
    UASymbol = Combine(oneOf("? ~ %"))

.venv/lib/python3.14/site-packages/edtf/parser/grammar.py:122
  /home/runner/work/invenio-testrig/invenio-testrig/workdir/tests/invenio-notifications/patched/.venv/lib/python3.14/site-packages/edtf/parser/grammar.py:122: PyparsingDeprecationWarning: 'oneOf' deprecated - use 'one_of'
    seasonNumber = oneOf("21 22 23 24")

.venv/lib/python3.14/site-packages/edtf/parser/grammar.py:155
  /home/runner/work/invenio-testrig/invenio-testrig/workdir/tests/invenio-notifications/patched/.venv/lib/python3.14/site-packages/edtf/parser/grammar.py:155: PyparsingDeprecationWarning: 'addParseAction' deprecated - use 'add_parse_action'
    l1Start.addParseAction(f)

.venv/lib/python3.14/site-packages/edtf/parser/grammar.py:157
  /home/runner/work/invenio-testrig/invenio-testrig/workdir/tests/invenio-notifications/patched/.venv/lib/python3.14/site-packages/edtf/parser/grammar.py:157: PyparsingDeprecationWarning: 'addParseAction' deprecated - use 'add_parse_action'
    l1End.addParseAction(f)

.venv/lib/python3.14/site-packages/edtf/parser/grammar.py:199
  /home/runner/work/invenio-testrig/invenio-testrig/workdir/tests/invenio-notifications/patched/.venv/lib/python3.14/site-packages/edtf/parser/grammar.py:199: PyparsingDeprecationWarning: 'oneOf' deprecated - use 'one_of'
    monthWithX = Combine(oneOf("0X 1X") ^ ("X" + digitOrX))("month")

.venv/lib/python3.14/site-packages/edtf/parser/grammar.py:303
.venv/lib/python3.14/site-packages/edtf/parser/grammar.py:303
  /home/runner/work/invenio-testrig/invenio-testrig/workdir/tests/invenio-notifications/patched/.venv/lib/python3.14/site-packages/edtf/parser/grammar.py:303: PyparsingDeprecationWarning: 'addParseAction' deprecated - use 'add_parse_action'
    earlier = L("..").addParseAction(f)("lower") + date("upper").addParseAction(f)

.venv/lib/python3.14/site-packages/edtf/parser/grammar.py:304
.venv/lib/python3.14/site-packages/edtf/parser/grammar.py:304
  /home/runner/work/invenio-testrig/invenio-testrig/workdir/tests/invenio-notifications/patched/.venv/lib/python3.14/site-packages/edtf/parser/grammar.py:304: PyparsingDeprecationWarning: 'addParseAction' deprecated - use 'add_parse_action'
    later = date("lower").addParseAction(f) + L("..").addParseAction(f)("upper")

.venv/lib/python3.14/site-packages/edtf/parser/grammar.py:325
  /home/runner/work/invenio-testrig/invenio-testrig/workdir/tests/invenio-notifications/patched/.venv/lib/python3.14/site-packages/edtf/parser/grammar.py:325: PyparsingDeprecationWarning: 'oneOf' deprecated - use 'one_of'
    seasonL2Number = oneOf("21 22 23 24 25 26 27 28 29 30 31 32 33 34 35 36 37 38 39 40 41")

-- Docs: https://docs.pytest.org/en/stable/how-to/capture-warnings.html
================================ tests coverage ================================
_______________ coverage: platform linux, python 3.14.2-final-0 ________________

Name                                               Stmts   Miss  Cover   Missing
--------------------------------------------------------------------------------
invenio_notifications/__init__.py                      4      0   100%
invenio_notifications/backends/__init__.py             3      0   100%
invenio_notifications/backends/base.py                 7      1    86%   23
invenio_notifications/backends/email.py               11      3    73%   26-40
invenio_notifications/backends/utils/__init__.py       2      0   100%
invenio_notifications/backends/utils/loaders.py       14      8    43%   30-58
invenio_notifications/config.py                        8      0   100%
invenio_notifications/errors.py                        7      2    71%   24, 37
invenio_notifications/ext.py                          32      5    84%   57-58, 63-73
invenio_notifications/manager.py                      20     12    40%   35-37, 42-53, 62
invenio_notifications/models.py                        9      2    78%   25, 42
invenio_notifications/proxies.py                       6      0   100%
invenio_notifications/registry.py                      6      1    83%   22
invenio_notifications/services/__init__.py             0      0   100%
invenio_notifications/services/builders.py            37     15    59%   36, 41-44, 49-52, 57-59, 64-67
invenio_notifications/services/filters.py             17      9    47%   22, 30-31, 35-42
invenio_notifications/services/generators.py          42     20    52%   25, 34, 42-43, 46, 50-56, 65, 73, 77-82, 90-92
invenio_notifications/services/uow.py                  7      2    71%   21, 25
invenio_notifications/tasks.py                         9      2    78%   21, 27
invenio_notifications/views.py                        14     10    29%   17-24, 29-49
--------------------------------------------------------------------------------
TOTAL                                                255     92    64%
======================== 2 passed, 42 warnings in 3.06s ========================
 Container docker_services_cli-rabbitmq-1  Stopping
 Container docker_services_cli-opensearch-1  Stopping
 Container docker_services_cli-redis-1  Stopping
 Container docker_services_cli-postgresql-1  Stopping
 Container docker_services_cli-redis-1  Stopped
 Container docker_services_cli-redis-1  Removing
 Container docker_services_cli-postgresql-1  Stopped
 Container docker_services_cli-postgresql-1  Removing
 Container docker_services_cli-postgresql-1  Removed
 Container docker_services_cli-redis-1  Removed
 Container docker_services_cli-opensearch-1  Stopped
 Container docker_services_cli-opensearch-1  Removing
 Container docker_services_cli-opensearch-1  Removed
 Container docker_services_cli-rabbitmq-1  Stopped
 Container docker_services_cli-rabbitmq-1  Removing
 Container docker_services_cli-rabbitmq-1  Removed
 Network docker_services_cli_default  Removing
 Network docker_services_cli_default  Removed
