 postgresql Pulling 
 opensearch Pulling 
 b0a0cf830b12 Pulling fs layer 
 dda3d8fbd5ed Pulling fs layer 
 283a477db7bb Pulling fs layer 
 91d2729fa4d5 Pulling fs layer 
 9739ced65621 Pulling fs layer 
 ae3bb1b347a4 Pulling fs layer 
 f8406d9c00ea Pulling fs layer 
 c199bff16b05 Pulling fs layer 
 e0d55fdb4d15 Pulling fs layer 
 c1cb13b19080 Pulling fs layer 
 873532e5f8c7 Pulling fs layer 
 050d9f8c3b1c Pulling fs layer 
 710e142705f8 Pulling fs layer 
 cb628c265f09 Pulling fs layer 
 91d2729fa4d5 Waiting 
 9739ced65621 Waiting 
 ae3bb1b347a4 Waiting 
 f8406d9c00ea Waiting 
 c199bff16b05 Waiting 
 e0d55fdb4d15 Waiting 
 c1cb13b19080 Waiting 
 873532e5f8c7 Waiting 
 050d9f8c3b1c Waiting 
 710e142705f8 Waiting 
 cb628c265f09 Waiting 
 283a477db7bb Downloading [>                                                  ]  45.83kB/4.533MB
 dda3d8fbd5ed Downloading [==============================>                    ]     720B/1.165kB
 dda3d8fbd5ed Downloading [==================================================>]  1.165kB/1.165kB
 dda3d8fbd5ed Verifying Checksum 
 dda3d8fbd5ed Download complete 
 283a477db7bb Verifying Checksum 
 283a477db7bb Download complete 
 b0a0cf830b12 Downloading [>                                                  ]  294.1kB/29.15MB
 91d2729fa4d5 Downloading [>                                                  ]  15.73kB/1.45MB
 91d2729fa4d5 Verifying Checksum 
 91d2729fa4d5 Download complete 
 b0a0cf830b12 Downloading [=======>                                           ]  4.479MB/29.15MB
 9739ced65621 Downloading [>                                                  ]  84.08kB/8.069MB
 ae3bb1b347a4 Downloading [>                                                  ]     13kB/1.196MB
 9739ced65621 Downloading [==============================>                    ]   4.91MB/8.069MB
 ae3bb1b347a4 Verifying Checksum 
 ae3bb1b347a4 Download complete 
 b0a0cf830b12 Downloading [===========>                                       ]  6.869MB/29.15MB
 f9dd052e142d Pulling fs layer 
 e8c6d4883897 Pulling fs layer 
 648eb81b3252 Pulling fs layer 
 eb77aa907276 Pulling fs layer 
 4f4fb700ef54 Pulling fs layer 
 0ffa8f8aba1e Pulling fs layer 
 2e81b9cb93cd Pulling fs layer 
 f9dd052e142d Waiting 
 e8c6d4883897 Waiting 
 648eb81b3252 Waiting 
 eb77aa907276 Waiting 
 4f4fb700ef54 Waiting 
 0ffa8f8aba1e Waiting 
 2e81b9cb93cd Waiting 
 9739ced65621 Verifying Checksum 
 9739ced65621 Download complete 
 b0a0cf830b12 Downloading [======================>                            ]  12.88MB/29.15MB
 f8406d9c00ea Downloading [==================================================>]     116B/116B
 f8406d9c00ea Verifying Checksum 
 f8406d9c00ea Download complete 
 c199bff16b05 Downloading [===========>                                       ]     720B/3.145kB
 c199bff16b05 Downloading [==================================================>]  3.145kB/3.145kB
 c199bff16b05 Verifying Checksum 
 c199bff16b05 Download complete 
 b0a0cf830b12 Downloading [===============================>                   ]  18.58MB/29.15MB
 b0a0cf830b12 Verifying Checksum 
 b0a0cf830b12 Download complete 
 c1cb13b19080 Downloading [===>                                               ]     687B/9.925kB
 c1cb13b19080 Downloading [==================================================>]  9.925kB/9.925kB
 c1cb13b19080 Verifying Checksum 
 c1cb13b19080 Download complete 
 e0d55fdb4d15 Downloading [>                                                  ]  539.9kB/109MB
 b0a0cf830b12 Extracting [>                                                  ]  294.9kB/29.15MB
 873532e5f8c7 Downloading [==================================================>]     128B/128B
 873532e5f8c7 Verifying Checksum 
 873532e5f8c7 Download complete 
 050d9f8c3b1c Download complete 
 e0d55fdb4d15 Downloading [==>                                                ]  5.361MB/109MB
 b0a0cf830b12 Extracting [==========>                                        ]  6.193MB/29.15MB
 cb628c265f09 Downloading [==================================================>]     184B/184B
 cb628c265f09 Verifying Checksum 
 cb628c265f09 Download complete 
 710e142705f8 Downloading [======>                                            ]     719B/5.421kB
 710e142705f8 Download complete 
 e0d55fdb4d15 Downloading [===>                                               ]  8.568MB/109MB
 b0a0cf830b12 Extracting [=================>                                 ]  10.03MB/29.15MB
 e8c6d4883897 Downloading [>                                                  ]  44.95kB/4.398MB
 f9dd052e142d Downloading [>                                                  ]  528.1kB/52.33MB
 b0a0cf830b12 Extracting [=======================>                           ]  13.86MB/29.15MB
 e0d55fdb4d15 Downloading [=======>                                           ]  15.49MB/109MB
 e8c6d4883897 Downloading [================================>                  ]  2.817MB/4.398MB
 f9dd052e142d Downloading [=======>                                           ]  7.963MB/52.33MB
 e8c6d4883897 Verifying Checksum 
 e8c6d4883897 Download complete 
 b0a0cf830b12 Extracting [=====================================>             ]  21.82MB/29.15MB
 e0d55fdb4d15 Downloading [==========>                                        ]  21.88MB/109MB
 f9dd052e142d Downloading [===============>                                   ]  15.91MB/52.33MB
 648eb81b3252 Downloading [=======================>                           ]     719B/1.561kB
 648eb81b3252 Download complete 
 e0d55fdb4d15 Downloading [==============>                                    ]  32.54MB/109MB
 f9dd052e142d Downloading [==================>                                ]  19.61MB/52.33MB
 b0a0cf830b12 Extracting [==========================================>        ]  24.77MB/29.15MB
 e0d55fdb4d15 Downloading [==================>                                ]     40MB/109MB
 eb77aa907276 Downloading [>                                                  ]  537.6kB/907.7MB
 f9dd052e142d Downloading [=======================>                           ]  24.93MB/52.33MB
 e0d55fdb4d15 Downloading [====================>                              ]  44.27MB/109MB
 b0a0cf830b12 Extracting [===============================================>   ]  27.72MB/29.15MB
 f9dd052e142d Downloading [=================================>                 ]  35.05MB/52.33MB
 eb77aa907276 Downloading [>                                                  ]  6.922MB/907.7MB
 e0d55fdb4d15 Downloading [=====================>                             ]   46.4MB/109MB
 eb77aa907276 Downloading [>                                                  ]   11.2MB/907.7MB
 f9dd052e142d Downloading [=======================================>           ]  40.91MB/52.33MB
 e0d55fdb4d15 Downloading [=======================>                           ]  50.67MB/109MB
 eb77aa907276 Downloading [>                                                  ]  13.34MB/907.7MB
 f9dd052e142d Downloading [==========================================>        ]   44.6MB/52.33MB
 b0a0cf830b12 Extracting [================================================>  ]  28.31MB/29.15MB
 e0d55fdb4d15 Downloading [===========================>                       ]  59.23MB/109MB
 f9dd052e142d Verifying Checksum 
 f9dd052e142d Download complete 
 eb77aa907276 Downloading [>                                                  ]  15.47MB/907.7MB
 f9dd052e142d Extracting [>                                                  ]  524.3kB/52.33MB
 e0d55fdb4d15 Downloading [================================>                  ]  70.95MB/109MB
 b0a0cf830b12 Extracting [==================================================>]  29.15MB/29.15MB
 b0a0cf830b12 Pull complete 
 4f4fb700ef54 Downloading [==================================================>]      32B/32B
 dda3d8fbd5ed Extracting [==================================================>]  1.165kB/1.165kB
 dda3d8fbd5ed Extracting [==================================================>]  1.165kB/1.165kB
 4f4fb700ef54 Verifying Checksum 
 4f4fb700ef54 Download complete 
 eb77aa907276 Downloading [=>                                                 ]  19.75MB/907.7MB
 e0d55fdb4d15 Downloading [===================================>               ]  77.92MB/109MB
 f9dd052e142d Extracting [=>                                                 ]  1.049MB/52.33MB
 e0d55fdb4d15 Downloading [=====================================>             ]  82.74MB/109MB
 eb77aa907276 Downloading [=>                                                 ]  26.71MB/907.7MB
 f9dd052e142d Extracting [====>                                              ]  4.719MB/52.33MB
 0ffa8f8aba1e Downloading [==================================================>]     226B/226B
 0ffa8f8aba1e Verifying Checksum 
 0ffa8f8aba1e Download complete 
 eb77aa907276 Downloading [=>                                                 ]  33.65MB/907.7MB
 e0d55fdb4d15 Downloading [======================================>            ]   83.8MB/109MB
 2e81b9cb93cd Downloading [===================>                               ]     707B/1.859kB
 2e81b9cb93cd Downloading [==================================================>]  1.859kB/1.859kB
 2e81b9cb93cd Verifying Checksum 
 2e81b9cb93cd Download complete 
 f9dd052e142d Extracting [=====>                                             ]  5.767MB/52.33MB
 e0d55fdb4d15 Downloading [=========================================>         ]  90.74MB/109MB
 eb77aa907276 Downloading [==>                                                ]   37.9MB/907.7MB
 f9dd052e142d Extracting [============>                                      ]  13.11MB/52.33MB
 eb77aa907276 Downloading [==>                                                ]  40.57MB/907.7MB
 e0d55fdb4d15 Downloading [============================================>      ]  96.63MB/109MB
 f9dd052e142d Extracting [===================>                               ]  19.92MB/52.33MB
 eb77aa907276 Downloading [==>                                                ]   45.9MB/907.7MB
 e0d55fdb4d15 Downloading [================================================>  ]  105.1MB/109MB
 e0d55fdb4d15 Verifying Checksum 
 e0d55fdb4d15 Download complete 
 f9dd052e142d Extracting [=========================>                         ]  26.74MB/52.33MB
 eb77aa907276 Downloading [===>                                               ]  54.96MB/907.7MB
 f9dd052e142d Extracting [===========================>                       ]  28.31MB/52.33MB
 eb77aa907276 Downloading [===>                                               ]  62.39MB/907.7MB
 eb77aa907276 Downloading [===>                                               ]  65.61MB/907.7MB
 f9dd052e142d Extracting [============================>                      ]  29.88MB/52.33MB
 eb77aa907276 Downloading [===>                                               ]  70.38MB/907.7MB
 f9dd052e142d Extracting [=============================>                     ]  30.93MB/52.33MB
 eb77aa907276 Downloading [====>                                              ]  73.58MB/907.7MB
 f9dd052e142d Extracting [================================>                  ]  33.55MB/52.33MB
 eb77aa907276 Downloading [====>                                              ]  77.85MB/907.7MB
 f9dd052e142d Extracting [==================================>                ]  36.18MB/52.33MB
 eb77aa907276 Downloading [====>                                              ]  85.86MB/907.7MB
 f9dd052e142d Extracting [====================================>              ]  37.75MB/52.33MB
 f9dd052e142d Extracting [======================================>            ]  40.37MB/52.33MB
 eb77aa907276 Downloading [====>                                              ]  90.13MB/907.7MB
 f9dd052e142d Extracting [=========================================>         ]  43.52MB/52.33MB
 eb77aa907276 Downloading [=====>                                             ]  96.02MB/907.7MB
 f9dd052e142d Extracting [============================================>      ]  46.66MB/52.33MB
 eb77aa907276 Downloading [=====>                                             ]  100.8MB/907.7MB
 dda3d8fbd5ed Pull complete 
 283a477db7bb Extracting [>                                                  ]  65.54kB/4.533MB
 f9dd052e142d Extracting [==============================================>    ]  48.76MB/52.33MB
 eb77aa907276 Downloading [=====>                                             ]  106.2MB/907.7MB
 283a477db7bb Extracting [=================================================> ]  4.522MB/4.533MB
 283a477db7bb Extracting [==================================================>]  4.533MB/4.533MB
 eb77aa907276 Downloading [======>                                            ]  117.9MB/907.7MB
 eb77aa907276 Downloading [=======>                                           ]    128MB/907.7MB
 f9dd052e142d Extracting [=================================================> ]  51.38MB/52.33MB
 283a477db7bb Pull complete 
 91d2729fa4d5 Extracting [=>                                                 ]  32.77kB/1.45MB
 eb77aa907276 Downloading [=======>                                           ]    136MB/907.7MB
 91d2729fa4d5 Extracting [==================================================>]   1.45MB/1.45MB
 91d2729fa4d5 Pull complete 
 9739ced65621 Extracting [>                                                  ]   98.3kB/8.069MB
 eb77aa907276 Downloading [=======>                                           ]  143.5MB/907.7MB
 f9dd052e142d Extracting [=================================================> ]   51.9MB/52.33MB
 f9dd052e142d Extracting [==================================================>]  52.33MB/52.33MB
 f9dd052e142d Pull complete 
 e8c6d4883897 Extracting [>                                                  ]  65.54kB/4.398MB
 9739ced65621 Extracting [====================>                              ]  3.342MB/8.069MB
 eb77aa907276 Downloading [========>                                          ]  147.8MB/907.7MB
 e8c6d4883897 Extracting [=========================>                         ]  2.228MB/4.398MB
 9739ced65621 Extracting [==============================>                    ]  4.915MB/8.069MB
 eb77aa907276 Downloading [========>                                          ]  162.2MB/907.7MB
 e8c6d4883897 Extracting [=====================================>             ]  3.277MB/4.398MB
 9739ced65621 Extracting [========================================>          ]  6.488MB/8.069MB
 eb77aa907276 Downloading [=========>                                         ]  173.4MB/907.7MB
 9739ced65621 Extracting [==================================================>]  8.069MB/8.069MB
 e8c6d4883897 Extracting [===========================================>       ]  3.867MB/4.398MB
 e8c6d4883897 Extracting [==================================================>]  4.398MB/4.398MB
 e8c6d4883897 Pull complete 
 9739ced65621 Pull complete 
 648eb81b3252 Extracting [==================================================>]  1.561kB/1.561kB
 648eb81b3252 Extracting [==================================================>]  1.561kB/1.561kB
 ae3bb1b347a4 Extracting [=>                                                 ]  32.77kB/1.196MB
 eb77aa907276 Downloading [==========>                                        ]    183MB/907.7MB
 648eb81b3252 Pull complete 
 ae3bb1b347a4 Extracting [==================================================>]  1.196MB/1.196MB
 ae3bb1b347a4 Extracting [==================================================>]  1.196MB/1.196MB
 ae3bb1b347a4 Pull complete 
 f8406d9c00ea Extracting [==================================================>]     116B/116B
 f8406d9c00ea Extracting [==================================================>]     116B/116B
 f8406d9c00ea Pull complete 
 c199bff16b05 Extracting [==================================================>]  3.145kB/3.145kB
 c199bff16b05 Extracting [==================================================>]  3.145kB/3.145kB
 c199bff16b05 Pull complete 
 eb77aa907276 Downloading [==========>                                        ]  189.9MB/907.7MB
 e0d55fdb4d15 Extracting [>                                                  ]  557.1kB/109MB
 eb77aa907276 Downloading [==========>                                        ]  195.8MB/907.7MB
 e0d55fdb4d15 Extracting [===>                                               ]  7.242MB/109MB
 eb77aa907276 Downloading [===========>                                       ]  202.2MB/907.7MB
 e0d55fdb4d15 Extracting [====>                                              ]  10.58MB/109MB
 eb77aa907276 Downloading [===========>                                       ]  213.9MB/907.7MB
 e0d55fdb4d15 Extracting [=======>                                           ]   15.6MB/109MB
 eb77aa907276 Downloading [============>                                      ]  219.3MB/907.7MB
 e0d55fdb4d15 Extracting [=========>                                         ]  20.05MB/109MB
 eb77aa907276 Downloading [============>                                      ]  225.7MB/907.7MB
 e0d55fdb4d15 Extracting [===========>                                       ]  25.62MB/109MB
 eb77aa907276 Downloading [============>                                      ]  228.9MB/907.7MB
 e0d55fdb4d15 Extracting [===============>                                   ]  33.42MB/109MB
 eb77aa907276 Downloading [============>                                      ]  234.7MB/907.7MB
 e0d55fdb4d15 Extracting [===================>                               ]  42.34MB/109MB
 eb77aa907276 Downloading [=============>                                     ]  240.6MB/907.7MB
 e0d55fdb4d15 Extracting [=======================>                           ]  50.69MB/109MB
 eb77aa907276 Downloading [=============>                                     ]  244.9MB/907.7MB
 e0d55fdb4d15 Extracting [=========================>                         ]  55.15MB/109MB
 eb77aa907276 Downloading [==============>                                    ]  258.2MB/907.7MB
 e0d55fdb4d15 Extracting [===========================>                       ]  60.72MB/109MB
 eb77aa907276 Downloading [===============>                                   ]  273.2MB/907.7MB
 e0d55fdb4d15 Extracting [================================>                  ]  70.75MB/109MB
 eb77aa907276 Downloading [===============>                                   ]  281.1MB/907.7MB
 e0d55fdb4d15 Extracting [====================================>              ]   79.1MB/109MB
 eb77aa907276 Downloading [===============>                                   ]  290.2MB/907.7MB
 e0d55fdb4d15 Extracting [========================================>          ]  87.46MB/109MB
 eb77aa907276 Downloading [================>                                  ]  302.5MB/907.7MB
 e0d55fdb4d15 Extracting [==========================================>        ]  93.03MB/109MB
 eb77aa907276 Downloading [=================>                                 ]  310.4MB/907.7MB
 e0d55fdb4d15 Extracting [============================================>      ]  96.93MB/109MB
 eb77aa907276 Downloading [=================>                                 ]  315.2MB/907.7MB
 e0d55fdb4d15 Extracting [==============================================>    ]  100.3MB/109MB
 eb77aa907276 Downloading [=================>                                 ]  321.6MB/907.7MB
 eb77aa907276 Downloading [==================>                                ]  328.6MB/907.7MB
 e0d55fdb4d15 Extracting [===============================================>   ]  103.6MB/109MB
 eb77aa907276 Downloading [==================>                                ]  337.1MB/907.7MB
 e0d55fdb4d15 Extracting [================================================>  ]  105.3MB/109MB
 eb77aa907276 Downloading [===================>                               ]  347.2MB/907.7MB
 eb77aa907276 Downloading [===================>                               ]  355.7MB/907.7MB
 e0d55fdb4d15 Extracting [=================================================> ]  107.5MB/109MB
 eb77aa907276 Downloading [====================>                              ]  368.5MB/907.7MB
 e0d55fdb4d15 Extracting [=================================================> ]  108.6MB/109MB
 eb77aa907276 Downloading [====================>                              ]  376.5MB/907.7MB
 e0d55fdb4d15 Extracting [==================================================>]    109MB/109MB
 eb77aa907276 Downloading [====================>                              ]  380.8MB/907.7MB
 eb77aa907276 Downloading [=====================>                             ]  387.7MB/907.7MB
 eb77aa907276 Downloading [=====================>                             ]    392MB/907.7MB
 eb77aa907276 Downloading [=====================>                             ]  396.3MB/907.7MB
 eb77aa907276 Downloading [======================>                            ]  406.4MB/907.7MB
 eb77aa907276 Downloading [======================>                            ]  416.5MB/907.7MB
 eb77aa907276 Downloading [=======================>                           ]  427.2MB/907.7MB
 eb77aa907276 Downloading [========================>                          ]  439.5MB/907.7MB
 eb77aa907276 Downloading [========================>                          ]  443.7MB/907.7MB
 eb77aa907276 Downloading [========================>                          ]  447.5MB/907.7MB
 eb77aa907276 Downloading [========================>                          ]  451.7MB/907.7MB
 e0d55fdb4d15 Pull complete 
 c1cb13b19080 Extracting [==================================================>]  9.925kB/9.925kB
 c1cb13b19080 Extracting [==================================================>]  9.925kB/9.925kB
 c1cb13b19080 Pull complete 
 873532e5f8c7 Extracting [==================================================>]     128B/128B
 873532e5f8c7 Extracting [==================================================>]     128B/128B
 873532e5f8c7 Pull complete 
 050d9f8c3b1c Extracting [==================================================>]     169B/169B
 050d9f8c3b1c Extracting [==================================================>]     169B/169B
 050d9f8c3b1c Pull complete 
 710e142705f8 Extracting [==================================================>]  5.421kB/5.421kB
 710e142705f8 Extracting [==================================================>]  5.421kB/5.421kB
 710e142705f8 Pull complete 
 cb628c265f09 Extracting [==================================================>]     184B/184B
 cb628c265f09 Extracting [==================================================>]     184B/184B
 cb628c265f09 Pull complete 
 postgresql Pulled 
 eb77aa907276 Downloading [=========================>                         ]  457.1MB/907.7MB
 eb77aa907276 Downloading [=========================>                         ]  459.7MB/907.7MB
 eb77aa907276 Downloading [=========================>                         ]  460.8MB/907.7MB
 eb77aa907276 Downloading [=========================>                         ]  463.5MB/907.7MB
 eb77aa907276 Downloading [=========================>                         ]  467.7MB/907.7MB
 eb77aa907276 Downloading [==========================>                        ]  474.1MB/907.7MB
 eb77aa907276 Downloading [==========================>                        ]  483.7MB/907.7MB
 eb77aa907276 Downloading [==========================>                        ]  489.1MB/907.7MB
 eb77aa907276 Downloading [===========================>                       ]  498.2MB/907.7MB
 eb77aa907276 Downloading [===========================>                       ]  504.6MB/907.7MB
 eb77aa907276 Downloading [===========================>                       ]  506.7MB/907.7MB
 eb77aa907276 Downloading [============================>                      ]  509.4MB/907.7MB
 eb77aa907276 Downloading [============================>                      ]  514.2MB/907.7MB
 eb77aa907276 Downloading [============================>                      ]  523.3MB/907.7MB
 eb77aa907276 Downloading [=============================>                     ]  532.9MB/907.7MB
 eb77aa907276 Downloading [=============================>                     ]  536.1MB/907.7MB
 eb77aa907276 Downloading [=============================>                     ]  539.8MB/907.7MB
 eb77aa907276 Downloading [==============================>                    ]  546.2MB/907.7MB
 eb77aa907276 Downloading [==============================>                    ]    550MB/907.7MB
 eb77aa907276 Downloading [==============================>                    ]  553.7MB/907.7MB
 eb77aa907276 Downloading [==============================>                    ]    558MB/907.7MB
 eb77aa907276 Downloading [==============================>                    ]  559.6MB/907.7MB
 eb77aa907276 Downloading [==============================>                    ]  561.2MB/907.7MB
 eb77aa907276 Downloading [===============================>                   ]  565.5MB/907.7MB
 eb77aa907276 Downloading [===============================>                   ]  574.5MB/907.7MB
 eb77aa907276 Downloading [================================>                  ]  582.5MB/907.7MB
 eb77aa907276 Downloading [================================>                  ]  586.8MB/907.7MB
 eb77aa907276 Downloading [================================>                  ]  593.2MB/907.7MB
 eb77aa907276 Downloading [=================================>                 ]  601.2MB/907.7MB
 eb77aa907276 Downloading [=================================>                 ]    606MB/907.7MB
 eb77aa907276 Downloading [=================================>                 ]  609.2MB/907.7MB
 eb77aa907276 Downloading [==================================>                ]  618.3MB/907.7MB
 eb77aa907276 Downloading [==================================>                ]  625.2MB/907.7MB
 eb77aa907276 Downloading [==================================>                ]  627.9MB/907.7MB
 eb77aa907276 Downloading [==================================>                ]  634.3MB/907.7MB
 eb77aa907276 Downloading [===================================>               ]  638.5MB/907.7MB
 eb77aa907276 Downloading [===================================>               ]  646.6MB/907.7MB
 eb77aa907276 Downloading [===================================>               ]  651.9MB/907.7MB
 eb77aa907276 Downloading [====================================>              ]  655.6MB/907.7MB
 eb77aa907276 Downloading [====================================>              ]  664.1MB/907.7MB
 eb77aa907276 Downloading [====================================>              ]  668.9MB/907.7MB
 eb77aa907276 Downloading [=====================================>             ]  674.3MB/907.7MB
 eb77aa907276 Downloading [=====================================>             ]  687.7MB/907.7MB
 eb77aa907276 Downloading [======================================>            ]    693MB/907.7MB
 eb77aa907276 Downloading [======================================>            ]  699.9MB/907.7MB
 eb77aa907276 Downloading [======================================>            ]  706.8MB/907.7MB
 eb77aa907276 Downloading [=======================================>           ]  711.6MB/907.7MB
 eb77aa907276 Downloading [=======================================>           ]  717.5MB/907.7MB
 eb77aa907276 Downloading [=======================================>           ]  723.3MB/907.7MB
 eb77aa907276 Downloading [========================================>          ]  727.1MB/907.7MB
 eb77aa907276 Downloading [========================================>          ]  730.3MB/907.7MB
 eb77aa907276 Downloading [========================================>          ]  731.9MB/907.7MB
 eb77aa907276 Downloading [========================================>          ]  737.2MB/907.7MB
 eb77aa907276 Downloading [=========================================>         ]  746.3MB/907.7MB
 eb77aa907276 Downloading [=========================================>         ]  749.5MB/907.7MB
 eb77aa907276 Downloading [=========================================>         ]  752.1MB/907.7MB
 eb77aa907276 Downloading [=========================================>         ]  755.9MB/907.7MB
 eb77aa907276 Downloading [=========================================>         ]  760.7MB/907.7MB
 eb77aa907276 Downloading [==========================================>        ]    766MB/907.7MB
 eb77aa907276 Downloading [==========================================>        ]  772.4MB/907.7MB
 eb77aa907276 Downloading [===========================================>       ]    781MB/907.7MB
 eb77aa907276 Downloading [===========================================>       ]  784.7MB/907.7MB
 eb77aa907276 Downloading [===========================================>       ]  787.9MB/907.7MB
 eb77aa907276 Downloading [===========================================>       ]  791.1MB/907.7MB
 eb77aa907276 Downloading [===========================================>       ]  793.2MB/907.7MB
 eb77aa907276 Downloading [===========================================>       ]  794.8MB/907.7MB
 eb77aa907276 Downloading [===========================================>       ]  795.9MB/907.7MB
 eb77aa907276 Downloading [============================================>      ]  799.6MB/907.7MB
 eb77aa907276 Downloading [============================================>      ]  802.8MB/907.7MB
 eb77aa907276 Downloading [============================================>      ]  805.5MB/907.7MB
 eb77aa907276 Downloading [============================================>      ]  808.7MB/907.7MB
 eb77aa907276 Downloading [============================================>      ]  809.8MB/907.7MB
 eb77aa907276 Downloading [============================================>      ]    814MB/907.7MB
 eb77aa907276 Downloading [=============================================>     ]  820.9MB/907.7MB
 eb77aa907276 Downloading [=============================================>     ]  827.9MB/907.7MB
 eb77aa907276 Downloading [==============================================>    ]  835.9MB/907.7MB
 eb77aa907276 Downloading [==============================================>    ]  837.5MB/907.7MB
 eb77aa907276 Downloading [==============================================>    ]  841.8MB/907.7MB
 eb77aa907276 Downloading [==============================================>    ]    846MB/907.7MB
 eb77aa907276 Downloading [==============================================>    ]  848.7MB/907.7MB
 eb77aa907276 Downloading [==============================================>    ]  852.4MB/907.7MB
 eb77aa907276 Downloading [===============================================>   ]  858.3MB/907.7MB
 eb77aa907276 Downloading [===============================================>   ]  861.5MB/907.7MB
 eb77aa907276 Downloading [===============================================>   ]  865.8MB/907.7MB
 eb77aa907276 Downloading [================================================>  ]  872.7MB/907.7MB
 eb77aa907276 Downloading [================================================>  ]  876.5MB/907.7MB
 eb77aa907276 Downloading [================================================>  ]  881.3MB/907.7MB
 eb77aa907276 Downloading [=================================================> ]  890.9MB/907.7MB
 eb77aa907276 Downloading [=================================================> ]  896.2MB/907.7MB
 eb77aa907276 Downloading [=================================================> ]  901.5MB/907.7MB
 eb77aa907276 Verifying Checksum 
 eb77aa907276 Download complete 
 eb77aa907276 Extracting [>                                                  ]  557.1kB/907.7MB
 eb77aa907276 Extracting [=>                                                 ]  23.95MB/907.7MB
 eb77aa907276 Extracting [==>                                                ]  46.24MB/907.7MB
 eb77aa907276 Extracting [===>                                               ]  70.19MB/907.7MB
 eb77aa907276 Extracting [====>                                              ]  81.89MB/907.7MB
 eb77aa907276 Extracting [=====>                                             ]  94.14MB/907.7MB
 eb77aa907276 Extracting [=====>                                             ]  102.5MB/907.7MB
 eb77aa907276 Extracting [======>                                            ]  111.4MB/907.7MB
 eb77aa907276 Extracting [======>                                            ]  120.3MB/907.7MB
 eb77aa907276 Extracting [=======>                                           ]  128.7MB/907.7MB
 eb77aa907276 Extracting [=======>                                           ]    137MB/907.7MB
 eb77aa907276 Extracting [=======>                                           ]  144.3MB/907.7MB
 eb77aa907276 Extracting [========>                                          ]  152.1MB/907.7MB
 eb77aa907276 Extracting [========>                                          ]  161.5MB/907.7MB
 eb77aa907276 Extracting [==========>                                        ]  182.7MB/907.7MB
 eb77aa907276 Extracting [===========>                                       ]    205MB/907.7MB
 eb77aa907276 Extracting [===========>                                       ]  216.1MB/907.7MB
 eb77aa907276 Extracting [============>                                      ]  227.8MB/907.7MB
 eb77aa907276 Extracting [=============>                                     ]  237.3MB/907.7MB
 eb77aa907276 Extracting [=============>                                     ]  250.1MB/907.7MB
 eb77aa907276 Extracting [==============>                                    ]  269.6MB/907.7MB
 eb77aa907276 Extracting [================>                                  ]    293MB/907.7MB
 eb77aa907276 Extracting [=================>                                 ]  315.3MB/907.7MB
 eb77aa907276 Extracting [==================>                                ]  335.9MB/907.7MB
 eb77aa907276 Extracting [===================>                               ]    356MB/907.7MB
 eb77aa907276 Extracting [====================>                              ]  364.9MB/907.7MB
 eb77aa907276 Extracting [====================>                              ]  372.1MB/907.7MB
 eb77aa907276 Extracting [=====================>                             ]  389.4MB/907.7MB
 eb77aa907276 Extracting [======================>                            ]  410.6MB/907.7MB
 eb77aa907276 Extracting [========================>                          ]  437.3MB/907.7MB
 eb77aa907276 Extracting [=========================>                         ]  465.1MB/907.7MB
 eb77aa907276 Extracting [===========================>                       ]  492.4MB/907.7MB
 eb77aa907276 Extracting [============================>                      ]  520.8MB/907.7MB
 eb77aa907276 Extracting [==============================>                    ]  545.9MB/907.7MB
 eb77aa907276 Extracting [===============================>                   ]  574.3MB/907.7MB
 eb77aa907276 Extracting [=================================>                 ]  599.9MB/907.7MB
 eb77aa907276 Extracting [==================================>                ]  625.6MB/907.7MB
 eb77aa907276 Extracting [===================================>               ]  653.4MB/907.7MB
 eb77aa907276 Extracting [=====================================>             ]  680.7MB/907.7MB
 eb77aa907276 Extracting [=======================================>           ]    708MB/907.7MB
 eb77aa907276 Extracting [========================================>          ]  732.5MB/907.7MB
 eb77aa907276 Extracting [=========================================>         ]  753.7MB/907.7MB
 eb77aa907276 Extracting [==========================================>        ]  774.9MB/907.7MB
 eb77aa907276 Extracting [===========================================>       ]  795.5MB/907.7MB
 eb77aa907276 Extracting [============================================>      ]  816.6MB/907.7MB
 eb77aa907276 Extracting [=============================================>     ]  833.9MB/907.7MB
 eb77aa907276 Extracting [===============================================>   ]  853.4MB/907.7MB
 eb77aa907276 Extracting [================================================>  ]  874.6MB/907.7MB
 eb77aa907276 Extracting [=================================================> ]  896.9MB/907.7MB
 eb77aa907276 Extracting [==================================================>]  907.7MB/907.7MB
 eb77aa907276 Pull complete 
 4f4fb700ef54 Extracting [==================================================>]      32B/32B
 4f4fb700ef54 Extracting [==================================================>]      32B/32B
 4f4fb700ef54 Pull complete 
 0ffa8f8aba1e Extracting [==================================================>]     226B/226B
 0ffa8f8aba1e Extracting [==================================================>]     226B/226B
 0ffa8f8aba1e Pull complete 
 2e81b9cb93cd Extracting [==================================================>]  1.859kB/1.859kB
 2e81b9cb93cd Extracting [==================================================>]  1.859kB/1.859kB
 2e81b9cb93cd Pull complete 
 opensearch Pulled 
 Network docker_services_cli_default  Creating
 Network docker_services_cli_default  Created
 Container docker_services_cli-postgresql-1  Creating
 Container docker_services_cli-opensearch-1  Creating
 Container docker_services_cli-opensearch-1  Created
 Container docker_services_cli-postgresql-1  Created
 Container docker_services_cli-postgresql-1  Starting
 Container docker_services_cli-opensearch-1  Starting
 Container docker_services_cli-postgresql-1  Started
 Container docker_services_cli-opensearch-1  Started
::warning file=/home/runner/work/invenio-testrig/invenio-testrig/workdir/tests/invenio-banners/patched/.venv/lib/python3.14/site-packages/edtf/parser/grammar.py,line=9::'enablePackrat' deprecated - use 'enable_packrat'
::warning file=/home/runner/work/invenio-testrig/invenio-testrig/workdir/tests/invenio-banners/patched/.venv/lib/python3.14/site-packages/edtf/parser/grammar.py,line=52::'oneOf' deprecated - use 'one_of'
::warning file=/home/runner/work/invenio-testrig/invenio-testrig/workdir/tests/invenio-banners/patched/.venv/lib/python3.14/site-packages/edtf/parser/grammar.py,line=53::'oneOf' deprecated - use 'one_of'
::warning file=/home/runner/work/invenio-testrig/invenio-testrig/workdir/tests/invenio-banners/patched/.venv/lib/python3.14/site-packages/edtf/parser/grammar.py,line=54::'oneOf' deprecated - use 'one_of'
::warning file=/home/runner/work/invenio-testrig/invenio-testrig/workdir/tests/invenio-banners/patched/.venv/lib/python3.14/site-packages/edtf/parser/grammar.py,line=55::'oneOf' deprecated - use 'one_of'
::warning file=/home/runner/work/invenio-testrig/invenio-testrig/workdir/tests/invenio-banners/patched/.venv/lib/python3.14/site-packages/edtf/parser/grammar.py,line=56::'oneOf' deprecated - use 'one_of'
::warning file=/home/runner/work/invenio-testrig/invenio-testrig/workdir/tests/invenio-banners/patched/.venv/lib/python3.14/site-packages/edtf/parser/grammar.py,line=57::'oneOf' deprecated - use 'one_of'
::warning file=/home/runner/work/invenio-testrig/invenio-testrig/workdir/tests/invenio-banners/patched/.venv/lib/python3.14/site-packages/edtf/parser/grammar.py,line=58::'oneOf' deprecated - use 'one_of'
::warning file=/home/runner/work/invenio-testrig/invenio-testrig/workdir/tests/invenio-banners/patched/.venv/lib/python3.14/site-packages/edtf/parser/grammar.py,line=59::'oneOf' deprecated - use 'one_of'
::warning file=/home/runner/work/invenio-testrig/invenio-testrig/workdir/tests/invenio-banners/patched/.venv/lib/python3.14/site-packages/edtf/parser/grammar.py,line=60::'oneOf' deprecated - use 'one_of'
::warning file=/home/runner/work/invenio-testrig/invenio-testrig/workdir/tests/invenio-banners/patched/.venv/lib/python3.14/site-packages/edtf/parser/grammar.py,line=63::'excludeChars' argument is deprecated, use 'exclude_chars'
::warning file=/home/runner/work/invenio-testrig/invenio-testrig/workdir/tests/invenio-banners/patched/.venv/lib/python3.14/site-packages/edtf/parser/grammar.py,line=73::'oneOf' deprecated - use 'one_of'
::warning file=/home/runner/work/invenio-testrig/invenio-testrig/workdir/tests/invenio-banners/patched/.venv/lib/python3.14/site-packages/edtf/parser/grammar.py,line=74::'oneOf' deprecated - use 'one_of'
::warning file=/home/runner/work/invenio-testrig/invenio-testrig/workdir/tests/invenio-banners/patched/.venv/lib/python3.14/site-packages/edtf/parser/parser_classes.py,line=103::'addParseAction' deprecated - use 'add_parse_action'
::warning file=/home/runner/work/invenio-testrig/invenio-testrig/workdir/tests/invenio-banners/patched/.venv/lib/python3.14/site-packages/edtf/parser/parser_classes.py,line=103::'addParseAction' deprecated - use 'add_parse_action'
::warning file=/home/runner/work/invenio-testrig/invenio-testrig/workdir/tests/invenio-banners/patched/.venv/lib/python3.14/site-packages/edtf/parser/parser_classes.py,line=103::'addParseAction' deprecated - use 'add_parse_action'
::warning file=/home/runner/work/invenio-testrig/invenio-testrig/workdir/tests/invenio-banners/patched/.venv/lib/python3.14/site-packages/edtf/parser/grammar.py,line=119::'oneOf' deprecated - use 'one_of'
::warning file=/home/runner/work/invenio-testrig/invenio-testrig/workdir/tests/invenio-banners/patched/.venv/lib/python3.14/site-packages/edtf/parser/parser_classes.py,line=103::'addParseAction' deprecated - use 'add_parse_action'
::warning file=/home/runner/work/invenio-testrig/invenio-testrig/workdir/tests/invenio-banners/patched/.venv/lib/python3.14/site-packages/edtf/parser/grammar.py,line=122::'oneOf' deprecated - use 'one_of'
::warning file=/home/runner/work/invenio-testrig/invenio-testrig/workdir/tests/invenio-banners/patched/.venv/lib/python3.14/site-packages/edtf/parser/parser_classes.py,line=103::'addParseAction' deprecated - use 'add_parse_action'
::warning file=/home/runner/work/invenio-testrig/invenio-testrig/workdir/tests/invenio-banners/patched/.venv/lib/python3.14/site-packages/edtf/parser/parser_classes.py,line=103::'addParseAction' deprecated - use 'add_parse_action'
::warning file=/home/runner/work/invenio-testrig/invenio-testrig/workdir/tests/invenio-banners/patched/.venv/lib/python3.14/site-packages/edtf/parser/grammar.py,line=155::'addParseAction' deprecated - use 'add_parse_action'
::warning file=/home/runner/work/invenio-testrig/invenio-testrig/workdir/tests/invenio-banners/patched/.venv/lib/python3.14/site-packages/edtf/parser/grammar.py,line=157::'addParseAction' deprecated - use 'add_parse_action'
::warning file=/home/runner/work/invenio-testrig/invenio-testrig/workdir/tests/invenio-banners/patched/.venv/lib/python3.14/site-packages/edtf/parser/parser_classes.py,line=103::'addParseAction' deprecated - use 'add_parse_action'
::warning file=/home/runner/work/invenio-testrig/invenio-testrig/workdir/tests/invenio-banners/patched/.venv/lib/python3.14/site-packages/edtf/parser/parser_classes.py,line=103::'addParseAction' deprecated - use 'add_parse_action'
::warning file=/home/runner/work/invenio-testrig/invenio-testrig/workdir/tests/invenio-banners/patched/.venv/lib/python3.14/site-packages/edtf/parser/parser_classes.py,line=103::'addParseAction' deprecated - use 'add_parse_action'
::warning file=/home/runner/work/invenio-testrig/invenio-testrig/workdir/tests/invenio-banners/patched/.venv/lib/python3.14/site-packages/edtf/parser/grammar.py,line=199::'oneOf' deprecated - use 'one_of'
::warning file=/home/runner/work/invenio-testrig/invenio-testrig/workdir/tests/invenio-banners/patched/.venv/lib/python3.14/site-packages/edtf/parser/parser_classes.py,line=103::'addParseAction' deprecated - use 'add_parse_action'
::warning file=/home/runner/work/invenio-testrig/invenio-testrig/workdir/tests/invenio-banners/patched/.venv/lib/python3.14/site-packages/edtf/parser/parser_classes.py,line=103::'addParseAction' deprecated - use 'add_parse_action'
::warning file=/home/runner/work/invenio-testrig/invenio-testrig/workdir/tests/invenio-banners/patched/.venv/lib/python3.14/site-packages/edtf/parser/parser_classes.py,line=103::'addParseAction' deprecated - use 'add_parse_action'
::warning file=/home/runner/work/invenio-testrig/invenio-testrig/workdir/tests/invenio-banners/patched/.venv/lib/python3.14/site-packages/edtf/parser/parser_classes.py,line=103::'addParseAction' deprecated - use 'add_parse_action'
::warning file=/home/runner/work/invenio-testrig/invenio-testrig/workdir/tests/invenio-banners/patched/.venv/lib/python3.14/site-packages/edtf/parser/parser_classes.py,line=103::'addParseAction' deprecated - use 'add_parse_action'
::warning file=/home/runner/work/invenio-testrig/invenio-testrig/workdir/tests/invenio-banners/patched/.venv/lib/python3.14/site-packages/edtf/parser/grammar.py,line=303::'addParseAction' deprecated - use 'add_parse_action'
::warning file=/home/runner/work/invenio-testrig/invenio-testrig/workdir/tests/invenio-banners/patched/.venv/lib/python3.14/site-packages/edtf/parser/grammar.py,line=303::'addParseAction' deprecated - use 'add_parse_action'
::warning file=/home/runner/work/invenio-testrig/invenio-testrig/workdir/tests/invenio-banners/patched/.venv/lib/python3.14/site-packages/edtf/parser/grammar.py,line=304::'addParseAction' deprecated - use 'add_parse_action'
::warning file=/home/runner/work/invenio-testrig/invenio-testrig/workdir/tests/invenio-banners/patched/.venv/lib/python3.14/site-packages/edtf/parser/grammar.py,line=304::'addParseAction' deprecated - use 'add_parse_action'
::warning file=/home/runner/work/invenio-testrig/invenio-testrig/workdir/tests/invenio-banners/patched/.venv/lib/python3.14/site-packages/edtf/parser/parser_classes.py,line=103::'addParseAction' deprecated - use 'add_parse_action'
::warning file=/home/runner/work/invenio-testrig/invenio-testrig/workdir/tests/invenio-banners/patched/.venv/lib/python3.14/site-packages/edtf/parser/parser_classes.py,line=103::'addParseAction' deprecated - use 'add_parse_action'
::warning file=/home/runner/work/invenio-testrig/invenio-testrig/workdir/tests/invenio-banners/patched/.venv/lib/python3.14/site-packages/edtf/parser/parser_classes.py,line=103::'addParseAction' deprecated - use 'add_parse_action'
::warning file=/home/runner/work/invenio-testrig/invenio-testrig/workdir/tests/invenio-banners/patched/.venv/lib/python3.14/site-packages/edtf/parser/parser_classes.py,line=103::'addParseAction' deprecated - use 'add_parse_action'
::warning file=/home/runner/work/invenio-testrig/invenio-testrig/workdir/tests/invenio-banners/patched/.venv/lib/python3.14/site-packages/edtf/parser/grammar.py,line=325::'oneOf' deprecated - use 'one_of'
::warning file=/home/runner/work/invenio-testrig/invenio-testrig/workdir/tests/invenio-banners/patched/.venv/lib/python3.14/site-packages/edtf/parser/parser_classes.py,line=103::'addParseAction' deprecated - use 'add_parse_action'
============================= test session starts ==============================
platform linux -- Python 3.14.2, pytest-8.4.2, pluggy-1.6.0
rootdir: /home/runner/work/invenio-testrig/invenio-testrig/workdir/tests/invenio-banners/patched
configfile: setup.cfg
testpaths: tests, invenio_banners
plugins: invenio-4.0.0, isort-4.0.0, flask-1.3.0, github-actions-annotate-failures-0.3.0, pydocstyle-2.4.0, cov-7.0.0, black-0.6.0, pycodestyle-2.5.0
collected 47 items

tests/records/test_disable.py .                                          [  2%]
tests/records/test_models.py .::warning file=/home/runner/work/invenio-testrig/invenio-testrig/workdir/tests/invenio-banners/patched/.venv/lib/python3.14/site-packages/invenio_rest/ext.py,line=29::CSRF validation will be enabled by default in the version 1.3.x
..........                                 [ 25%]
tests/resources/test_resources.py .::warning file=/home/runner/work/invenio-testrig/invenio-testrig/workdir/tests/invenio-banners/patched/.venv/lib/python3.14/site-packages/invenio_rest/ext.py,line=29::CSRF validation will be enabled by default in the version 1.3.x
................                      [ 61%]
tests/services/test_services.py .::warning file=/home/runner/work/invenio-testrig/invenio-testrig/workdir/tests/invenio-banners/patched/.venv/lib/python3.14/site-packages/invenio_rest/ext.py,line=29::CSRF validation will be enabled by default in the version 1.3.x
..............                          [ 93%]
tests/test_invenio_banners.py ..                                         [ 97%]
tests/test_macro.py .::warning file=/home/runner/work/invenio-testrig/invenio-testrig/workdir/tests/invenio-banners/patched/.venv/lib/python3.14/site-packages/invenio_rest/ext.py,line=29::CSRF validation will be enabled by default in the version 1.3.x
                                                    [100%]

=============================== warnings summary ===============================
.venv/lib/python3.14/site-packages/edtf/parser/grammar.py:9
  /home/runner/work/invenio-testrig/invenio-testrig/workdir/tests/invenio-banners/patched/.venv/lib/python3.14/site-packages/edtf/parser/grammar.py:9: PyparsingDeprecationWarning: 'enablePackrat' deprecated - use 'enable_packrat'
    pyparsing.ParserElement.enablePackrat()

.venv/lib/python3.14/site-packages/edtf/parser/grammar.py:52
  /home/runner/work/invenio-testrig/invenio-testrig/workdir/tests/invenio-banners/patched/.venv/lib/python3.14/site-packages/edtf/parser/grammar.py:52: PyparsingDeprecationWarning: 'oneOf' deprecated - use 'one_of'
    oneThru12 = oneOf(["%.2d" % i for i in range(1, 13)])

.venv/lib/python3.14/site-packages/edtf/parser/grammar.py:53
  /home/runner/work/invenio-testrig/invenio-testrig/workdir/tests/invenio-banners/patched/.venv/lib/python3.14/site-packages/edtf/parser/grammar.py:53: PyparsingDeprecationWarning: 'oneOf' deprecated - use 'one_of'
    oneThru13 = oneOf(["%.2d" % i for i in range(1, 14)])

.venv/lib/python3.14/site-packages/edtf/parser/grammar.py:54
  /home/runner/work/invenio-testrig/invenio-testrig/workdir/tests/invenio-banners/patched/.venv/lib/python3.14/site-packages/edtf/parser/grammar.py:54: PyparsingDeprecationWarning: 'oneOf' deprecated - use 'one_of'
    oneThru23 = oneOf(["%.2d" % i for i in range(1, 24)])

.venv/lib/python3.14/site-packages/edtf/parser/grammar.py:55
  /home/runner/work/invenio-testrig/invenio-testrig/workdir/tests/invenio-banners/patched/.venv/lib/python3.14/site-packages/edtf/parser/grammar.py:55: PyparsingDeprecationWarning: 'oneOf' deprecated - use 'one_of'
    zeroThru23 = oneOf(["%.2d" % i for i in range(0, 24)])

.venv/lib/python3.14/site-packages/edtf/parser/grammar.py:56
  /home/runner/work/invenio-testrig/invenio-testrig/workdir/tests/invenio-banners/patched/.venv/lib/python3.14/site-packages/edtf/parser/grammar.py:56: PyparsingDeprecationWarning: 'oneOf' deprecated - use 'one_of'
    oneThru29 = oneOf(["%.2d" % i for i in range(1, 30)])

.venv/lib/python3.14/site-packages/edtf/parser/grammar.py:57
  /home/runner/work/invenio-testrig/invenio-testrig/workdir/tests/invenio-banners/patched/.venv/lib/python3.14/site-packages/edtf/parser/grammar.py:57: PyparsingDeprecationWarning: 'oneOf' deprecated - use 'one_of'
    oneThru30 = oneOf(["%.2d" % i for i in range(1, 31)])

.venv/lib/python3.14/site-packages/edtf/parser/grammar.py:58
  /home/runner/work/invenio-testrig/invenio-testrig/workdir/tests/invenio-banners/patched/.venv/lib/python3.14/site-packages/edtf/parser/grammar.py:58: PyparsingDeprecationWarning: 'oneOf' deprecated - use 'one_of'
    oneThru31 = oneOf(["%.2d" % i for i in range(1, 32)])

.venv/lib/python3.14/site-packages/edtf/parser/grammar.py:59
  /home/runner/work/invenio-testrig/invenio-testrig/workdir/tests/invenio-banners/patched/.venv/lib/python3.14/site-packages/edtf/parser/grammar.py:59: PyparsingDeprecationWarning: 'oneOf' deprecated - use 'one_of'
    oneThru59 = oneOf(["%.2d" % i for i in range(1, 60)])

.venv/lib/python3.14/site-packages/edtf/parser/grammar.py:60
  /home/runner/work/invenio-testrig/invenio-testrig/workdir/tests/invenio-banners/patched/.venv/lib/python3.14/site-packages/edtf/parser/grammar.py:60: PyparsingDeprecationWarning: 'oneOf' deprecated - use 'one_of'
    zeroThru59 = oneOf(["%.2d" % i for i in range(0, 60)])

.venv/lib/python3.14/site-packages/edtf/parser/grammar.py:63
  /home/runner/work/invenio-testrig/invenio-testrig/workdir/tests/invenio-banners/patched/.venv/lib/python3.14/site-packages/edtf/parser/grammar.py:63: PyparsingDeprecationWarning: 'excludeChars' argument is deprecated, use 'exclude_chars'
    positiveDigit = Word(nums, exact=1, excludeChars="0")

.venv/lib/python3.14/site-packages/edtf/parser/grammar.py:73
  /home/runner/work/invenio-testrig/invenio-testrig/workdir/tests/invenio-banners/patched/.venv/lib/python3.14/site-packages/edtf/parser/grammar.py:73: PyparsingDeprecationWarning: 'oneOf' deprecated - use 'one_of'
    (oneOf("01 03 05 07 08 10 12")("month") + "-" + oneThru31("day"))

.venv/lib/python3.14/site-packages/edtf/parser/grammar.py:74
  /home/runner/work/invenio-testrig/invenio-testrig/workdir/tests/invenio-banners/patched/.venv/lib/python3.14/site-packages/edtf/parser/grammar.py:74: PyparsingDeprecationWarning: 'oneOf' deprecated - use 'one_of'
    ^ (oneOf("04 06 09 11")("month") + "-" + oneThru30("day"))

.venv/lib/python3.14/site-packages/edtf/parser/parser_classes.py:103: 19 warnings
  /home/runner/work/invenio-testrig/invenio-testrig/workdir/tests/invenio-banners/patched/.venv/lib/python3.14/site-packages/edtf/parser/parser_classes.py:103: PyparsingDeprecationWarning: 'addParseAction' deprecated - use 'add_parse_action'
    p.addParseAction(cls.parse_action)

.venv/lib/python3.14/site-packages/edtf/parser/grammar.py:119
  /home/runner/work/invenio-testrig/invenio-testrig/workdir/tests/invenio-banners/patched/.venv/lib/python3.14/site-packages/edtf/parser/grammar.py:119: PyparsingDeprecationWarning: 'oneOf' deprecated - use 'one_of'
    UASymbol = Combine(oneOf("? ~ %"))

.venv/lib/python3.14/site-packages/edtf/parser/grammar.py:122
  /home/runner/work/invenio-testrig/invenio-testrig/workdir/tests/invenio-banners/patched/.venv/lib/python3.14/site-packages/edtf/parser/grammar.py:122: PyparsingDeprecationWarning: 'oneOf' deprecated - use 'one_of'
    seasonNumber = oneOf("21 22 23 24")

.venv/lib/python3.14/site-packages/edtf/parser/grammar.py:155
  /home/runner/work/invenio-testrig/invenio-testrig/workdir/tests/invenio-banners/patched/.venv/lib/python3.14/site-packages/edtf/parser/grammar.py:155: PyparsingDeprecationWarning: 'addParseAction' deprecated - use 'add_parse_action'
    l1Start.addParseAction(f)

.venv/lib/python3.14/site-packages/edtf/parser/grammar.py:157
  /home/runner/work/invenio-testrig/invenio-testrig/workdir/tests/invenio-banners/patched/.venv/lib/python3.14/site-packages/edtf/parser/grammar.py:157: PyparsingDeprecationWarning: 'addParseAction' deprecated - use 'add_parse_action'
    l1End.addParseAction(f)

.venv/lib/python3.14/site-packages/edtf/parser/grammar.py:199
  /home/runner/work/invenio-testrig/invenio-testrig/workdir/tests/invenio-banners/patched/.venv/lib/python3.14/site-packages/edtf/parser/grammar.py:199: PyparsingDeprecationWarning: 'oneOf' deprecated - use 'one_of'
    monthWithX = Combine(oneOf("0X 1X") ^ ("X" + digitOrX))("month")

.venv/lib/python3.14/site-packages/edtf/parser/grammar.py:303
.venv/lib/python3.14/site-packages/edtf/parser/grammar.py:303
  /home/runner/work/invenio-testrig/invenio-testrig/workdir/tests/invenio-banners/patched/.venv/lib/python3.14/site-packages/edtf/parser/grammar.py:303: PyparsingDeprecationWarning: 'addParseAction' deprecated - use 'add_parse_action'
    earlier = L("..").addParseAction(f)("lower") + date("upper").addParseAction(f)

.venv/lib/python3.14/site-packages/edtf/parser/grammar.py:304
.venv/lib/python3.14/site-packages/edtf/parser/grammar.py:304
  /home/runner/work/invenio-testrig/invenio-testrig/workdir/tests/invenio-banners/patched/.venv/lib/python3.14/site-packages/edtf/parser/grammar.py:304: PyparsingDeprecationWarning: 'addParseAction' deprecated - use 'add_parse_action'
    later = date("lower").addParseAction(f) + L("..").addParseAction(f)("upper")

.venv/lib/python3.14/site-packages/edtf/parser/grammar.py:325
  /home/runner/work/invenio-testrig/invenio-testrig/workdir/tests/invenio-banners/patched/.venv/lib/python3.14/site-packages/edtf/parser/grammar.py:325: PyparsingDeprecationWarning: 'oneOf' deprecated - use 'one_of'
    seasonL2Number = oneOf("21 22 23 24 25 26 27 28 29 30 31 32 33 34 35 36 37 38 39 40 41")

tests/records/test_models.py::test_get_with_sub_path
tests/resources/test_resources.py::test_create_is_forbidden
tests/services/test_services.py::test_banner_creation
tests/test_macro.py::test_jinja_macro
  /home/runner/work/invenio-testrig/invenio-testrig/workdir/tests/invenio-banners/patched/.venv/lib/python3.14/site-packages/invenio_rest/ext.py:29: FutureWarning: CSRF validation will be enabled by default in the version 1.3.x
    self.init_app(app)

-- Docs: https://docs.pytest.org/en/stable/how-to/capture-warnings.html
================================ tests coverage ================================
_______________ coverage: platform linux, python 3.14.2-final-0 ________________

Name                                                                      Stmts   Miss  Cover   Missing
-------------------------------------------------------------------------------------------------------
invenio_banners/__init__.py                                                   3      0   100%
invenio_banners/administration/__init__.py                                    0      0   100%
invenio_banners/administration/banners.py                                    49      0   100%
invenio_banners/alembic/3bfaeb3d8eff_change_datetime_types.py                17     10    41%   25-29, 34-38
invenio_banners/alembic/5e02314da32e_create_invenio_banners_db_table.py      10      2    80%   23, 42
invenio_banners/alembic/e40d93d99040_create_invenio_banners_branch.py        10      2    80%   22, 27
invenio_banners/config.py                                                    10      0   100%
invenio_banners/ext.py                                                       26      0   100%
invenio_banners/proxies.py                                                    6      0   100%
invenio_banners/records/__init__.py                                           2      0   100%
invenio_banners/records/models.py                                            62      0   100%
invenio_banners/resources/__init__.py                                         3      0   100%
invenio_banners/resources/config.py                                          16      0   100%
invenio_banners/resources/errors.py                                          15      1    93%   36
invenio_banners/resources/resource.py                                        41      0   100%
invenio_banners/services/__init__.py                                          4      0   100%
invenio_banners/services/config.py                                           22      0   100%
invenio_banners/services/permissions.py                                      10      0   100%
invenio_banners/services/results.py                                          40      0   100%
invenio_banners/services/schemas.py                                          20      1    95%   38
invenio_banners/services/service.py                                          67      5    93%   158-162
invenio_banners/utils.py                                                     21      8    62%   28, 45-52
invenio_banners/views.py                                                      3      0   100%
-------------------------------------------------------------------------------------------------------
TOTAL                                                                       457     29    94%
======================= 47 passed, 46 warnings in 7.84s ========================
 Container docker_services_cli-postgresql-1  Stopping
 Container docker_services_cli-opensearch-1  Stopping
 Container docker_services_cli-postgresql-1  Stopped
 Container docker_services_cli-postgresql-1  Removing
 Container docker_services_cli-opensearch-1  Stopped
 Container docker_services_cli-opensearch-1  Removing
 Container docker_services_cli-opensearch-1  Removed
 Container docker_services_cli-postgresql-1  Removed
 Network docker_services_cli_default  Removing
 Network docker_services_cli_default  Removed
